Component: ARM Compiler 5.06 update 7 (build 960) Tool: armlink [4d3601]

==============================================================================

Section Cross References

    startup_stm32f407xx.o(STACK) refers (Special) to heapauxi.o(.text) for __use_two_region_memory
    startup_stm32f407xx.o(HEAP) refers (Special) to heapauxi.o(.text) for __use_two_region_memory
    startup_stm32f407xx.o(RESET) refers (Special) to heapauxi.o(.text) for __use_two_region_memory
    startup_stm32f407xx.o(RESET) refers to startup_stm32f407xx.o(STACK) for __initial_sp
    startup_stm32f407xx.o(RESET) refers to startup_stm32f407xx.o(.text) for Reset_Handler
    startup_stm32f407xx.o(RESET) refers to stm32f4xx_it.o(i.NMI_Handler) for NMI_Handler
    startup_stm32f407xx.o(RESET) refers to stm32f4xx_it.o(i.HardFault_Handler) for HardFault_Handler
    startup_stm32f407xx.o(RESET) refers to stm32f4xx_it.o(i.MemManage_Handler) for MemManage_Handler
    startup_stm32f407xx.o(RESET) refers to stm32f4xx_it.o(i.BusFault_Handler) for BusFault_Handler
    startup_stm32f407xx.o(RESET) refers to stm32f4xx_it.o(i.UsageFault_Handler) for UsageFault_Handler
    startup_stm32f407xx.o(RESET) refers to stm32f4xx_it.o(i.SVC_Handler) for SVC_Handler
    startup_stm32f407xx.o(RESET) refers to stm32f4xx_it.o(i.DebugMon_Handler) for DebugMon_Handler
    startup_stm32f407xx.o(RESET) refers to stm32f4xx_it.o(i.PendSV_Handler) for PendSV_Handler
    startup_stm32f407xx.o(RESET) refers to stm32f4xx_it.o(i.SysTick_Handler) for SysTick_Handler
    startup_stm32f407xx.o(RESET) refers to stm32f4xx_it.o(i.CAN1_RX0_IRQHandler) for CAN1_RX0_IRQHandler
    startup_stm32f407xx.o(RESET) refers to stm32f4xx_it.o(i.CAN1_RX1_IRQHandler) for CAN1_RX1_IRQHandler
    startup_stm32f407xx.o(RESET) refers to stm32f4xx_it.o(i.USART1_IRQHandler) for USART1_IRQHandler
    startup_stm32f407xx.o(RESET) refers to stm32f4xx_it.o(i.USART3_IRQHandler) for USART3_IRQHandler
    startup_stm32f407xx.o(RESET) refers to stm32f4xx_it.o(i.TIM5_IRQHandler) for TIM5_IRQHandler
    startup_stm32f407xx.o(RESET) refers to stm32f4xx_it.o(i.TIM6_DAC_IRQHandler) for TIM6_DAC_IRQHandler
    startup_stm32f407xx.o(RESET) refers to stm32f4xx_it.o(i.DMA2_Stream1_IRQHandler) for DMA2_Stream1_IRQHandler
    startup_stm32f407xx.o(RESET) refers to stm32f4xx_it.o(i.DMA2_Stream2_IRQHandler) for DMA2_Stream2_IRQHandler
    startup_stm32f407xx.o(RESET) refers to stm32f4xx_it.o(i.CAN2_RX0_IRQHandler) for CAN2_RX0_IRQHandler
    startup_stm32f407xx.o(RESET) refers to stm32f4xx_it.o(i.CAN2_RX1_IRQHandler) for CAN2_RX1_IRQHandler
    startup_stm32f407xx.o(RESET) refers to stm32f4xx_it.o(i.DMA2_Stream6_IRQHandler) for DMA2_Stream6_IRQHandler
    startup_stm32f407xx.o(RESET) refers to stm32f4xx_it.o(i.DMA2_Stream7_IRQHandler) for DMA2_Stream7_IRQHandler
    startup_stm32f407xx.o(RESET) refers to stm32f4xx_it.o(i.USART6_IRQHandler) for USART6_IRQHandler
    startup_stm32f407xx.o(.text) refers (Special) to heapauxi.o(.text) for __use_two_region_memory
    startup_stm32f407xx.o(.text) refers to system_stm32f4xx.o(i.SystemInit) for SystemInit
    startup_stm32f407xx.o(.text) refers to __main.o(!!!main) for __main
    startup_stm32f407xx.o(.text) refers to startup_stm32f407xx.o(HEAP) for Heap_Mem
    startup_stm32f407xx.o(.text) refers to startup_stm32f407xx.o(STACK) for Stack_Mem
    main.o(i.HAL_TIM_PeriodElapsedCallback) refers to total_stack.o(i.pid_send_can) for pid_send_can
    main.o(i.HAL_TIM_PeriodElapsedCallback) refers to tim.o(.bss) for htim5
    main.o(i.SystemClock_Config) refers to rt_memclr_w.o(.text) for __aeabi_memclr4
    main.o(i.SystemClock_Config) refers to stm32f4xx_hal_rcc.o(i.HAL_RCC_OscConfig) for HAL_RCC_OscConfig
    main.o(i.SystemClock_Config) refers to main.o(i.Error_Handler) for Error_Handler
    main.o(i.SystemClock_Config) refers to stm32f4xx_hal_rcc.o(i.HAL_RCC_ClockConfig) for HAL_RCC_ClockConfig
    main.o(i.main) refers to stm32f4xx_hal.o(i.HAL_Init) for HAL_Init
    main.o(i.main) refers to main.o(i.SystemClock_Config) for SystemClock_Config
    main.o(i.main) refers to gpio.o(i.MX_GPIO_Init) for MX_GPIO_Init
    main.o(i.main) refers to dma.o(i.MX_DMA_Init) for MX_DMA_Init
    main.o(i.main) refers to can.o(i.MX_CAN1_Init) for MX_CAN1_Init
    main.o(i.main) refers to can.o(i.MX_CAN2_Init) for MX_CAN2_Init
    main.o(i.main) refers to usart.o(i.MX_USART1_UART_Init) for MX_USART1_UART_Init
    main.o(i.main) refers to usart.o(i.MX_USART3_UART_Init) for MX_USART3_UART_Init
    main.o(i.main) refers to usart.o(i.MX_USART6_UART_Init) for MX_USART6_UART_Init
    main.o(i.main) refers to tim.o(i.MX_TIM5_Init) for MX_TIM5_Init
    main.o(i.main) refers to tim.o(i.MX_TIM6_Init) for MX_TIM6_Init
    main.o(i.main) refers to total_stack.o(i.Total_tasks_Init) for Total_tasks_Init
    main.o(i.main) refers to stm32f4xx_hal_tim.o(i.HAL_TIM_Base_Start_IT) for HAL_TIM_Base_Start_IT
    main.o(i.main) refers to total_stack.o(i.Total_tasks_Run) for Total_tasks_Run
[...]
    TIM4_IRQHandler                          0x08000287   Thumb Code     0  startup_stm32f407xx.o(.text)
    TIM7_IRQHandler                          0x08000287   Thumb Code     0  startup_stm32f407xx.o(.text)
    TIM8_BRK_TIM12_IRQHandler                0x08000287   Thumb Code     0  startup_stm32f407xx.o(.text)
    TIM8_CC_IRQHandler                       0x08000287   Thumb Code     0  startup_stm32f407xx.o(.text)
    TIM8_TRG_COM_TIM14_IRQHandler            0x08000287   Thumb Code     0  startup_stm32f407xx.o(.text)
    TIM8_UP_TIM13_IRQHandler                 0x08000287   Thumb Code     0  startup_stm32f407xx.o(.text)
    UART4_IRQHandler                         0x08000287   Thumb Code     0  startup_stm32f407xx.o(.text)
    UART5_IRQHandler                         0x08000287   Thumb Code     0  startup_stm32f407xx.o(.text)
    USART2_IRQHandler                        0x08000287   Thumb Code     0  startup_stm32f407xx.o(.text)
    WWDG_IRQHandler                          0x08000287   Thumb Code     0  startup_stm32f407xx.o(.text)
    __user_initial_stackheap                 0x08000289   Thumb Code     0  startup_stm32f407xx.o(.text)
    __aeabi_uldivmod                         0x080002ad   Thumb Code     0  lludivv7m.o(.text)
    _ll_udiv                                 0x080002ad   Thumb Code   238  lludivv7m.o(.text)
    strlen                                   0x0800039b   Thumb Code    62  strlen.o(.text)
    __aeabi_memcpy                           0x080003d9   Thumb Code     0  rt_memcpy_v6.o(.text)
    __rt_memcpy                              0x080003d9   Thumb Code   138  rt_memcpy_v6.o(.text)
    _memcpy_lastbytes                        0x0800043f   Thumb Code     0  rt_memcpy_v6.o(.text)
    __aeabi_memcpy4                          0x08000463   Thumb Code     0  rt_memcpy_w.o(.text)
    __aeabi_memcpy8                          0x08000463   Thumb Code     0  rt_memcpy_w.o(.text)
    __rt_memcpy_w                            0x08000463   Thumb Code   100  rt_memcpy_w.o(.text)
    _memcpy_lastbytes_aligned                0x080004ab   Thumb Code     0  rt_memcpy_w.o(.text)
    __aeabi_memclr                           0x080004c7   Thumb Code     0  rt_memclr.o(.text)
    __rt_memclr                              0x080004c7   Thumb Code    68  rt_memclr.o(.text)
    _memset                                  0x080004cb   Thumb Code     0  rt_memclr.o(.text)
    __aeabi_memclr4                          0x0800050b   Thumb Code     0  rt_memclr_w.o(.text)
    __aeabi_memclr8                          0x0800050b   Thumb Code     0  rt_memclr_w.o(.text)
    __rt_memclr_w                            0x0800050b   Thumb Code    78  rt_memclr_w.o(.text)
    _memset_w                                0x0800050f   Thumb Code     0  rt_memclr_w.o(.text)
    __use_two_region_memory                  0x08000559   Thumb Code     2  heapauxi.o(.text)
    __rt_heap_escrow                         0x0800055b   Thumb Code     2  heapauxi.o(.text)
    __rt_heap_expand                         0x0800055d   Thumb Code     2  heapauxi.o(.text)
    __cpp_initialize__aeabi_                 0x08000561   Thumb Code    26  init_aeabi.o(.text)
    __read_errno                             0x08000585   Thumb Code    10  _rserrno.o(.text)
    __set_errno                              0x0800058f   Thumb Code    12  _rserrno.o(.text)
    __aeabi_errno_addr                       0x0800059d   Thumb Code     8  rt_errno_addr_intlibspace.o(.text)
    __errno$intlibspace                      0x0800059d   Thumb Code     0  rt_errno_addr_intlibspace.o(.text)
    __rt_errno_addr$intlibspace              0x0800059d   Thumb Code     0  rt_errno_addr_intlibspace.o(.text)
    __user_libspace                          0x080005a5   Thumb Code     8  libspace.o(.text)
    __user_perproc_libspace                  0x080005a5   Thumb Code     0  libspace.o(.text)
    __user_perthread_libspace                0x080005a5   Thumb Code     0  libspace.o(.text)
    __user_setup_stackheap                   0x080005ad   Thumb Code    74  sys_stackheap_outer.o(.text)
    exit                                     0x080005f7   Thumb Code    18  exit.o(.text)
    _sys_exit                                0x08000609   Thumb Code     8  sys_exit.o(.text)
    __I$use$semihosting                      0x08000615   Thumb Code     0  use_no_semi.o(.text)
    __use_no_semihosting_swi                 0x08000615   Thumb Code     2  use_no_semi.o(.text)
    __semihosting_library_function           0x08000617   Thumb Code     0  indicate_semi.o(.text)
    BusFault_Handler                         0x0800065d   Thumb Code     4  stm32f4xx_it.o(i.BusFault_Handler)
    CAN1_RX0_IRQHandler                      0x08000661   Thumb Code    10  stm32f4xx_it.o(i.CAN1_RX0_IRQHandler)
    CAN1_RX1_IRQHandler                      0x08000671   Thumb Code    10  stm32f4xx_it.o(i.CAN1_RX1_IRQHandler)
    CAN2_RX0_IRQHandler                      0x08000681   Thumb Code    10  stm32f4xx_it.o(i.CAN2_RX0_IRQHandler)
    CAN2_RX1_IRQHandler                      0x08000691   Thumb Code    10  stm32f4xx_it.o(i.CAN2_RX1_IRQHandler)
    DMA2_Stream1_IRQHandler                  0x080006a1   Thumb Code    10  stm32f4xx_it.o(i.DMA2_Stream1_IRQHandler)
    DMA2_Stream2_IRQHandler                  0x080006b1   Thumb Code    10  stm32f4xx_it.o(i.DMA2_Stream2_IRQHandler)
    DMA2_Stream6_IRQHandler                  0x080006c1   Thumb Code    10  stm32f4xx_it.o(i.DMA2_Stream6_IRQHandler)
    DMA2_Stream7_IRQHandler                  0x080006d1   Thumb Code    10  stm32f4xx_it.o(i.DMA2_Stream7_IRQHandler)
    DebugMon_Handler                         0x080007eb   Thumb Code     2  stm32f4xx_it.o(i.DebugMon_Handler)
    Error_Handler                            0x080007ed   Thumb Code     6  main.o(i.Error_Handler)
    HAL_CAN_ActivateNotification             0x080007f3   Thumb Code    42  stm32f4xx_hal_can.o(i.HAL_CAN_ActivateNotification)
    HAL_CAN_AddTxMessage                     0x0800081d   Thumb Code   342  stm32f4xx_hal_can.o(i.HAL_CAN_AddTxMessage)
    HAL_CAN_ConfigFilter                     0x08000975   Thumb Code   286  stm32f4xx_hal_can.o(i.HAL_CAN_ConfigFilter)
    HAL_CAN_ErrorCallback                    0x08000a99   Thumb Code     2  stm32f4xx_hal_can.o(i.HAL_CAN_ErrorCallback)
    HAL_CAN_GetRxMessage                     0x08000a9b   Thumb Code   378  stm32f4xx_hal_can.o(i.HAL_CAN_GetRxMessage)
    HAL_CAN_IRQHandler                       0x08000c15   Thumb Code   590  stm32f4xx_hal_can.o(i.HAL_CAN_IRQHandler)
    HAL_CAN_Init                             0x08000e63   Thumb Code   372  stm32f4xx_hal_can.o(i.HAL_CAN_Init)
    HAL_CAN_MspInit                          0x08000fd9   Thumb Code   360  can.o(i.HAL_CAN_MspInit)
    HAL_CAN_RxFifo0FullCallback              0x08001159   Thumb Code     2  stm32f4xx_hal_can.o(i.HAL_CAN_RxFifo0FullCallback)
    HAL_CAN_RxFifo0MsgPendingCallback        0x0800115d   Thumb Code    98  total_stack.o(i.HAL_CAN_RxFifo0MsgPendingCallback)
    HAL_CAN_RxFifo1FullCallback              0x080011d9   Thumb Code     2  stm32f4xx_hal_can.o(i.HAL_CAN_RxFifo1FullCallback)
    HAL_CAN_RxFifo1MsgPendingCallback        0x080011db   Thumb Code     2  stm32f4xx_hal_can.o(i.HAL_CAN_RxFifo1MsgPendingCallback)
    HAL_CAN_SleepCallback                    0x080011dd   Thumb Code     2  stm32f4xx_hal_can.o(i.HAL_CAN_SleepCallback)
    HAL_CAN_Start                            0x080011df   Thumb Code    94  stm32f4xx_hal_can.o(i.HAL_CAN_Start)
    HAL_CAN_TxMailbox0AbortCallback          0x0800123d   Thumb Code     2  stm32f4xx_hal_can.o(i.HAL_CAN_TxMailbox0AbortCallback)
    HAL_CAN_TxMailbox0CompleteCallback       0x0800123f   Thumb Code     2  stm32f4xx_hal_can.o(i.HAL_CAN_TxMailbox0CompleteCallback)
    HAL_CAN_TxMailbox1AbortCallback          0x08001241   Thumb Code     2  stm32f4xx_hal_can.o(i.HAL_CAN_TxMailbox1AbortCallback)
    HAL_CAN_TxMailbox1CompleteCallback       0x08001243   Thumb Code     2  stm32f4xx_hal_can.o(i.HAL_CAN_TxMailbox1CompleteCallback)
    HAL_CAN_TxMailbox2AbortCallback          0x08001245   Thumb Code     2  stm32f4xx_hal_can.o(i.HAL_CAN_TxMailbox2AbortCallback)
    HAL_CAN_TxMailbox2CompleteCallback       0x08001247   Thumb Code     2  stm32f4xx_hal_can.o(i.HAL_CAN_TxMailbox2CompleteCallback)
    HAL_CAN_WakeUpFromRxMsgCallback          0x08001249   Thumb Code     2  stm32f4xx_hal_can.o(i.HAL_CAN_WakeUpFromRxMsgCallback)
    HAL_DMA_Abort                            0x0800124b   Thumb Code   172  stm32f4xx_hal_dma.o(i.HAL_DMA_Abort)
    HAL_DMA_Abort_IT                         0x080012f7   Thumb Code    40  stm32f4xx_hal_dma.o(i.HAL_DMA_Abort_IT)
    HAL_DMA_IRQHandler                       0x08001321   Thumb Code   570  stm32f4xx_hal_dma.o(i.HAL_DMA_IRQHandler)
    HAL_DMA_Init                             0x08001561   Thumb Code   232  stm32f4xx_hal_dma.o(i.HAL_DMA_Init)
    HAL_DMA_Start_IT                         0x0800164d   Thumb Code   146  stm32f4xx_hal_dma.o(i.HAL_DMA_Start_IT)
    HAL_Delay                                0x080016e1   Thumb Code    36  stm32f4xx_hal.o(i.HAL_Delay)
    HAL_GPIO_Init                            0x08001709   Thumb Code   454  stm32f4xx_hal_gpio.o(i.HAL_GPIO_Init)
    HAL_GPIO_WritePin                        0x080018fd   Thumb Code    12  stm32f4xx_hal_gpio.o(i.HAL_GPIO_WritePin)
    HAL_GetTick                              0x08001909   Thumb Code     6  stm32f4xx_hal.o(i.HAL_GetTick)
    HAL_IncTick                              0x08001915   Thumb Code    16  stm32f4xx_hal.o(i.HAL_IncTick)
    HAL_Init                                 0x0800192d   Thumb Code    54  stm32f4xx_hal.o(i.HAL_Init)
    HAL_InitTick                             0x08001969   Thumb Code    64  stm32f4xx_hal.o(i.HAL_InitTick)
    HAL_MspInit                              0x080019b5   Thumb Code    68  stm32f4xx_hal_msp.o(i.HAL_MspInit)
    HAL_NVIC_EnableIRQ                       0x080019fd   Thumb Code    32  stm32f4xx_hal_cortex.o(i.HAL_NVIC_EnableIRQ)
    HAL_NVIC_SetPriority                     0x08001a1d   Thumb Code   124  stm32f4xx_hal_cortex.o(i.HAL_NVIC_SetPriority)
    HAL_NVIC_SetPriorityGrouping             0x08001a99   Thumb Code    32  stm32f4xx_hal_cortex.o(i.HAL_NVIC_SetPriorityGrouping)
    HAL_RCC_ClockConfig                      0x08001ac1   Thumb Code   368  stm32f4xx_hal_rcc.o(i.HAL_RCC_ClockConfig)
    HAL_RCC_GetHCLKFreq                      0x08001c45   Thumb Code     6  stm32f4xx_hal_rcc.o(i.HAL_RCC_GetHCLKFreq)
    HAL_RCC_GetPCLK1Freq                     0x08001c51   Thumb Code    22  stm32f4xx_hal_rcc.o(i.HAL_RCC_GetPCLK1Freq)
    HAL_RCC_GetPCLK2Freq                     0x08001c71   Thumb Code    22  stm32f4xx_hal_rcc.o(i.HAL_RCC_GetPCLK2Freq)
    HAL_RCC_GetSysClockFreq                  0x08001c91   Thumb Code   162  stm32f4xx_hal_rcc.o(i.HAL_RCC_GetSysClockFreq)
    HAL_RCC_OscConfig                        0x08001d41   Thumb Code  1172  stm32f4xx_hal_rcc.o(i.HAL_RCC_OscConfig)
    HAL_SYSTICK_Config                       0x080021dd   Thumb Code    52  stm32f4xx_hal_cortex.o(i.HAL_SYSTICK_Config)
    HAL_TIMEx_BreakCallback                  0x08002211   Thumb Code     2  stm32f4xx_hal_tim_ex.o(i.HAL_TIMEx_BreakCallback)
    HAL_TIMEx_CommutCallback                 0x08002213   Thumb Code     2  stm32f4xx_hal_tim_ex.o(i.HAL_TIMEx_CommutCallback)
    HAL_TIMEx_MasterConfigSynchronization    0x08002215   Thumb Code   150  stm32f4xx_hal_tim_ex.o(i.HAL_TIMEx_MasterConfigSynchronization)
    HAL_TIM_Base_Init                        0x080022c9   Thumb Code   102  stm32f4xx_hal_tim.o(i.HAL_TIM_Base_Init)
    HAL_TIM_Base_MspInit                     0x08002331   Thumb Code   120  tim.o(i.HAL_TIM_Base_MspInit)
    HAL_TIM_Base_Start_IT                    0x080023b5   Thumb Code   138  stm32f4xx_hal_tim.o(i.HAL_TIM_Base_Start_IT)
    HAL_TIM_ConfigClockSource                0x0800245d   Thumb Code   268  stm32f4xx_hal_tim.o(i.HAL_TIM_ConfigClockSource)
    HAL_TIM_IC_CaptureCallback               0x08002569   Thumb Code     2  stm32f4xx_hal_tim.o(i.HAL_TIM_IC_CaptureCallback)
    HAL_TIM_IRQHandler                       0x0800256b   Thumb Code   406  stm32f4xx_hal_tim.o(i.HAL_TIM_IRQHandler)
    HAL_TIM_OC_DelayElapsedCallback          0x08002701   Thumb Code     2  stm32f4xx_hal_tim.o(i.HAL_TIM_OC_DelayElapsedCallback)
    HAL_TIM_PWM_PulseFinishedCallback        0x08002703   Thumb Code     2  stm32f4xx_hal_tim.o(i.HAL_TIM_PWM_PulseFinishedCallback)
    HAL_TIM_PeriodElapsedCallback            0x08002705   Thumb Code    16  main.o(i.HAL_TIM_PeriodElapsedCallback)
    HAL_TIM_TriggerCallback                  0x08002719   Thumb Code     2  stm32f4xx_hal_tim.o(i.HAL_TIM_TriggerCallback)
    HAL_UARTEx_ReceiveToIdle_IT              0x0800271b   Thumb Code   130  stm32f4xx_hal_uart.o(i.HAL_UARTEx_ReceiveToIdle_IT)
    HAL_UARTEx_RxEventCallback               0x0800279d   Thumb Code    60  total_stack.o(i.HAL_UARTEx_RxEventCallback)
    HAL_UART_ErrorCallback                   0x080027e9   Thumb Code     2  stm32f4xx_hal_uart.o(i.HAL_UART_ErrorCallback)
    HAL_UART_IRQHandler                      0x080027ed   Thumb Code   732  stm32f4xx_hal_uart.o(i.HAL_UART_IRQHandler)
    HAL_UART_Init                            0x08002acd   Thumb Code   114  stm32f4xx_hal_uart.o(i.HAL_UART_Init)
    HAL_UART_MspInit                         0x08002b41   Thumb Code   694  usart.o(i.HAL_UART_MspInit)
    HAL_UART_Receive_DMA                     0x08002e2d   Thumb Code    66  stm32f4xx_hal_uart.o(i.HAL_UART_Receive_DMA)
    HAL_UART_Receive_IT                      0x08002e6f   Thumb Code    66  stm32f4xx_hal_uart.o(i.HAL_UART_Receive_IT)
    HAL_UART_RxCpltCallback                  0x08002eb1   Thumb Code    18  total_stack.o(i.HAL_UART_RxCpltCallback)
    HAL_UART_RxHalfCpltCallback              0x08002ec3   Thumb Code     2  stm32f4xx_hal_uart.o(i.HAL_UART_RxHalfCpltCallback)
    HAL_UART_Transmit_DMA                    0x08002ec5   Thumb Code   160  stm32f4xx_hal_uart.o(i.HAL_UART_Transmit_DMA)
    HAL_UART_Transmit_IT                     0x08002f71   Thumb Code    88  stm32f4xx_hal_uart.o(i.HAL_UART_Transmit_IT)
    HAL_UART_TxCpltCallback                  0x08002fc9   Thumb Code     2  stm32f4xx_hal_uart.o(i.HAL_UART_TxCpltCallback)
    HAL_UART_TxHalfCpltCallback              0x08002fcb   Thumb Code     2  stm32f4xx_hal_uart.o(i.HAL_UART_TxHalfCpltCallback)
    HardFault_Handler                        0x08002fcd   Thumb Code     4  stm32f4xx_it.o(i.HardFault_Handler)
    MX_CAN1_Init                             0x08002fd1   Thumb Code    58  can.o(i.MX_CAN1_Init)
    MX_CAN2_Init                             0x08003015   Thumb Code    58  can.o(i.MX_CAN2_Init)
    MX_DMA_Init                              0x08003059   Thumb Code   100  dma.o(i.MX_DMA_Init)
    MX_GPIO_Init                             0x080030c1   Thumb Code   232  gpio.o(i.MX_GPIO_Init)
    MX_TIM5_Init                             0x080031b1   Thumb Code   102  tim.o(i.MX_TIM5_Init)
    MX_TIM6_Init                             0x08003221   Thumb Code    66  tim.o(i.MX_TIM6_Init)
    MX_USART1_UART_Init                      0x0800326d   Thumb Code    46  usart.o(i.MX_USART1_UART_Init)
    MX_USART3_UART_Init                      0x080032a5   Thumb Code    52  usart.o(i.MX_USART3_UART_Init)
    MX_USART6_UART_Init                      0x080032e5   Thumb Code    46  usart.o(i.MX_USART6_UART_Init)
    MemManage_Handler                        0x0800331d   Thumb Code     4  stm32f4xx_it.o(i.MemManage_Handler)
    NMI_Handler                              0x08003321   Thumb Code     4  stm32f4xx_it.o(i.NMI_Handler)
    PendSV_Handler                           0x08003325   Thumb Code     2  stm32f4xx_it.o(i.PendSV_Handler)
    SVC_Handler                              0x08003327   Thumb Code     2  stm32f4xx_it.o(i.SVC_Handler)
    SysTick_Handler                          0x08003329   Thumb Code     8  stm32f4xx_it.o(i.SysTick_Handler)
    SystemClock_Config                       0x08003331   Thumb Code   170  main.o(i.SystemClock_Config)
    SystemInit                               0x080033e5   Thumb Code    14  system_stm32f4xx.o(i.SystemInit)
    TIM5_IRQHandler                          0x080033f9   Thumb Code    10  stm32f4xx_it.o(i.TIM5_IRQHandler)
    TIM6_DAC_IRQHandler                      0x08003409   Thumb Code    10  stm32f4xx_it.o(i.TIM6_DAC_IRQHandler)
    TIM_Base_SetConfig                       0x08003419   Thumb Code   170  stm32f4xx_hal_tim.o(i.TIM_Base_SetConfig)
    TIM_ETR_SetConfig                        0x080034f1   Thumb Code    22  stm32f4xx_hal_tim.o(i.TIM_ETR_SetConfig)
    Total_tasks_Init                         0x08003567   Thumb Code    70  total_stack.o(i.Total_tasks_Init)
    Total_tasks_Run                          0x080035ad   Thumb Code   314  total_stack.o(i.Total_tasks_Run)
    UART_Start_Receive_DMA                   0x08003ca1   Thumb Code   196  stm32f4xx_hal_uart.o(i.UART_Start_Receive_DMA)
    UART_Start_Receive_IT                    0x08003d71   Thumb Code    74  stm32f4xx_hal_uart.o(i.UART_Start_Receive_IT)
    USART1_IRQHandler                        0x08003e1d   Thumb Code    10  stm32f4xx_it.o(i.USART1_IRQHandler)
    USART3_IRQHandler                        0x08003e2d   Thumb Code    10  stm32f4xx_it.o(i.USART3_IRQHandler)
    USART6_IRQHandler                        0x08003e3d   Thumb Code    10  stm32f4xx_it.o(i.USART6_IRQHandler)
    UsageFault_Handler                       0x08003e4d   Thumb Code     4  stm32f4xx_it.o(i.UsageFault_Handler)
    set_mcl_of(int, bool)                    0x08003e51   Thumb Code   130  total_stack.o(i._Z10set_mcl_ofib)
    set_xtl_of(int, bool)                    0x08003eed   Thumb Code    84  total_stack.o(i._Z10set_xtl_ofib)
    RM_Can_Init()                            0x08003f4d   Thumb Code    36  total_stack.o(i._Z11RM_Can_Initv)
    RM_Can_Send(__CAN_HandleTypeDef*, unsigned, unsigned char*, unsigned) 0x08003f79   Thumb Code    44  total_stack.o(i._Z11RM_Can_SendP19__CAN_HandleTypeDefjPhj)
    Send_3508_CAN()                          0x08003fa5   Thumb Code    16  total_stack.o(i._Z13Send_3508_CANv)
    darw_graphic_ui()                        0x08003fbd   Thumb Code   586  total_stack.o(i._Z15darw_graphic_uiv)
    RM_CAN_Filter_Init()                     0x08004249   Thumb Code    60  total_stack.o(i._Z18RM_CAN_Filter_Initv)
    Get_Gimbal_to_Chassis(__UART_HandleTypeDef*) 0x0800428d   Thumb Code   584  total_stack.o(i._Z21Get_Gimbal_to_ChassisP20__UART_HandleTypeDef)
    GET_Motor_ID_ADDRESS_BIND_(RM_Motor*, int) 0x080044f9   Thumb Code    54  total_stack.o(i._Z26GET_Motor_ID_ADDRESS_BIND_P8RM_Motori)
    Get_Gimbal_to_Chassis_Init()             0x08004531   Thumb Code    14  total_stack.o(i._Z26Get_Gimbal_to_Chassis_Initv)
    darw_graphic_static_ui_init()            0x08004549   Thumb Code  1806  total_stack.o(i._Z27darw_graphic_static_ui_initv)
    set_send_graphic_queue_is_Delete_all()   0x08004c91   Thumb Code    10  total_stack.o(i._Z36set_send_graphic_queue_is_Delete_allv)
    setMSD(Motor_send_data_t*, short, int)   0x08004ca1   Thumb Code    22  total_stack.o(i._Z6setMSDP17Motor_send_data_tsi)
    set_cm_of(int, bool)                     0x08004cb9   Thumb Code   130  total_stack.o(i._Z9set_cm_ofib)
    set_cs_of(int, unsigned char)            0x08004d55   Thumb Code    84  total_stack.o(i._Z9set_cs_ofih)
    RM_Clicker::Init()                       0x08004db5   Thumb Code    14  total_stack.o(i._ZN10RM_Clicker4InitEv)
    RM_Clicker::ParseData()                  0x08004dcd   Thumb Code   228  total_stack.o(i._ZN10RM_Clicker9ParseDataEv)
    TD_quadratic::td_quadratic(float, bool)  0x08004eb5   Thumb Code   626  total_stack.o(i._ZN12TD_quadratic12td_quadraticEfb)
    TD_quadratic::TD_quadratic(float, float, float, unsigned char) 0x08005145   Thumb Code    16  total_stack.o(i._ZN12TD_quadraticC1Efffh)
    TD_quadratic::TD_quadratic__sub_object(float, float, float, unsigned char) 0x08005145   Thumb Code     0  total_stack.o(i._ZN12TD_quadraticC1Efffh)
    NonLinear_Fun::Fsg_Fun(float, float)     0x08005155   Thumb Code    82  total_stack.o(i._ZN13NonLinear_Fun7Fsg_FunEff)
    NonLinear_Fun::Fhan_Fun(float, float, float, float) 0x080051b1   Thumb Code   586  total_stack.o(i._ZN13NonLinear_Fun8Fhan_FunEffff)
    NonLinear_Fun::Fign_Fun(float)           0x0800542d   Thumb Code    34  total_stack.o(i._ZN13NonLinear_Fun8Fign_FunEf)
    RM_StaticTime::UpLastTime()              0x0800544f   Thumb Code    12  total_stack.o(i._ZN13RM_StaticTime10UpLastTimeEv)
    RM_StaticTime::ISOne(unsigned)           0x0800545b   Thumb Code    50  total_stack.o(i._ZN13RM_StaticTime5ISOneEj)
    combines_x_x_t::combines_x_x(float, float, float, float) 0x0800548d   Thumb Code   134  total_stack.o(i._ZN14combines_x_x_t12combines_x_xEffff)
    LADRC_quadratic::eso_quadratic(float, unsigned char) 0x0800551d   Thumb Code   450  total_stack.o(i._ZN15LADRC_quadratic13eso_quadraticEfh)
    LADRC_quadratic::sef_controller(unsigned char) 0x080056f1   Thumb Code   424  total_stack.o(i._ZN15LADRC_quadratic14sef_controllerEh)
    LADRC_quadratic::up_data(float, float, unsigned char, bool) 0x080058a5   Thumb Code    62  total_stack.o(i._ZN15LADRC_quadratic7up_dataEffhb)
    LADRC_quadratic::LADRC_quadratic(TD_quadratic, float, float, float, float, float, float) 0x080058e3   Thumb Code    98  total_stack.o(i._ZN15LADRC_quadraticC1E12TD_quadraticffffff)
    LADRC_quadratic::LADRC_quadratic__sub_object(TD_quadratic, float, float, float, float, float, float) 0x080058e3   Thumb Code     0  total_stack.o(i._ZN15LADRC_quadraticC1E12TD_quadraticffffff)
    RM_RefereeSystem::RM_RefereeSystemDir()  0x08005945   Thumb Code    46  rm_refereesystem.o(i._ZN16RM_RefereeSystem19RM_RefereeSystemDirEv)
    RM_RefereeSystem::RM_RefereeSystemInit() 0x0800597d   Thumb Code    14  rm_refereesystem.o(i._ZN16RM_RefereeSystem20RM_RefereeSystemInitEv)
    RM_RefereeSystem::RM_RefereeSystemParse(__UART_HandleTypeDef*) 0x08005995   Thumb Code    42  rm_refereesystem.o(i._ZN16RM_RefereeSystem21RM_RefereeSystemParseEP20__UART_HandleTypeDef)
    RM_RefereeSystem::RM_RefereeSystemDelete(char, char) 0x080059cd   Thumb Code   156  rm_refereesystem.o(i._ZN16RM_RefereeSystem22RM_RefereeSystemDeleteEcc)
    RM_RefereeSystem::RM_RefereeSystemSetStr(char*, unsigned, char*, unsigned, unsigned) 0x08005a75   Thumb Code   202  rm_refereesystem.o(i._ZN16RM_RefereeSystem22RM_RefereeSystemSetStrEPcjS0_jj)
    RM_RefereeSystem::RM_RefereeSystemClsToop() 0x08005b45   Thumb Code    14  rm_refereesystem.o(i._ZN16RM_RefereeSystem23RM_RefereeSystemClsToopEv)
    RM_RefereeSystem::RM_RefereeSystemGetData(unsigned char) 0x08005b59   Thumb Code    74  rm_refereesystem.o(i._ZN16RM_RefereeSystem23RM_RefereeSystemGetDataEh)
    RM_RefereeSystem::RM_RefereeSystemSendStr(RM_RefereeSystem::ext_client_custom_character_t) 0x08005bb1   Thumb Code   178  rm_refereesystem.o(i._ZN16RM_RefereeSystem23RM_RefereeSystemSendStrENS_29ext_client_custom_character_tE)
    RM_RefereeSystem::RM_RefereeSystemSetLine(char*, unsigned, unsigned, unsigned, unsigned, unsigned) 0x08005c71   Thumb Code   174  rm_refereesystem.o(i._ZN16RM_RefereeSystem23RM_RefereeSystemSetLineEPcjjjjj)
    RM_RefereeSystem::RM_RefereeSystemSetColor(int) 0x08005d25   Thumb Code     6  rm_refereesystem.o(i._ZN16RM_RefereeSystem24RM_RefereeSystemSetColorEi)
    RM_RefereeSystem::RM_RefereeSystemSetWidth(int) 0x08005d31   Thumb Code     6  rm_refereesystem.o(i._ZN16RM_RefereeSystem24RM_RefereeSystemSetWidthEi)
    RM_RefereeSystem::RM_RefereeSystemParseData(unsigned char*, int) 0x08005d3d   Thumb Code   208  rm_refereesystem.o(i._ZN16RM_RefereeSystem25RM_RefereeSystemParseDataEPhi)
    RM_RefereeSystem::RM_RefereeSystemSendDataN(const RM_RefereeSystem::graphic_data_struct_t*, int) 0x08005e1d   Thumb Code   270  rm_refereesystem.o(i._ZN16RM_RefereeSystem25RM_RefereeSystemSendDataNEPKNS_21graphic_data_struct_tEi)
    RM_RefereeSystem::RM_RefereeSystemSetCircle(char*, unsigned, unsigned, unsigned, unsigned) 0x08005f39   Thumb Code   162  rm_refereesystem.o(i._ZN16RM_RefereeSystem25RM_RefereeSystemSetCircleEPcjjjj)
    RM_RefereeSystem::RM_RefereeSystemGetRobotId() 0x08005fe1   Thumb Code   136  rm_refereesystem.o(i._ZN16RM_RefereeSystem26RM_RefereeSystemGetRobotIdEv)
    RM_RefereeSystem::RM_RefereeSystemSetRectangle(char*, unsigned, unsigned, unsigned, unsigned, unsigned) 0x0800606d   Thumb Code   176  rm_refereesystem.o(i._ZN16RM_RefereeSystem28RM_RefereeSystemSetRectangleEPcjjjjj)
    RM_RefereeSystem::RM_RefereeSystemSetStringSize(int) 0x08006121   Thumb Code     6  rm_refereesystem.o(i._ZN16RM_RefereeSystem29RM_RefereeSystemSetStringSizeEi)
    RM_RefereeSystem::RM_RefereeSystemSetOperateTpye(int) 0x0800612d   Thumb Code     6  rm_refereesystem.o(i._ZN16RM_RefereeSystem30RM_RefereeSystemSetOperateTpyeEi)
    SEND_GRAPHIC_QUEUE::add(RM_RefereeSystem::graphic_data_struct_t) 0x08006139   Thumb Code    54  total_stack.o(i._ZN18SEND_GRAPHIC_QUEUE3addEN16RM_RefereeSystem21graphic_data_struct_tE)
    SEND_GRAPHIC_QUEUE::send()               0x08006171   Thumb Code   212  total_stack.o(i._ZN18SEND_GRAPHIC_QUEUE4sendEv)
    SEND_GRAPHIC_QUEUE::add_wz(RM_RefereeSystem::ext_client_custom_character_t) 0x08006249   Thumb Code    62  total_stack.o(i._ZN18SEND_GRAPHIC_QUEUE6add_wzEN16RM_RefereeSystem29ext_client_custom_character_tE)
    SEND_GRAPHIC_QUEUE::send_wz()            0x08006289   Thumb Code   148  total_stack.o(i._ZN18SEND_GRAPHIC_QUEUE7send_wzEv)
    RM_RefereeSystemCRC::Get_CRC8_Check_Sum(unsigned char*, unsigned, unsigned char) 0x08006321   Thumb Code    30  rm_refereesystemcrc.o(i._ZN19RM_RefereeSystemCRC18Get_CRC8_Check_SumEPhjh)
    RM_RefereeSystemCRC::Get_CRC16_Check_Sum(unsigned char*, unsigned, unsigned short) 0x08006345   Thumb Code    46  rm_refereesystemcrc.o(i._ZN19RM_RefereeSystemCRC19Get_CRC16_Check_SumEPhjt)
    RM_RefereeSystemCRC::Append_CRC8_Check_Sum(unsigned char*, unsigned) 0x08006379   Thumb Code    36  rm_refereesystemcrc.o(i._ZN19RM_RefereeSystemCRC21Append_CRC8_Check_SumEPhj)
    RM_RefereeSystemCRC::Verify_CRC8_Check_Sum(unsigned char*, unsigned) 0x0800639d   Thumb Code    46  rm_refereesystemcrc.o(i._ZN19RM_RefereeSystemCRC21Verify_CRC8_Check_SumEPhj)
    RM_RefereeSystemCRC::Append_CRC16_Check_Sum(unsigned char*, unsigned) 0x080063cd   Thumb Code    44  rm_refereesystemcrc.o(i._ZN19RM_RefereeSystemCRC22Append_CRC16_Check_SumEPhj)
    RM_RefereeSystemCRC::Verify_CRC16_Check_Sum(unsigned char*, unsigned) 0x080063fd   Thumb Code    60  rm_refereesystemcrc.o(i._ZN19RM_RefereeSystemCRC22Verify_CRC16_Check_SumEPhj)
    RM_Key::UpKey(bool)                      0x0800643d   Thumb Code    38  total_stack.o(i._ZN6RM_Key5UpKeyEb)
    RM_PID::RM_PID()                         0x08006465   Thumb Code    44  total_stack.o(i._ZN6RM_PIDC1Ev)
    RM_PID::RM_PID__sub_object()             0x08006465   Thumb Code     0  total_stack.o(i._ZN6RM_PIDC1Ev)
    RM_PM01::PM01SendFun()                   0x0800649d   Thumb Code   224  total_stack.o(i._ZN7RM_PM0111PM01SendFunEv)
    RM_PM01::PM01SendData(unsigned, unsigned short) 0x08006591   Thumb Code    54  total_stack.o(i._ZN7RM_PM0112PM01SendDataEjt)
    RM_PM01::PM01SendRemote(unsigned)        0x080065cd   Thumb Code    44  total_stack.o(i._ZN7RM_PM0114PM01SendRemoteEj)
    RM_PM01::PM01Init()                      0x080065fd   Thumb Code    16  total_stack.o(i._ZN7RM_PM018PM01InitEv)
    RM_PM01::PM01Parse(CAN_RxHeaderTypeDef, unsigned char*) 0x08006611   Thumb Code   318  total_stack.o(i._ZN7RM_PM019PM01ParseE19CAN_RxHeaderTypeDefPh)
    RM_Motor::GetMotorDataSpeed(short)       0x08006759   Thumb Code    34  total_stack.o(i._ZN8RM_Motor17GetMotorDataSpeedEs)
    RM_Motor::Parse(CAN_RxHeaderTypeDef, unsigned char*) 0x0800677b   Thumb Code   586  total_stack.o(i._ZN8RM_Motor5ParseE19CAN_RxHeaderTypeDefPh)
    RM_Motor::RM_Motor(short, unsigned char, Motor_t*, unsigned char*) 0x080069c5   Thumb Code   132  total_stack.o(i._ZN8RM_MotorC1EshP7Motor_tPh)
    RM_Motor::RM_Motor__sub_object(short, unsigned char, Motor_t*, unsigned char*) 0x080069c5   Thumb Code     0  total_stack.o(i._ZN8RM_MotorC1EshP7Motor_tPh)
    std::fabs(float)                         0x08006a49   Thumb Code    10  total_stack.o(i._ZSt4fabsf)
    __ARM_fpclassify                         0x08006a53   Thumb Code    48  fpclassify.o(i.__ARM_fpclassify)
    __ARM_fpclassifyf                        0x08006a83   Thumb Code    38  fpclassifyf.o(i.__ARM_fpclassifyf)
    __aeabi_vec_ctor_nocookie_nodtor         0x08006ae1   Thumb Code    36  aeabi_vec_ctor_nocookie_nodtor.o(i.__aeabi_vec_ctor_nocookie_nodtor)
    __hardfp_asin                            0x08006b09   Thumb Code   770  asin.o(i.__hardfp_asin)
    __hardfp_cosf                            0x08006e69   Thumb Code   280  cosf.o(i.__hardfp_cosf)
    __hardfp_sinf                            0x08006fb9   Thumb Code   344  sinf.o(i.__hardfp_sinf)
    __hardfp_sqrtf                           0x08007149   Thumb Code    58  sqrtf.o(i.__hardfp_sqrtf)
    __kernel_poly                            0x08007183   Thumb Code   248  poly.o(i.__kernel_poly)
    __mathlib_dbl_infnan                     0x0800727b   Thumb Code    20  dunder.o(i.__mathlib_dbl_infnan)
    __mathlib_dbl_invalid                    0x08007291   Thumb Code    24  dunder.o(i.__mathlib_dbl_invalid)
    __mathlib_dbl_underflow                  0x080072b1   Thumb Code    24  dunder.o(i.__mathlib_dbl_underflow)
    __mathlib_flt_infnan                     0x080072d1   Thumb Code     6  funder.o(i.__mathlib_flt_infnan)
    __mathlib_flt_invalid                    0x080072d9   Thumb Code    10  funder.o(i.__mathlib_flt_invalid)
    __mathlib_flt_underflow                  0x080072e9   Thumb Code    10  funder.o(i.__mathlib_flt_underflow)
    __mathlib_rredf2                         0x080072f9   Thumb Code   316  rredf.o(i.__mathlib_rredf2)
    fabs                                     0x0800774d   Thumb Code    24  fabs.o(i.fabs)
    main                                     0x08007765   Thumb Code    68  main.o(i.main)
    pid_send_can                             0x080077b1   Thumb Code   468  total_stack.o(i.pid_send_can)
    sqrt                                     0x080079b5   Thumb Code   110  sqrt.o(i.sqrt)
    __aeabi_dneg                             0x08007a23   Thumb Code     0  basic.o(x$fpl$basic)
    _dneg                                    0x08007a23   Thumb Code     6  basic.o(x$fpl$basic)
    __aeabi_fneg                             0x08007a29   Thumb Code     0  basic.o(x$fpl$basic)
    _fneg                                    0x08007a29   Thumb Code     6  basic.o(x$fpl$basic)
    _dabs                                    0x08007a2f   Thumb Code     6  basic.o(x$fpl$basic)
    _fabs                                    0x08007a35   Thumb Code     6  basic.o(x$fpl$basic)
    __aeabi_d2f                              0x08007a3d   Thumb Code     0  d2f.o(x$fpl$d2f)
    _d2f                                     0x08007a3d   Thumb Code    98  d2f.o(x$fpl$d2f)
    __aeabi_dadd                             0x08007aa1   Thumb Code     0  daddsub_clz.o(x$fpl$dadd)
    _dadd                                    0x08007aa1   Thumb Code   332  daddsub_clz.o(x$fpl$dadd)
    __aeabi_ddiv                             0x08007bf1   Thumb Code     0  ddiv.o(x$fpl$ddiv)
    _ddiv                                    0x08007bf1   Thumb Code   552  ddiv.o(x$fpl$ddiv)
    __aeabi_d2iz                             0x08007ea1   Thumb Code     0  dfix.o(x$fpl$dfix)
    _dfix                                    0x08007ea1   Thumb Code    94  dfix.o(x$fpl$dfix)
    __aeabi_d2uiz                            0x08007f01   Thumb Code     0  dfixu.o(x$fpl$dfixu)
    _dfixu                                   0x08007f01   Thumb Code    90  dfixu.o(x$fpl$dfixu)
    __aeabi_i2d                              0x08007f5b   Thumb Code     0  dflt_clz.o(x$fpl$dflt)
    _dflt                                    0x08007f5b   Thumb Code    46  dflt_clz.o(x$fpl$dflt)
    __aeabi_ui2d                             0x08007f89   Thumb Code     0  dflt_clz.o(x$fpl$dfltu)
    _dfltu                                   0x08007f89   Thumb Code    38  dflt_clz.o(x$fpl$dfltu)
    __aeabi_dmul                             0x08007fb1   Thumb Code     0  dmul.o(x$fpl$dmul)
    _dmul                                    0x08007fb1   Thumb Code   332  dmul.o(x$fpl$dmul)
    __fpl_dnaninf                            0x08008105   Thumb Code   156  dnaninf.o(x$fpl$dnaninf)
    __fpl_dretinf                            0x080081a1   Thumb Code    12  dretinf.o(x$fpl$dretinf)
    __aeabi_drsub                            0x080081ad   Thumb Code     0  daddsub_clz.o(x$fpl$drsb)
    _drsb                                    0x080081ad   Thumb Code    22  daddsub_clz.o(x$fpl$drsb)
    _dsqrt                                   0x080081c5   Thumb Code   404  dsqrt_umaal.o(x$fpl$dsqrt)
    __aeabi_dsub                             0x0800835d   Thumb Code     0  daddsub_clz.o(x$fpl$dsub)
    _dsub                                    0x0800835d   Thumb Code   464  daddsub_clz.o(x$fpl$dsub)
    __aeabi_f2d                              0x08008531   Thumb Code     0  f2d.o(x$fpl$f2d)
    _f2d                                     0x08008531   Thumb Code    86  f2d.o(x$fpl$f2d)
    __fpl_fnaninf                            0x08008587   Thumb Code   140  fnaninf.o(x$fpl$fnaninf)
    _fp_init                                 0x08008613   Thumb Code    10  fpinit.o(x$fpl$fpinit)
    __fplib_config_fpu_vfp                   0x0800861b   Thumb Code     0  fpinit.o(x$fpl$fpinit)
    __fplib_config_pureend_doubles           0x0800861b   Thumb Code     0  fpinit.o(x$fpl$fpinit)
    __fpl_fretinf                            0x0800861d   Thumb Code    10  fretinf.o(x$fpl$fretinf)
    __I$use$fp                               0x08008626   Number         0  usenofp.o(x$fpl$usenofp)
    AHBPrescTable                            0x0800862e   Data          16  system_stm32f4xx.o(.constdata)
    APBPrescTable                            0x0800863e   Data           8  system_stm32f4xx.o(.constdata)
    Region$$Table$$Base                      0x08008c60   Number         0  anon$$obj.o(Region$$Table)
    Region$$Table$$Limit                     0x08008c80   Number         0  anon$$obj.o(Region$$Table)
    SHT$$INIT_ARRAY$$Base                    0x08008c80   Number         0  total_stack.o(.init_array)
    SHT$$INIT_ARRAY$$Limit                   0x08008c84   Number         0  init_aeabi.o(.init_array)
    uwTick                                   0x20000004   Data           4  stm32f4xx_hal.o(.data)
    uwTickPrio                               0x20000008   Data           4  stm32f4xx_hal.o(.data)
    uwTickFreq                               0x2000000c   Data           1  stm32f4xx_hal.o(.data)
    SystemCoreClock                          0x20000010   Data           4  system_stm32f4xx.o(.data)
    RM_RefereeSystemCRC::CRC_INIT            0x20000014   Data           2  rm_refereesystemcrc.o(.data)
    dirTime                                  0x20000018   Data           8  rm_refereesystem.o(.data)
    RM_RefereeSystemDirFlag                  0x20000020   Data           1  rm_refereesystem.o(.data)
    RM_RefereeSystemp8Data                   0x20000021   Data           1  rm_refereesystem.o(.data)
    RM_RefereeSystemToop                     0x20000024   Data          16  rm_refereesystem.o(.data)
    RM_RefereeSystem::rrrdata                0x20000034   Data          20  rm_refereesystem.o(.data)
    msd_6020                                 0x20000051   Data           8  total_stack.o(.data)
    msd_3508_2006                            0x20000059   Data           8  total_stack.o(.data)
    _Motor2006_ID_                           0x20000061   Data           1  total_stack.o(.data)
    _Motor3508_ID_                           0x20000062   Data           4  total_stack.o(.data)
    _Motor6020_ID_                           0x20000066   Data           1  total_stack.o(.data)
    pm01_chao                                0x20000068   Data           4  total_stack.o(.data)
    wwww                                     0x2000006c   Data           1  total_stack.o(.data)
    cos_xita                                 0x20000070   Data           4  total_stack.o(.data)
    sin_xita                                 0x20000074   Data           4  total_stack.o(.data)
    vw                                       0x20000078   Data           4  total_stack.o(.data)
    kvw                                      0x2000007c   Data           4  total_stack.o(.data)
    vx                                       0x20000080   Data           4  total_stack.o(.data)
    vy                                       0x20000084   Data           4  total_stack.o(.data)
    vxy_kvw                                  0x20000088   Data           4  total_stack.o(.data)
    yaw_e_xita                               0x2000008c   Data           4  total_stack.o(.data)
    yaw_e_radian                             0x20000090   Data           4  total_stack.o(.data)
    Total_tasks_staticTime                   0x20000094   Data           8  total_stack.o(.data)
    diagonally_factor                        0x2000009c   Data           4  total_stack.o(.data)
    shift_vxy_zoom                           0x200000a0   Data           4  total_stack.o(.data)
    dir                                      0x200000a4   Data           1  total_stack.o(.data)
    dianlu                                   0x200000a6   Data           2  total_stack.o(.data)
    dianlupid                                0x200000a8   Data           2  total_stack.o(.data)
    Ctrl_Key                                 0x200000aa   Data           4  total_stack.o(.data)
    MCL_Key                                  0x200000ae   Data           4  total_stack.o(.data)
    CM_Key                                   0x200000b2   Data           4  total_stack.o(.data)
    FP_Key                                   0x200000b6   Data           4  total_stack.o(.data)
    ZM_Key                                   0x200000ba   Data           4  total_stack.o(.data)
    BP_Key                                   0x200000be   Data           4  total_stack.o(.data)
    now_zx_v                                 0x200000c2   Data           1  total_stack.o(.data)
    last_zx_v                                0x200000c3   Data           1  total_stack.o(.data)
    is_up_ui                                 0x200000c4   Data           1  total_stack.o(.data)
    num_vx                                   0x200000c8   Data           4  total_stack.o(.data)
    num_vy                                   0x200000cc   Data           4  total_stack.o(.data)
    now_angle                                0x200000d0   Data           4  total_stack.o(.data)
    e_vx                                     0x200000d4   Data           4  total_stack.o(.data)
    e_vy                                     0x200000d8   Data           4  total_stack.o(.data)
    k_e_vxy                                  0x200000dc   Data           4  total_stack.o(.data)
    expectations_vx                          0x200000e0   Data           4  total_stack.o(.data)
    expectations_vy                          0x200000e4   Data           4  total_stack.o(.data)
    vxy_zero_s                               0x200000e8   Data           4  total_stack.o(.data)
    RxHeaderData                             0x200000ec   Data           8  total_stack.o(.data)
    wshu                                     0x200000f4   Data           1  total_stack.o(.data)
    FP_num                                   0x200000f5   Data           1  total_stack.o(.data)
    t                                        0x200000f8   Data           4  total_stack.o(.data)
    xm                                       0x200000fc   Data           4  total_stack.o(.data)
    lk                                       0x20000100   Data           4  total_stack.o(.data)
    darw_graphic_ui_time                     0x20000104   Data           8  total_stack.o(.data)
    angle_ly                                 0x2000010c   Data           4  total_stack.o(.data)
    ly                                       0x20000110   Data           4  total_stack.o(.data)
    RM_Clicker::dirTime                      0x20000114   Data           8  total_stack.o(.data)
    NonLinear_Fun::fhan_d                    0x2000011c   Data           4  total_stack.o(.data)
    NonLinear_Fun::fhan_a0                   0x20000120   Data           4  total_stack.o(.data)
    NonLinear_Fun::fhan_y                    0x20000124   Data           4  total_stack.o(.data)
    NonLinear_Fun::fhan_a1                   0x20000128   Data           4  total_stack.o(.data)
    NonLinear_Fun::fhan_a2                   0x2000012c   Data           4  total_stack.o(.data)
    NonLinear_Fun::fhan_a                    0x20000130   Data           4  total_stack.o(.data)
    hcan1                                    0x20000138   Data          40  can.o(.bss)
    hcan2                                    0x20000160   Data          40  can.o(.bss)
    htim5                                    0x20000188   Data          72  tim.o(.bss)
    htim6                                    0x200001d0   Data          72  tim.o(.bss)
    huart1                                   0x20000218   Data          68  usart.o(.bss)
    huart3                                   0x2000025c   Data          68  usart.o(.bss)
    huart6                                   0x200002a0   Data          68  usart.o(.bss)
    hdma_usart1_tx                           0x200002e4   Data          96  usart.o(.bss)
    hdma_usart1_rx                           0x20000344   Data          96  usart.o(.bss)
    hdma_usart6_tx                           0x200003a4   Data          96  usart.o(.bss)
    hdma_usart6_rx                           0x20000404   Data          96  usart.o(.bss)
    RM_RefereeSystemData                     0x20000464   Data         120  rm_refereesystem.o(.bss)
    RM_RefereeSystemData01                   0x200004dc   Data         120  rm_refereesystem.o(.bss)
    ext_power_heat_data_0x0201               0x20000554   Data          13  rm_refereesystem.o(.bss)
    ext_power_heat_data_0x0202               0x20000561   Data          16  rm_refereesystem.o(.bss)
    map_command_0x0303                       0x20000571   Data          15  rm_refereesystem.o(.bss)
    tx_buf                                   0x20000580   Data         128  rm_refereesystem.o(.bss)
    daohang_tx_buf                           0x20000600   Data         128  rm_refereesystem.o(.bss)
    RM_RefereeSystem::map_robot_data         0x20000680   Data          10  rm_refereesystem.o(.bss)
    kem_temp                                 0x200006c0   Data         320  total_stack.o(.bss)
    _Motor2006_                              0x20000800   Data         680  total_stack.o(.bss)
    _Motor3508_                              0x20000aa8   Data        2720  total_stack.o(.bss)
    _Motor6020_                              0x20001548   Data         680  total_stack.o(.bss)
    Motor2006                                0x200017f0   Data          16  total_stack.o(.bss)
    Motor3508                                0x20001800   Data          16  total_stack.o(.bss)
    Motor6020                                0x20001810   Data          16  total_stack.o(.bss)
    isminmode                                0x20001820   Data          32  total_stack.o(.bss)
    pm01                                     0x20001840   Data          92  total_stack.o(.bss)
    wheel                                    0x2000189c   Data          28  total_stack.o(.bss)
    wheel_e                                  0x200018b8   Data          28  total_stack.o(.bss)
    wheel_ladrc_left_1                       0x200018d4   Data         132  total_stack.o(.bss)
    wheel_ladrc_left_2                       0x20001958   Data         132  total_stack.o(.bss)
    wheel_ladrc_right_1                      0x200019dc   Data         132  total_stack.o(.bss)
    wheel_ladrc_right_2                      0x20001a60   Data         132  total_stack.o(.bss)
    wheel_td_left_1                          0x20001ae4   Data          32  total_stack.o(.bss)
    wheel_td_left_2                          0x20001b04   Data          32  total_stack.o(.bss)
    wheel_td_right_1                         0x20001b24   Data          32  total_stack.o(.bss)
    wheel_td_right_2                         0x20001b44   Data          32  total_stack.o(.bss)
    td_vw                                    0x20001b64   Data          32  total_stack.o(.bss)
    td_vx                                    0x20001b84   Data          32  total_stack.o(.bss)
    td_vy                                    0x20001ba4   Data          32  total_stack.o(.bss)
    Gimbal_to_Chassis_Data                   0x20001bc4   Data          92  total_stack.o(.bss)
    dianlutd                                 0x20001c20   Data          32  total_stack.o(.bss)
    lsd                                      0x20001c40   Data         160  total_stack.o(.bss)
    now_vxy                                  0x20001ce0   Data          16  total_stack.o(.bss)
    RxHeader                                 0x20001cf0   Data          28  total_stack.o(.bss)
    send_graphic_queue                       0x20001d0c   Data        1654  total_stack.o(.bss)
    RM_Clicker::RC_Ctl                       0x20002382   Data          22  total_stack.o(.bss)
    RM_Clicker::pData                        0x20002398   Data          18  total_stack.o(.bss)
    __libspace_start                         0x200023ac   Data          96  libspace.o(.bss)
    __temporary_stack_top$libspace           0x2000240c   Data           0  libspace.o(.bss)



==============================================================================

Memory Map of the image

  Image Entry point : 0x08000189

  Load Region LR_IROM1 (Base: 0x08000000, Size: 0x00008dbc, Max: 0x00100000, ABSOLUTE, COMPRESSED[0x00008cc0])

    Execution Region ER_IROM1 (Exec base: 0x08000000, Load base: 0x08000000, Size: 0x00008c84, Max: 0x00100000, ABSOLUTE)

    Exec Addr    Load Addr    Size         Type   Attr      Idx    E Section Name        Object

    0x08000000   0x08000000   0x00000188   Data   RO            3    RESET               startup_stm32f407xx.o
    0x08000188   0x08000188   0x00000008   Code   RO         4405  * !!!main             c_w.l(__main.o)
    0x08000190   0x08000190   0x00000034   Code   RO         4941    !!!scatter          c_w.l(__scatter.o)
    0x080001c4   0x080001c4   0x0000005a   Code   RO         4939    !!dczerorl2         c_w.l(__dczerorl2.o)
    0x0800021e   0x0800021e   0x00000002   PAD
    0x08000220   0x08000220   0x0000001c   Code   RO         4943    !!handler_zi        c_w.l(__scatter_zi.o)
    0x0800023c   0x0800023c   0x00000002   Code   RO         4742    .ARM.Collect$$libinit$$00000000  c_w.l(libinit.o)
    0x0800023e   0x0800023e   0x00000004   Code   RO         4538    .ARM.Collect$$libinit$$00000001  c_w.l(libinit2.o)
    0x08000242   0x08000242   0x00000000   Code   RO         4541    .ARM.Collect$$libinit$$00000004  c_w.l(libinit2.o)
    0x08000242   0x08000242   0x00000000   Code   RO         4544    .ARM.Collect$$libinit$$0000000A  c_w.l(libinit2.o)
    0x08000242   0x08000242   0x00000000   Code   RO         4546    .ARM.Collect$$libinit$$0000000C  c_w.l(libinit2.o)
    0x08000242   0x08000242   0x00000000   Code   RO         4548    .ARM.Collect$$libinit$$0000000E  c_w.l(libinit2.o)
    0x08000242   0x08000242   0x00000000   Code   RO         4551    .ARM.Collect$$libinit$$00000011  c_w.l(libinit2.o)
    0x08000242   0x08000242   0x00000000   Code   RO         4553    .ARM.Collect$$libinit$$00000013  c_w.l(libinit2.o)
    0x08000242   0x08000242   0x00000000   Code   RO         4555    .ARM.Collect$$libinit$$00000015  c_w.l(libinit2.o)
    0x08000242   0x08000242   0x00000000   Code   RO         4557    .ARM.Collect$$libinit$$00000017  c_w.l(libinit2.o)
    0x08000242   0x08000242   0x00000000   Code   RO         4559    .ARM.Collect$$libinit$$00000019  c_w.l(libinit2.o)
    0x08000242   0x08000242   0x00000000   Code   RO         4561    .ARM.Collect$$libinit$$0000001B  c_w.l(libinit2.o)
    0x08000242   0x08000242   0x00000000   Code   RO         4563    .ARM.Collect$$libinit$$0000001D  c_w.l(libinit2.o)
    0x08000242   0x08000242   0x00000000   Code   RO         4565    .ARM.Collect$$libinit$$0000001F  c_w.l(libinit2.o)
    0x08000242   0x08000242   0x00000000   Code   RO         4567    .ARM.Collect$$libinit$$00000021  c_w.l(libinit2.o)
    0x08000242   0x08000242   0x00000000   Code   RO         4569    .ARM.Collect$$libinit$$00000023  c_w.l(libinit2.o)
    0x08000242   0x08000242   0x00000000   Code   RO         4571    .ARM.Collect$$libinit$$00000025  c_w.l(libinit2.o)
    0x08000242   0x08000242   0x00000000   Code   RO         4575    .ARM.Collect$$libinit$$0000002C  c_w.l(libinit2.o)
    0x08000242   0x08000242   0x00000000   Code   RO         4577    .ARM.Collect$$libinit$$0000002E  c_w.l(libinit2.o)
    0x08000242   0x08000242   0x00000000   Code   RO         4579    .ARM.Collect$$libinit$$00000030  c_w.l(libinit2.o)
    0x08000242   0x08000242   0x00000004   Code   RO         4580    .ARM.Collect$$libinit$$00000031  c_w.l(libinit2.o)
    0x08000246   0x08000246   0x00000000   Code   RO         4581    .ARM.Collect$$libinit$$00000032  c_w.l(libinit2.o)
    0x08000246   0x08000246   0x00000002   Code   RO         4582    .ARM.Collect$$libinit$$00000033  c_w.l(libinit2.o)
    0x08000248   0x08000248   0x00000002   Code   RO         4900    .ARM.Collect$$libshutdown$$00000000  c_w.l(libshutdown.o)
    0x0800024a   0x0800024a   0x00000000   Code   RO         4916    .ARM.Collect$$libshutdown$$00000002  c_w.l(libshutdown2.o)
    0x0800024a   0x0800024a   0x00000000   Code   RO         4918    .ARM.Collect$$libshutdown$$00000004  c_w.l(libshutdown2.o)
    0x0800024a   0x0800024a   0x00000000   Code   RO         4920    .ARM.Collect$$libshutdown$$00000006  c_w.l(libshutdown2.o)
    0x0800024a   0x0800024a   0x00000000   Code   RO         4923    .ARM.Collect$$libshutdown$$00000009  c_w.l(libshutdown2.o)
    0x0800024a   0x0800024a   0x00000000   Code   RO         4926    .ARM.Collect$$libshutdown$$0000000C  c_w.l(libshutdown2.o)
    0x0800024a   0x0800024a   0x00000000   Code   RO         4928    .ARM.Collect$$libshutdown$$0000000E  c_w.l(libshutdown2.o)
    0x0800024a   0x0800024a   0x00000000   Code   RO         4931    .ARM.Collect$$libshutdown$$00000011  c_w.l(libshutdown2.o)
    0x0800024a   0x0800024a   0x00000002   Code   RO         4932    .ARM.Collect$$libshutdown$$00000012  c_w.l(libshutdown2.o)
    0x0800024c   0x0800024c   0x00000000   Code   RO         4524    .ARM.Collect$$rtentry$$00000000  c_w.l(__rtentry.o)
    0x0800024c   0x0800024c   0x00000000   Code   RO         4649    .ARM.Collect$$rtentry$$00000002  c_w.l(__rtentry2.o)
    0x0800024c   0x0800024c   0x00000006   Code   RO         4661    .ARM.Collect$$rtentry$$00000004  c_w.l(__rtentry4.o)
    0x08000252   0x08000252   0x00000000   Code   RO         4651    .ARM.Collect$$rtentry$$00000009  c_w.l(__rtentry2.o)
    0x08000252   0x08000252   0x00000004   Code   RO         4652    .ARM.Collect$$rtentry$$0000000A  c_w.l(__rtentry2.o)
    0x08000256   0x08000256   0x00000000   Code   RO         4654    .ARM.Collect$$rtentry$$0000000C  c_w.l(__rtentry2.o)
    0x08000256   0x08000256   0x00000008   Code   RO         4655    .ARM.Collect$$rtentry$$0000000D  c_w.l(__rtentry2.o)
    0x0800025e   0x0800025e   0x00000002   Code   RO         4752    .ARM.Collect$$rtexit$$00000000  c_w.l(rtexit.o)
    0x08000260   0x08000260   0x00000000   Code   RO         4840    .ARM.Collect$$rtexit$$00000002  c_w.l(rtexit2.o)
    0x08000260   0x08000260   0x00000004   Code   RO         4841    .ARM.Collect$$rtexit$$00000003  c_w.l(rtexit2.o)
    0x08000264   0x08000264   0x00000006   Code   RO         4842    .ARM.Collect$$rtexit$$00000004  c_w.l(rtexit2.o)
    0x0800026a   0x0800026a   0x00000002   PAD
    0x0800026c   0x0800026c   0x00000040   Code   RO            4    .text               startup_stm32f407xx.o
    0x080002ac   0x080002ac   0x000000ee   Code   RO         4363    .text               c_w.l(lludivv7m.o)
    0x0800039a   0x0800039a   0x0000003e   Code   RO         4393    .text               c_w.l(strlen.o)
    0x080003d8   0x080003d8   0x0000008a   Code   RO         4395    .text               c_w.l(rt_memcpy_v6.o)
    0x08000462   0x08000462   0x00000064   Code   RO         4397    .text               c_w.l(rt_memcpy_w.o)
    0x080004c6   0x080004c6   0x00000044   Code   RO         4399    .text               c_w.l(rt_memclr.o)
    0x0800050a   0x0800050a   0x0000004e   Code   RO         4401    .text               c_w.l(rt_memclr_w.o)
    0x08000558   0x08000558   0x00000006   Code   RO         4403    .text               c_w.l(heapauxi.o)
    0x0800055e   0x0800055e   0x00000002   PAD
    0x08000560   0x08000560   0x00000024   Code   RO         4410    .text               c_w.l(init_aeabi.o)
    0x08000584   0x08000584   0x00000016   Code   RO         4529    .text               c_w.l(_rserrno.o)
    0x0800059a   0x0800059a   0x00000002   PAD
    0x0800059c   0x0800059c   0x00000008   Code   RO         4673    .text               c_w.l(rt_errno_addr_intlibspace.o)
    0x080005a4   0x080005a4   0x00000008   Code   RO         4720    .text               c_w.l(libspace.o)
    0x080005ac   0x080005ac   0x0000004a   Code   RO         4723    .text               c_w.l(sys_stackheap_outer.o)
    0x080005f6   0x080005f6   0x00000012   Code   RO         4725    .text               c_w.l(exit.o)
    0x08000608   0x08000608   0x0000000c   Code   RO         4832    .text               c_w.l(sys_exit.o)
    0x08000614   0x08000614   0x00000002   Code   RO         4834    .text               c_w.l(use_no_semi.o)
    0x08000616   0x08000616   0x00000000   Code   RO         4838    .text               c_w.l(indicate_semi.o)
    0x08000616   0x08000616   0x00000002   PAD
    0x08000618   0x08000618   0x00000044   Code   RO         3716    i.<Func19>          total_stack.o
    0x0800065c   0x0800065c   0x00000004   Code   RO          372    i.BusFault_Handler  stm32f4xx_it.o
    0x08000660   0x08000660   0x00000010   Code   RO          373    i.CAN1_RX0_IRQHandler  stm32f4xx_it.o
    0x08000670   0x08000670   0x00000010   Code   RO          374    i.CAN1_RX1_IRQHandler  stm32f4xx_it.o
    0x08000680   0x08000680   0x00000010   Code   RO          375    i.CAN2_RX0_IRQHandler  stm32f4xx_it.o
    0x08000690   0x08000690   0x00000010   Code   RO          376    i.CAN2_RX1_IRQHandler  stm32f4xx_it.o
    0x080006a0   0x080006a0   0x00000010   Code   RO          377    i.DMA2_Stream1_IRQHandler  stm32f4xx_it.o
    0x080006b0   0x080006b0   0x00000010   Code   RO          378    i.DMA2_Stream2_IRQHandler  stm32f4xx_it.o
    0x080006c0   0x080006c0   0x00000010   Code   RO          379    i.DMA2_Stream6_IRQHandler  stm32f4xx_it.o
    0x080006d0   0x080006d0   0x00000010   Code   RO          380    i.DMA2_Stream7_IRQHandler  stm32f4xx_it.o
    0x080006e0   0x080006e0   0x00000034   Code   RO         1288    i.DMA_CalcBaseAndBitshift  stm32f4xx_hal_dma.o
    0x08000714   0x08000714   0x000000aa   Code   RO         1289    i.DMA_CheckFifoParam  stm32f4xx_hal_dma.o
    0x080007be   0x080007be   0x0000002c   Code   RO         1290    i.DMA_SetConfig     stm32f4xx_hal_dma.o
    0x080007ea   0x080007ea   0x00000002   Code   RO          381    i.DebugMon_Handler  stm32f4xx_it.o
    0x080007ec   0x080007ec   0x00000006   Code   RO           13    i.Error_Handler     main.o
    0x080007f2   0x080007f2   0x0000002a   Code   RO          551    i.HAL_CAN_ActivateNotification  stm32f4xx_hal_can.o
    0x0800081c   0x0800081c   0x00000156   Code   RO          552    i.HAL_CAN_AddTxMessage  stm32f4xx_hal_can.o
    0x08000972   0x08000972   0x00000002   PAD
    0x08000974   0x08000974   0x00000124   Code   RO          553    i.HAL_CAN_ConfigFilter  stm32f4xx_hal_can.o
    0x08000a98   0x08000a98   0x00000002   Code   RO          556    i.HAL_CAN_ErrorCallback  stm32f4xx_hal_can.o
    0x08000a9a   0x08000a9a   0x0000017a   Code   RO          559    i.HAL_CAN_GetRxMessage  stm32f4xx_hal_can.o
    0x08000c14   0x08000c14   0x0000024e   Code   RO          563    i.HAL_CAN_IRQHandler  stm32f4xx_hal_can.o
    0x08000e62   0x08000e62   0x00000174   Code   RO          564    i.HAL_CAN_Init      stm32f4xx_hal_can.o
    0x08000fd6   0x08000fd6   0x00000002   PAD
    0x08000fd8   0x08000fd8   0x00000180   Code   RO          198    i.HAL_CAN_MspInit   can.o
    0x08001158   0x08001158   0x00000002   Code   RO          571    i.HAL_CAN_RxFifo0FullCallback  stm32f4xx_hal_can.o
    0x0800115a   0x0800115a   0x00000002   PAD
    0x0800115c   0x0800115c   0x0000007c   Code   RO         3717    i.HAL_CAN_RxFifo0MsgPendingCallback  total_stack.o
    0x080011d8   0x080011d8   0x00000002   Code   RO          573    i.HAL_CAN_RxFifo1FullCallback  stm32f4xx_hal_can.o
    0x080011da   0x080011da   0x00000002   Code   RO          574    i.HAL_CAN_RxFifo1MsgPendingCallback  stm32f4xx_hal_can.o
    0x080011dc   0x080011dc   0x00000002   Code   RO          575    i.HAL_CAN_SleepCallback  stm32f4xx_hal_can.o
    0x080011de   0x080011de   0x0000005e   Code   RO          576    i.HAL_CAN_Start     stm32f4xx_hal_can.o
    0x0800123c   0x0800123c   0x00000002   Code   RO          578    i.HAL_CAN_TxMailbox0AbortCallback  stm32f4xx_hal_can.o
    0x0800123e   0x0800123e   0x00000002   Code   RO          579    i.HAL_CAN_TxMailbox0CompleteCallback  stm32f4xx_hal_can.o
    0x08001240   0x08001240   0x00000002   Code   RO          580    i.HAL_CAN_TxMailbox1AbortCallback  stm32f4xx_hal_can.o
    0x08001242   0x08001242   0x00000002   Code   RO          581    i.HAL_CAN_TxMailbox1CompleteCallback  stm32f4xx_hal_can.o
    0x08001244   0x08001244   0x00000002   Code   RO          582    i.HAL_CAN_TxMailbox2AbortCallback  stm32f4xx_hal_can.o
    0x08001246   0x08001246   0x00000002   Code   RO          583    i.HAL_CAN_TxMailbox2CompleteCallback  stm32f4xx_hal_can.o
    0x08001248   0x08001248   0x00000002   Code   RO          585    i.HAL_CAN_WakeUpFromRxMsgCallback  stm32f4xx_hal_can.o
    0x0800124a   0x0800124a   0x000000ac   Code   RO         1291    i.HAL_DMA_Abort     stm32f4xx_hal_dma.o
    0x080012f6   0x080012f6   0x00000028   Code   RO         1292    i.HAL_DMA_Abort_IT  stm32f4xx_hal_dma.o
    0x0800131e   0x0800131e   0x00000002   PAD
    0x08001320   0x08001320   0x00000240   Code   RO         1296    i.HAL_DMA_IRQHandler  stm32f4xx_hal_dma.o
    0x08001560   0x08001560   0x000000ec   Code   RO         1297    i.HAL_DMA_Init      stm32f4xx_hal_dma.o
    0x0800164c   0x0800164c   0x00000092   Code   RO         1301    i.HAL_DMA_Start_IT  stm32f4xx_hal_dma.o
    0x080016de   0x080016de   0x00000002   PAD
    0x080016e0   0x080016e0   0x00000028   Code   RO         1715    i.HAL_Delay         stm32f4xx_hal.o
    0x08001708   0x08001708   0x000001f4   Code   RO         1184    i.HAL_GPIO_Init     stm32f4xx_hal_gpio.o
    0x080018fc   0x080018fc   0x0000000c   Code   RO         1188    i.HAL_GPIO_WritePin  stm32f4xx_hal_gpio.o
    0x08001908   0x08001908   0x0000000c   Code   RO         1721    i.HAL_GetTick       stm32f4xx_hal.o
    0x08001914   0x08001914   0x00000018   Code   RO         1727    i.HAL_IncTick       stm32f4xx_hal.o
    0x0800192c   0x0800192c   0x0000003c   Code   RO         1728    i.HAL_Init          stm32f4xx_hal.o
    0x08001968   0x08001968   0x0000004c   Code   RO         1729    i.HAL_InitTick      stm32f4xx_hal.o
    0x080019b4   0x080019b4   0x00000048   Code   RO          526    i.HAL_MspInit       stm32f4xx_hal_msp.o
    0x080019fc   0x080019fc   0x00000020   Code   RO         1573    i.HAL_NVIC_EnableIRQ  stm32f4xx_hal_cortex.o
    0x08001a1c   0x08001a1c   0x0000007c   Code   RO         1579    i.HAL_NVIC_SetPriority  stm32f4xx_hal_cortex.o
    0x08001a98   0x08001a98   0x00000028   Code   RO         1580    i.HAL_NVIC_SetPriorityGrouping  stm32f4xx_hal_cortex.o
    0x08001ac0   0x08001ac0   0x00000184   Code   RO          785    i.HAL_RCC_ClockConfig  stm32f4xx_hal_rcc.o
    0x08001c44   0x08001c44   0x0000000c   Code   RO          790    i.HAL_RCC_GetHCLKFreq  stm32f4xx_hal_rcc.o
    0x08001c50   0x08001c50   0x00000020   Code   RO          792    i.HAL_RCC_GetPCLK1Freq  stm32f4xx_hal_rcc.o
    0x08001c70   0x08001c70   0x00000020   Code   RO          793    i.HAL_RCC_GetPCLK2Freq  stm32f4xx_hal_rcc.o
    0x08001c90   0x08001c90   0x000000b0   Code   RO          794    i.HAL_RCC_GetSysClockFreq  stm32f4xx_hal_rcc.o
    0x08001d40   0x08001d40   0x0000049c   Code   RO          797    i.HAL_RCC_OscConfig  stm32f4xx_hal_rcc.o
    0x080021dc   0x080021dc   0x00000034   Code   RO         1584    i.HAL_SYSTICK_Config  stm32f4xx_hal_cortex.o
    0x08002210   0x08002210   0x00000002   Code   RO         2683    i.HAL_TIMEx_BreakCallback  stm32f4xx_hal_tim_ex.o
    0x08002212   0x08002212   0x00000002   Code   RO         2684    i.HAL_TIMEx_CommutCallback  stm32f4xx_hal_tim_ex.o
    0x08002214   0x08002214   0x000000b4   Code   RO         2702    i.HAL_TIMEx_MasterConfigSynchronization  stm32f4xx_hal_tim_ex.o
    0x080022c8   0x080022c8   0x00000066   Code   RO         1968    i.HAL_TIM_Base_Init  stm32f4xx_hal_tim.o
    0x0800232e   0x0800232e   0x00000002   PAD
    0x08002330   0x08002330   0x00000084   Code   RO          271    i.HAL_TIM_Base_MspInit  tim.o
    0x080023b4   0x080023b4   0x000000a8   Code   RO         1973    i.HAL_TIM_Base_Start_IT  stm32f4xx_hal_tim.o
    0x0800245c   0x0800245c   0x0000010c   Code   RO         1977    i.HAL_TIM_ConfigClockSource  stm32f4xx_hal_tim.o
    0x08002568   0x08002568   0x00000002   Code   RO         2002    i.HAL_TIM_IC_CaptureCallback  stm32f4xx_hal_tim.o
    0x0800256a   0x0800256a   0x00000196   Code   RO         2016    i.HAL_TIM_IRQHandler  stm32f4xx_hal_tim.o
    0x08002700   0x08002700   0x00000002   Code   RO         2019    i.HAL_TIM_OC_DelayElapsedCallback  stm32f4xx_hal_tim.o
    0x08002702   0x08002702   0x00000002   Code   RO         2046    i.HAL_TIM_PWM_PulseFinishedCallback  stm32f4xx_hal_tim.o
    0x08002704   0x08002704   0x00000014   Code   RO           14    i.HAL_TIM_PeriodElapsedCallback  main.o
    0x08002718   0x08002718   0x00000002   Code   RO         2059    i.HAL_TIM_TriggerCallback  stm32f4xx_hal_tim.o
    0x0800271a   0x0800271a   0x00000082   Code   RO         2960    i.HAL_UARTEx_ReceiveToIdle_IT  stm32f4xx_hal_uart.o
    0x0800279c   0x0800279c   0x0000004c   Code   RO         3718    i.HAL_UARTEx_RxEventCallback  total_stack.o
    0x080027e8   0x080027e8   0x00000002   Code   RO         2975    i.HAL_UART_ErrorCallback  stm32f4xx_hal_uart.o
    0x080027ea   0x080027ea   0x00000002   PAD
    0x080027ec   0x080027ec   0x000002e0   Code   RO         2978    i.HAL_UART_IRQHandler  stm32f4xx_hal_uart.o
    0x08002acc   0x08002acc   0x00000072   Code   RO         2979    i.HAL_UART_Init     stm32f4xx_hal_uart.o
    0x08002b3e   0x08002b3e   0x00000002   PAD
    0x08002b40   0x08002b40   0x000002ec   Code   RO          319    i.HAL_UART_MspInit  usart.o
    0x08002e2c   0x08002e2c   0x00000042   Code   RO         2983    i.HAL_UART_Receive_DMA  stm32f4xx_hal_uart.o
    0x08002e6e   0x08002e6e   0x00000042   Code   RO         2984    i.HAL_UART_Receive_IT  stm32f4xx_hal_uart.o
    0x08002eb0   0x08002eb0   0x00000012   Code   RO         3719    i.HAL_UART_RxCpltCallback  total_stack.o
    0x08002ec2   0x08002ec2   0x00000002   Code   RO         2986    i.HAL_UART_RxHalfCpltCallback  stm32f4xx_hal_uart.o
    0x08002ec4   0x08002ec4   0x000000ac   Code   RO         2988    i.HAL_UART_Transmit_DMA  stm32f4xx_hal_uart.o
    0x08002f70   0x08002f70   0x00000058   Code   RO         2989    i.HAL_UART_Transmit_IT  stm32f4xx_hal_uart.o
    0x08002fc8   0x08002fc8   0x00000002   Code   RO         2990    i.HAL_UART_TxCpltCallback  stm32f4xx_hal_uart.o
    0x08002fca   0x08002fca   0x00000002   Code   RO         2991    i.HAL_UART_TxHalfCpltCallback  stm32f4xx_hal_uart.o
    0x08002fcc   0x08002fcc   0x00000004   Code   RO          382    i.HardFault_Handler  stm32f4xx_it.o
    0x08002fd0   0x08002fd0   0x00000044   Code   RO          199    i.MX_CAN1_Init      can.o
    0x08003014   0x08003014   0x00000044   Code   RO          200    i.MX_CAN2_Init      can.o
    0x08003058   0x08003058   0x00000068   Code   RO          246    i.MX_DMA_Init       dma.o
    0x080030c0   0x080030c0   0x000000f0   Code   RO          173    i.MX_GPIO_Init      gpio.o
    0x080031b0   0x080031b0   0x00000070   Code   RO          272    i.MX_TIM5_Init      tim.o
    0x08003220   0x08003220   0x0000004c   Code   RO          273    i.MX_TIM6_Init      tim.o
    0x0800326c   0x0800326c   0x00000038   Code   RO          320    i.MX_USART1_UART_Init  usart.o
    0x080032a4   0x080032a4   0x00000040   Code   RO          321    i.MX_USART3_UART_Init  usart.o
    0x080032e4   0x080032e4   0x00000038   Code   RO          322    i.MX_USART6_UART_Init  usart.o
    0x0800331c   0x0800331c   0x00000004   Code   RO          383    i.MemManage_Handler  stm32f4xx_it.o
    0x08003320   0x08003320   0x00000004   Code   RO          384    i.NMI_Handler       stm32f4xx_it.o
    0x08003324   0x08003324   0x00000002   Code   RO          385    i.PendSV_Handler    stm32f4xx_it.o
    0x08003326   0x08003326   0x00000002   Code   RO          386    i.SVC_Handler       stm32f4xx_it.o
    0x08003328   0x08003328   0x00000008   Code   RO          387    i.SysTick_Handler   stm32f4xx_it.o
    0x08003330   0x08003330   0x000000b4   Code   RO           15    i.SystemClock_Config  main.o
    0x080033e4   0x080033e4   0x00000014   Code   RO         3318    i.SystemInit        system_stm32f4xx.o
    0x080033f8   0x080033f8   0x00000010   Code   RO          388    i.TIM5_IRQHandler   stm32f4xx_it.o
    0x08003408   0x08003408   0x00000010   Code   RO          389    i.TIM6_DAC_IRQHandler  stm32f4xx_it.o
    0x08003418   0x08003418   0x000000d8   Code   RO         2061    i.TIM_Base_SetConfig  stm32f4xx_hal_tim.o
    0x080034f0   0x080034f0   0x00000016   Code   RO         2072    i.TIM_ETR_SetConfig  stm32f4xx_hal_tim.o
    0x08003506   0x08003506   0x00000012   Code   RO         2073    i.TIM_ITRx_SetConfig  stm32f4xx_hal_tim.o
    0x08003518   0x08003518   0x00000026   Code   RO         2079    i.TIM_TI1_ConfigInputStage  stm32f4xx_hal_tim.o
    0x0800353e   0x0800353e   0x00000028   Code   RO         2081    i.TIM_TI2_ConfigInputStage  stm32f4xx_hal_tim.o
    0x08003566   0x08003566   0x00000046   Code   RO         3720    i.Total_tasks_Init  total_stack.o
    0x080035ac   0x080035ac   0x00000184   Code   RO         3721    i.Total_tasks_Run   total_stack.o
    0x08003730   0x08003730   0x00000014   Code   RO         2992    i.UART_DMAAbortOnError  stm32f4xx_hal_uart.o
    0x08003744   0x08003744   0x00000050   Code   RO         2993    i.UART_DMAError     stm32f4xx_hal_uart.o
    0x08003794   0x08003794   0x000000b0   Code   RO         2994    i.UART_DMAReceiveCplt  stm32f4xx_hal_uart.o
    0x08003844   0x08003844   0x00000020   Code   RO         2996    i.UART_DMARxHalfCplt  stm32f4xx_hal_uart.o
    0x08003864   0x08003864   0x00000058   Code   RO         2998    i.UART_DMATransmitCplt  stm32f4xx_hal_uart.o
    0x080038bc   0x080038bc   0x0000000e   Code   RO         3000    i.UART_DMATxHalfCplt  stm32f4xx_hal_uart.o
    0x080038ca   0x080038ca   0x0000006c   Code   RO         3002    i.UART_EndRxTransfer  stm32f4xx_hal_uart.o
    0x08003936   0x08003936   0x00000020   Code   RO         3003    i.UART_EndTransmit_IT  stm32f4xx_hal_uart.o
    0x08003956   0x08003956   0x00000026   Code   RO         3004    i.UART_EndTxTransfer  stm32f4xx_hal_uart.o
    0x0800397c   0x0800397c   0x000000f8   Code   RO         3005    i.UART_Receive_IT   stm32f4xx_hal_uart.o
    0x08003a74   0x08003a74   0x0000022c   Code   RO         3006    i.UART_SetConfig    stm32f4xx_hal_uart.o
    0x08003ca0   0x08003ca0   0x000000d0   Code   RO         3007    i.UART_Start_Receive_DMA  stm32f4xx_hal_uart.o
    0x08003d70   0x08003d70   0x0000004a   Code   RO         3008    i.UART_Start_Receive_IT  stm32f4xx_hal_uart.o
    0x08003dba   0x08003dba   0x00000060   Code   RO         3009    i.UART_Transmit_IT  stm32f4xx_hal_uart.o
    0x08003e1a   0x08003e1a   0x00000002   PAD
    0x08003e1c   0x08003e1c   0x00000010   Code   RO          390    i.USART1_IRQHandler  stm32f4xx_it.o
    0x08003e2c   0x08003e2c   0x00000010   Code   RO          391    i.USART3_IRQHandler  stm32f4xx_it.o
    0x08003e3c   0x08003e3c   0x00000010   Code   RO          392    i.USART6_IRQHandler  stm32f4xx_it.o
    0x08003e4c   0x08003e4c   0x00000004   Code   RO          393    i.UsageFault_Handler  stm32f4xx_it.o
    0x08003e50   0x08003e50   0x0000009c   Code   RO         3725    i._Z10set_mcl_ofib  total_stack.o
    0x08003eec   0x08003eec   0x00000060   Code   RO         3726    i._Z10set_xtl_ofib  total_stack.o
    0x08003f4c   0x08003f4c   0x0000002c   Code   RO         3728    i._Z11RM_Can_Initv  total_stack.o
    0x08003f78   0x08003f78   0x0000002c   Code   RO         3729    i._Z11RM_Can_SendP19__CAN_HandleTypeDefjPhj  total_stack.o
    0x08003fa4   0x08003fa4   0x00000018   Code   RO         3733    i._Z13Send_3508_CANv  total_stack.o
    0x08003fbc   0x08003fbc   0x0000028c   Code   RO         3736    i._Z15darw_graphic_uiv  total_stack.o
    0x08004248   0x08004248   0x00000044   Code   RO         3737    i._Z18RM_CAN_Filter_Initv  total_stack.o
    0x0800428c   0x0800428c   0x0000026c   Code   RO         3740    i._Z21Get_Gimbal_to_ChassisP20__UART_HandleTypeDef  total_stack.o
    0x080044f8   0x080044f8   0x00000036   Code   RO         3741    i._Z26GET_Motor_ID_ADDRESS_BIND_P8RM_Motori  total_stack.o
    0x0800452e   0x0800452e   0x00000002   PAD
    0x08004530   0x08004530   0x00000018   Code   RO         3742    i._Z26Get_Gimbal_to_Chassis_Initv  total_stack.o
    0x08004548   0x08004548   0x00000748   Code   RO         3743    i._Z27darw_graphic_static_ui_initv  total_stack.o
    0x08004c90   0x08004c90   0x00000010   Code   RO         3744    i._Z36set_send_graphic_queue_is_Delete_allv  total_stack.o
    0x08004ca0   0x08004ca0   0x00000016   Code   RO         3745    i._Z6setMSDP17Motor_send_data_tsi  total_stack.o
    0x08004cb6   0x08004cb6   0x00000002   PAD
    0x08004cb8   0x08004cb8   0x0000009c   Code   RO         3750    i._Z9set_cm_ofib    total_stack.o
    0x08004d54   0x08004d54   0x00000060   Code   RO         3751    i._Z9set_cs_ofih    total_stack.o
    0x08004db4   0x08004db4   0x00000018   Code   RO         4167    i._ZN10RM_Clicker4InitEv  total_stack.o
    0x08004dcc   0x08004dcc   0x000000e8   Code   RO         4113    i._ZN10RM_Clicker9ParseDataEv  total_stack.o
    0x08004eb4   0x08004eb4   0x00000290   Code   RO         4065    i._ZN12TD_quadratic12td_quadraticEfb  total_stack.o
    0x08005144   0x08005144   0x00000010   Code   RO         4143    i._ZN12TD_quadraticC1Efffh  total_stack.o
    0x08005154   0x08005154   0x0000005c   Code   RO         3754    i._ZN13NonLinear_Fun7Fsg_FunEff  total_stack.o
    0x080051b0   0x080051b0   0x0000027c   Code   RO         3755    i._ZN13NonLinear_Fun8Fhan_FunEffff  total_stack.o
    0x0800542c   0x0800542c   0x00000022   Code   RO         3756    i._ZN13NonLinear_Fun8Fign_FunEf  total_stack.o
    0x0800544e   0x0800544e   0x0000000c   Code   RO         4179    i._ZN13RM_StaticTime10UpLastTimeEv  total_stack.o
    0x0800545a   0x0800545a   0x00000032   Code   RO         4095    i._ZN13RM_StaticTime5ISOneEj  total_stack.o
    0x0800548c   0x0800548c   0x00000090   Code   RO         4191    i._ZN14combines_x_x_t12combines_x_xEffff  total_stack.o
    0x0800551c   0x0800551c   0x000001d4   Code   RO         4131    i._ZN15LADRC_quadratic13eso_quadraticEfh  total_stack.o
    0x080056f0   0x080056f0   0x000001b4   Code   RO         4125    i._ZN15LADRC_quadratic14sef_controllerEh  total_stack.o
    0x080058a4   0x080058a4   0x0000003e   Code   RO         4137    i._ZN15LADRC_quadratic7up_dataEffhb  total_stack.o
    0x080058e2   0x080058e2   0x00000062   Code   RO         4149    i._ZN15LADRC_quadraticC1E12TD_quadraticffffff  total_stack.o
    0x08005944   0x08005944   0x00000038   Code   RO         3421    i._ZN16RM_RefereeSystem19RM_RefereeSystemDirEv  rm_refereesystem.o
    0x0800597c   0x0800597c   0x00000018   Code   RO         3422    i._ZN16RM_RefereeSystem20RM_RefereeSystemInitEv  rm_refereesystem.o
    0x08005994   0x08005994   0x00000038   Code   RO         3423    i._ZN16RM_RefereeSystem21RM_RefereeSystemParseEP20__UART_HandleTypeDef  rm_refereesystem.o
    0x080059cc   0x080059cc   0x000000a8   Code   RO         3424    i._ZN16RM_RefereeSystem22RM_RefereeSystemDeleteEcc  rm_refereesystem.o
    0x08005a74   0x08005a74   0x000000d0   Code   RO         3426    i._ZN16RM_RefereeSystem22RM_RefereeSystemSetStrEPcjS0_jj  rm_refereesystem.o
    0x08005b44   0x08005b44   0x00000014   Code   RO         3427    i._ZN16RM_RefereeSystem23RM_RefereeSystemClsToopEv  rm_refereesystem.o
    0x08005b58   0x08005b58   0x00000058   Code   RO         3428    i._ZN16RM_RefereeSystem23RM_RefereeSystemGetDataEh  rm_refereesystem.o
    0x08005bb0   0x08005bb0   0x000000c0   Code   RO         3429    i._ZN16RM_RefereeSystem23RM_RefereeSystemSendStrENS_29ext_client_custom_character_tE  rm_refereesystem.o
    0x08005c70   0x08005c70   0x000000b4   Code   RO         3430    i._ZN16RM_RefereeSystem23RM_RefereeSystemSetLineEPcjjjjj  rm_refereesystem.o
    0x08005d24   0x08005d24   0x0000000c   Code   RO         3432    i._ZN16RM_RefereeSystem24RM_RefereeSystemSetColorEi  rm_refereesystem.o
    0x08005d30   0x08005d30   0x0000000c   Code   RO         3433    i._ZN16RM_RefereeSystem24RM_RefereeSystemSetWidthEi  rm_refereesystem.o
    0x08005d3c   0x08005d3c   0x000000e0   Code   RO         3434    i._ZN16RM_RefereeSystem25RM_RefereeSystemParseDataEPhi  rm_refereesystem.o
    0x08005e1c   0x08005e1c   0x0000011c   Code   RO         3436    i._ZN16RM_RefereeSystem25RM_RefereeSystemSendDataNEPKNS_21graphic_data_struct_tEi  rm_refereesystem.o
    0x08005f38   0x08005f38   0x000000a8   Code   RO         3437    i._ZN16RM_RefereeSystem25RM_RefereeSystemSetCircleEPcjjjj  rm_refereesystem.o
    0x08005fe0   0x08005fe0   0x0000008c   Code   RO         3439    i._ZN16RM_RefereeSystem26RM_RefereeSystemGetRobotIdEv  rm_refereesystem.o
    0x0800606c   0x0800606c   0x000000b4   Code   RO         3441    i._ZN16RM_RefereeSystem28RM_RefereeSystemSetRectangleEPcjjjjj  rm_refereesystem.o
    0x08006120   0x08006120   0x0000000c   Code   RO         3442    i._ZN16RM_RefereeSystem29RM_RefereeSystemSetStringSizeEi  rm_refereesystem.o
    0x0800612c   0x0800612c   0x0000000c   Code   RO         3443    i._ZN16RM_RefereeSystem30RM_RefereeSystemSetOperateTpyeEi  rm_refereesystem.o
    0x08006138   0x08006138   0x00000036   Code   RO         4077    i._ZN18SEND_GRAPHIC_QUEUE3addEN16RM_RefereeSystem21graphic_data_struct_tE  total_stack.o
    0x0800616e   0x0800616e   0x00000002   PAD
    0x08006170   0x08006170   0x000000d8   Code   RO         4101    i._ZN18SEND_GRAPHIC_QUEUE4sendEv  total_stack.o
    0x08006248   0x08006248   0x0000003e   Code   RO         4083    i._ZN18SEND_GRAPHIC_QUEUE6add_wzEN16RM_RefereeSystem29ext_client_custom_character_tE  total_stack.o
    0x08006286   0x08006286   0x00000002   PAD
    0x08006288   0x08006288   0x00000098   Code   RO         4173    i._ZN18SEND_GRAPHIC_QUEUE7send_wzEv  total_stack.o
    0x08006320   0x08006320   0x00000024   Code   RO         3351    i._ZN19RM_RefereeSystemCRC18Get_CRC8_Check_SumEPhjh  rm_refereesystemcrc.o
    0x08006344   0x08006344   0x00000034   Code   RO         3352    i._ZN19RM_RefereeSystemCRC19Get_CRC16_Check_SumEPhjt  rm_refereesystemcrc.o
    0x08006378   0x08006378   0x00000024   Code   RO         3353    i._ZN19RM_RefereeSystemCRC21Append_CRC8_Check_SumEPhj  rm_refereesystemcrc.o
    0x0800639c   0x0800639c   0x0000002e   Code   RO         3354    i._ZN19RM_RefereeSystemCRC21Verify_CRC8_Check_SumEPhj  rm_refereesystemcrc.o
    0x080063ca   0x080063ca   0x00000002   PAD
    0x080063cc   0x080063cc   0x00000030   Code   RO         3355    i._ZN19RM_RefereeSystemCRC22Append_CRC16_Check_SumEPhj  rm_refereesystemcrc.o
    0x080063fc   0x080063fc   0x00000040   Code   RO         3356    i._ZN19RM_RefereeSystemCRC22Verify_CRC16_Check_SumEPhj  rm_refereesystemcrc.o
    0x0800643c   0x0800643c   0x00000026   Code   RO         4089    i._ZN6RM_Key5UpKeyEb  total_stack.o
    0x08006462   0x08006462   0x00000002   PAD
    0x08006464   0x08006464   0x00000038   Code   RO         4155    i._ZN6RM_PIDC1Ev    total_stack.o
    0x0800649c   0x0800649c   0x000000f4   Code   RO         3758    i._ZN7RM_PM0111PM01SendFunEv  total_stack.o
    0x08006590   0x08006590   0x0000003c   Code   RO         3759    i._ZN7RM_PM0112PM01SendDataEjt  total_stack.o
    0x080065cc   0x080065cc   0x00000030   Code   RO         3760    i._ZN7RM_PM0114PM01SendRemoteEj  total_stack.o
    0x080065fc   0x080065fc   0x00000014   Code   RO         3761    i._ZN7RM_PM018PM01InitEv  total_stack.o
    0x08006610   0x08006610   0x00000148   Code   RO         3762    i._ZN7RM_PM019PM01ParseE19CAN_RxHeaderTypeDefPh  total_stack.o
    0x08006758   0x08006758   0x00000022   Code   RO         4185    i._ZN8RM_Motor17GetMotorDataSpeedEs  total_stack.o
    0x0800677a   0x0800677a   0x0000024a   Code   RO         4107    i._ZN8RM_Motor5ParseE19CAN_RxHeaderTypeDefPh  total_stack.o
    0x080069c4   0x080069c4   0x00000084   Code   RO         3763    i._ZN8RM_MotorC1EshP7Motor_tPh  total_stack.o
    0x08006a48   0x08006a48   0x0000000a   Code   RO         4161    i._ZSt4fabsf        total_stack.o
    0x08006a52   0x08006a52   0x00000030   Code   RO         4613    i.__ARM_fpclassify  m_wm.l(fpclassify.o)
    0x08006a82   0x08006a82   0x00000026   Code   RO         4615    i.__ARM_fpclassifyf  m_wm.l(fpclassifyf.o)
    0x08006aa8   0x08006aa8   0x00000010   Code   RO         1586    i.__NVIC_GetPriorityGrouping  stm32f4xx_hal_cortex.o
    0x08006ab8   0x08006ab8   0x00000028   Code   RO         1587    i.__NVIC_SetPriority  stm32f4xx_hal_cortex.o
    0x08006ae0   0x08006ae0   0x00000024   Code   RO         4413    i.__aeabi_vec_ctor_nocookie_nodtor  cpprt_w.l(aeabi_vec_ctor_nocookie_nodtor.o)
    0x08006b04   0x08006b04   0x00000004   PAD
    0x08006b08   0x08006b08   0x00000360   Code   RO         4456    i.__hardfp_asin     m_wm.l(asin.o)
    0x08006e68   0x08006e68   0x00000150   Code   RO         4470    i.__hardfp_cosf     m_wm.l(cosf.o)
    0x08006fb8   0x08006fb8   0x00000190   Code   RO         4500    i.__hardfp_sinf     m_wm.l(sinf.o)
    0x08007148   0x08007148   0x0000003a   Code   RO         4512    i.__hardfp_sqrtf    m_wm.l(sqrtf.o)
    0x08007182   0x08007182   0x000000f8   Code   RO         4631    i.__kernel_poly     m_wm.l(poly.o)
    0x0800727a   0x0800727a   0x00000014   Code   RO         4600    i.__mathlib_dbl_infnan  m_wm.l(dunder.o)
    0x0800728e   0x0800728e   0x00000002   PAD
    0x08007290   0x08007290   0x00000020   Code   RO         4602    i.__mathlib_dbl_invalid  m_wm.l(dunder.o)
    0x080072b0   0x080072b0   0x00000020   Code   RO         4605    i.__mathlib_dbl_underflow  m_wm.l(dunder.o)
    0x080072d0   0x080072d0   0x00000006   Code   RO         4618    i.__mathlib_flt_infnan  m_wm.l(funder.o)
    0x080072d6   0x080072d6   0x00000002   PAD
    0x080072d8   0x080072d8   0x00000010   Code   RO         4620    i.__mathlib_flt_invalid  m_wm.l(funder.o)
    0x080072e8   0x080072e8   0x00000010   Code   RO         4623    i.__mathlib_flt_underflow  m_wm.l(funder.o)
    0x080072f8   0x080072f8   0x00000154   Code   RO         4633    i.__mathlib_rredf2  m_wm.l(rredf.o)
    0x0800744c   0x0800744c   0x00000300   Code   RO         3764    i.__sti___15_Total_stack_cpp_58d84705  total_stack.o
    0x0800774c   0x0800774c   0x00000018   Code   RO         4484    i.fabs              m_wm.l(fabs.o)
    0x08007764   0x08007764   0x0000004c   Code   RO           16    i.main              main.o
    0x080077b0   0x080077b0   0x00000204   Code   RO         3765    i.pid_send_can      total_stack.o
    0x080079b4   0x080079b4   0x0000006e   Code   RO         4638    i.sqrt              m_wm.l(sqrt.o)
    0x08007a22   0x08007a22   0x00000018   Code   RO         4416    x$fpl$basic         fz_wm.l(basic.o)
    0x08007a3a   0x08007a3a   0x00000002   PAD
    0x08007a3c   0x08007a3c   0x00000062   Code   RO         4418    x$fpl$d2f           fz_wm.l(d2f.o)
    0x08007a9e   0x08007a9e   0x00000002   PAD
    0x08007aa0   0x08007aa0   0x00000150   Code   RO         4420    x$fpl$dadd          fz_wm.l(daddsub_clz.o)
    0x08007bf0   0x08007bf0   0x000002b0   Code   RO         4427    x$fpl$ddiv          fz_wm.l(ddiv.o)
    0x08007ea0   0x08007ea0   0x0000005e   Code   RO         4432    x$fpl$dfix          fz_wm.l(dfix.o)
    0x08007efe   0x08007efe   0x00000002   PAD
    0x08007f00   0x08007f00   0x0000005a   Code   RO         4436    x$fpl$dfixu         fz_wm.l(dfixu.o)
    0x08007f5a   0x08007f5a   0x0000002e   Code   RO         4441    x$fpl$dflt          fz_wm.l(dflt_clz.o)
    0x08007f88   0x08007f88   0x00000026   Code   RO         4440    x$fpl$dfltu         fz_wm.l(dflt_clz.o)
    0x08007fae   0x08007fae   0x00000002   PAD
    0x08007fb0   0x08007fb0   0x00000154   Code   RO         4448    x$fpl$dmul          fz_wm.l(dmul.o)
    0x08008104   0x08008104   0x0000009c   Code   RO         4588    x$fpl$dnaninf       fz_wm.l(dnaninf.o)
    0x080081a0   0x080081a0   0x0000000c   Code   RO         4592    x$fpl$dretinf       fz_wm.l(dretinf.o)
    0x080081ac   0x080081ac   0x00000016   Code   RO         4421    x$fpl$drsb          fz_wm.l(daddsub_clz.o)
    0x080081c2   0x080081c2   0x00000002   PAD
    0x080081c4   0x080081c4   0x00000198   Code   RO         4714    x$fpl$dsqrt         fz_wm.l(dsqrt_umaal.o)
    0x0800835c   0x0800835c   0x000001d4   Code   RO         4422    x$fpl$dsub          fz_wm.l(daddsub_clz.o)
    0x08008530   0x08008530   0x00000056   Code   RO         4452    x$fpl$f2d           fz_wm.l(f2d.o)
    0x08008586   0x08008586   0x0000008c   Code   RO         4594    x$fpl$fnaninf       fz_wm.l(fnaninf.o)
    0x08008612   0x08008612   0x0000000a   Code   RO         4716    x$fpl$fpinit        fz_wm.l(fpinit.o)
    0x0800861c   0x0800861c   0x0000000a   Code   RO         4596    x$fpl$fretinf       fz_wm.l(fretinf.o)
    0x08008626   0x08008626   0x00000000   Code   RO         4598    x$fpl$usenofp       fz_wm.l(usenofp.o)
    0x08008626   0x08008626   0x00000008   Data   RO         1303    .constdata          stm32f4xx_hal_dma.o
    0x0800862e   0x0800862e   0x00000018   Data   RO         3319    .constdata          system_stm32f4xx.o
    0x08008646   0x08008646   0x00000300   Data   RO         3363    .constdata          rm_refereesystemcrc.o
    0x08008946   0x08008946   0x00000002   PAD
    0x08008948   0x08008948   0x000002a8   Data   RO         3817    .constdata          total_stack.o
    0x08008bf0   0x08008bf0   0x00000050   Data   RO         4459    .constdata          m_wm.l(asin.o)
    0x08008c40   0x08008c40   0x00000020   Data   RO         4634    .constdata          m_wm.l(rredf.o)
    0x08008c60   0x08008c60   0x00000020   Data   RO         4937    Region$$Table       anon$$obj.o
    0x08008c80   0x08008c80   0x00000004   Data   RO         3819    .init_array         total_stack.o
    0x08008c84   0x08008c80   0x00000000   Data   RO         4408    .init_array         c_w.l(init_aeabi.o)


    Execution Region RW_IRAM2 (Exec base: 0x10000000, Load base: 0x08008cc0, Size: 0x00000000, Max: 0x00010000, ABSOLUTE)

    **** No section assigned to this execution region ****


    Execution Region RW_IRAM1 (Exec base: 0x20000000, Load base: 0x08008c84, Size: 0x00002a10, Max: 0x00020000, ABSOLUTE, COMPRESSED[0x0000003c])

    Exec Addr    Load Addr    Size         Type   Attr      Idx    E Section Name        Object

    0x20000000   COMPRESSED   0x00000004   Data   RW          202    .data               can.o
    0x20000004   COMPRESSED   0x00000009   Data   RW         1735    .data               stm32f4xx_hal.o
    0x2000000d   COMPRESSED   0x00000003   PAD
    0x20000010   COMPRESSED   0x00000004   Data   RW         3320    .data               system_stm32f4xx.o
    0x20000014   COMPRESSED   0x00000002   Data   RW         3364    .data               rm_refereesystemcrc.o
    0x20000016   COMPRESSED   0x00000002   PAD
    0x20000018   COMPRESSED   0x00000038   Data   RW         3470    .data               rm_refereesystem.o
    0x20000050   COMPRESSED   0x000000e5   Data   RW         3818    .data               total_stack.o
    0x20000135   COMPRESSED   0x00000003   PAD
    0x20000138        -       0x00000050   Zero   RW          201    .bss                can.o
    0x20000188        -       0x00000090   Zero   RW          274    .bss                tim.o
    0x20000218        -       0x0000024c   Zero   RW          323    .bss                usart.o
    0x20000464        -       0x00000258   Zero   RW         3469    .bss                rm_refereesystem.o
    0x200006bc   COMPRESSED   0x00000004   PAD
    0x200006c0        -       0x00001cea   Zero   RW         3816    .bss                total_stack.o
    0x200023aa   COMPRESSED   0x00000002   PAD
    0x200023ac        -       0x00000060   Zero   RW         4721    .bss                c_w.l(libspace.o)
    0x2000240c   COMPRESSED   0x00000004   PAD
    0x20002410        -       0x00000200   Zero   RW            2    HEAP                startup_stm32f407xx.o
    0x20002610        -       0x00000400   Zero   RW            1    STACK               startup_stm32f407xx.o


==============================================================================

Image component sizes


      Code (inc. data)   RO Data    RW Data    ZI Data      Debug   Object Name

       520         44          0          4         80       2750   can.o
       104          4          0          0          0        906   dma.o
       240          8          0          0          0       1167   gpio.o
       282         22          0          0          0     704180   main.o
      2036        174          0         56        600     607238   rm_refereesystem.o
       282         20        768          2          0       9772   rm_refereesystemcrc.o
        64         26        392          0       1536        900   startup_stm32f407xx.o
       212         36          0          9          0       9865   stm32f4xx_hal.o
      2134          6          0          0          0      15483   stm32f4xx_hal_can.o
       304         22          0          0          0      34859   stm32f4xx_hal_cortex.o
      1436         16          8          0          0       7550   stm32f4xx_hal_dma.o
       512         46          0          0          0       2288   stm32f4xx_hal_gpio.o
        72          4          0          0          0        974   stm32f4xx_hal_msp.o
      1820         84          0          0          0       6028   stm32f4xx_hal_rcc.o
      1286         76          0          0          0      10495   stm32f4xx_hal_tim.o
       184         30          0          0          0       2725   stm32f4xx_hal_tim_ex.o
      3150         38          0          0          0      21036   stm32f4xx_hal_uart.o
       242         78          0          0          0      12014   stm32f4xx_it.o
        20          6         24          4          0       1307   system_stm32f4xx.o
       320         32          0          0        144       2615   tim.o
     10964        938        684        229       7402     659773   total_stack.o
       924         86          0          0        588       3836   usart.o

    ----------------------------------------------------------------------
     27138       1796       1910        312      10356    2117761   Object Totals
         0          0         32          0          0          0   (incl. Generated)
        30          0          2          8          6          0   (incl. Padding)

    ----------------------------------------------------------------------

      Code (inc. data)   RO Data    RW Data    ZI Data      Debug   Library Member Name

        90          0          0          0          0          0   __dczerorl2.o
         8          0          0          0          0         68   __main.o
         0          0          0          0          0          0   __rtentry.o
        12          0          0          0          0          0   __rtentry2.o
         6          0          0          0          0          0   __rtentry4.o
        52          8          0          0          0          0   __scatter.o
        28          0          0          0          0          0   __scatter_zi.o
        22          0          0          0          0        100   _rserrno.o
        18          0          0          0          0         80   exit.o
         6          0          0          0          0        152   heapauxi.o
         0          0          0          0          0          0   indicate_semi.o
        36         10          0          0          0         80   init_aeabi.o
         2          0          0          0          0          0   libinit.o
        10          0          0          0          0          0   libinit2.o
         2          0          0          0          0          0   libshutdown.o
         2          0          0          0          0          0   libshutdown2.o
         8          4          0          0         96         68   libspace.o
       238          0          0          0          0        100   lludivv7m.o
         8          4          0          0          0         68   rt_errno_addr_intlibspace.o
        68          0          0          0          0         68   rt_memclr.o
        78          0          0          0          0         80   rt_memclr_w.o
       138          0          0          0          0         68   rt_memcpy_v6.o
       100          0          0          0          0         80   rt_memcpy_w.o
         2          0          0          0          0          0   rtexit.o
        10          0          0          0          0          0   rtexit2.o
        62          0          0          0          0         76   strlen.o
        12          4          0          0          0         68   sys_exit.o
        74          0          0          0          0         80   sys_stackheap_outer.o
         2          0          0          0          0         68   use_no_semi.o
        36          0          0          0          0         84   aeabi_vec_ctor_nocookie_nodtor.o
        24          0          0          0          0        164   basic.o
        98          4          0          0          0        140   d2f.o
       826         16          0          0          0        492   daddsub_clz.o
       688        140          0          0          0        256   ddiv.o
        94          4          0          0          0        140   dfix.o
        90          4          0          0          0        140   dfixu.o
        84          0          0          0          0        232   dflt_clz.o
       340         12          0          0          0        152   dmul.o
       156          4          0          0          0        140   dnaninf.o
        12          0          0          0          0        116   dretinf.o
       408         56          0          0          0        168   dsqrt_umaal.o
        86          4          0          0          0        132   f2d.o
       140          4          0          0          0        132   fnaninf.o
        10          0          0          0          0        116   fpinit.o
        10          0          0          0          0        116   fretinf.o
         0          0          0          0          0          0   usenofp.o
       864         94         80          0          0        280   asin.o
       336         56          0          0          0        136   cosf.o
        84         16          0          0          0        372   dunder.o
        24          0          0          0          0        124   fabs.o
        48          0          0          0          0        124   fpclassify.o
        38          0          0          0          0        116   fpclassifyf.o
        38         12          0          0          0        348   funder.o
       248          0          0          0          0        152   poly.o
       340         24         32          0          0        160   rredf.o
       400         56          0          0          0        212   sinf.o
       110          0          0          0          0        148   sqrt.o
        58          0          0          0          0        136   sqrtf.o

    ----------------------------------------------------------------------
      6812        536        112          0        100       6332   Library Totals
        28          0          0          0          4          0   (incl. Padding)

    ----------------------------------------------------------------------

      Code (inc. data)   RO Data    RW Data    ZI Data      Debug   Library Name

      1094         30          0          0         96       1304   c_w.l
        36          0          0          0          0         84   cpprt_w.l
      3066        248          0          0          0       2636   fz_wm.l
      2588        258        112          0          0       2308   m_wm.l

    ----------------------------------------------------------------------
      6812        536        112          0        100       6332   Library Totals

    ----------------------------------------------------------------------

==============================================================================


      Code (inc. data)   RO Data    RW Data    ZI Data      Debug   

     33950       2332       2022        312      10456    2100717   Grand Totals
     33950       2332       2022         60      10456    2100717   ELF Image Totals (compressed)
     33950       2332       2022         60          0          0   ROM Totals

==============================================================================

    Total RO  Size (Code + RO Data)                35972 (  35.13kB)
    Total RW  Size (RW Data + ZI Data)             10768 (  10.52kB)
    Total ROM Size (Code + RO Data + RW Data)      36032 (  35.19kB)

==============================================================================

