Component: ARM Compiler 5.06 update 7 (build 960) Tool: armlink [4d3601]

==============================================================================

Section Cross References

    startup_stm32f407xx.o(STACK) refers (Special) to heapauxi.o(.text) for __use_two_region_memory
    startup_stm32f407xx.o(HEAP) refers (Special) to heapauxi.o(.text) for __use_two_region_memory
    startup_stm32f407xx.o(RESET) refers (Special) to heapauxi.o(.text) for __use_two_region_memory
    startup_stm32f407xx.o(RESET) refers to startup_stm32f407xx.o(STACK) for __initial_sp
    startup_stm32f407xx.o(RESET) refers to startup_stm32f407xx.o(.text) for Reset_Handler
    startup_stm32f407xx.o(RESET) refers to stm32f4xx_it.o(i.NMI_Handler) for NMI_Handler
    startup_stm32f407xx.o(RESET) refers to stm32f4xx_it.o(i.HardFault_Handler) for HardFault_Handler
    startup_stm32f407xx.o(RESET) refers to stm32f4xx_it.o(i.MemManage_Handler) for MemManage_Handler
    startup_stm32f407xx.o(RESET) refers to stm32f4xx_it.o(i.BusFault_Handler) for BusFault_Handler
    startup_stm32f407xx.o(RESET) refers to stm32f4xx_it.o(i.UsageFault_Handler) for UsageFault_Handler
    startup_stm32f407xx.o(RESET) refers to stm32f4xx_it.o(i.SVC_Handler) for SVC_Handler
    startup_stm32f407xx.o(RESET) refers to stm32f4xx_it.o(i.DebugMon_Handler) for DebugMon_Handler
    startup_stm32f407xx.o(RESET) refers to stm32f4xx_it.o(i.PendSV_Handler) for PendSV_Handler
    startup_stm32f407xx.o(RESET) refers to stm32f4xx_it.o(i.SysTick_Handler) for SysTick_Handler
    startup_stm32f407xx.o(RESET) refers to stm32f4xx_it.o(i.CAN1_RX0_IRQHandler) for CAN1_RX0_IRQHandler
    startup_stm32f407xx.o(RESET) refers to stm32f4xx_it.o(i.CAN1_RX1_IRQHandler) for CAN1_RX1_IRQHandler
    startup_stm32f407xx.o(RESET) refers to stm32f4xx_it.o(i.USART1_IRQHandler) for USART1_IRQHandler
    startup_stm32f407xx.o(RESET) refers to stm32f4xx_it.o(i.USART3_IRQHandler) for USART3_IRQHandler
    startup_stm32f407xx.o(RESET) refers to stm32f4xx_it.o(i.TIM5_IRQHandler) for TIM5_IRQHandler
    startup_stm32f407xx.o(RESET) refers to stm32f4xx_it.o(i.TIM6_DAC_IRQHandler) for TIM6_DAC_IRQHandler
    startup_stm32f407xx.o(RESET) refers to stm32f4xx_it.o(i.DMA2_Stream1_IRQHandler) for DMA2_Stream1_IRQHandler
    startup_stm32f407xx.o(RESET) refers to stm32f4xx_it.o(i.DMA2_Stream2_IRQHandler) for DMA2_Stream2_IRQHandler
    startup_stm32f407xx.o(RESET) refers to stm32f4xx_it.o(i.CAN2_RX0_IRQHandler) for CAN2_RX0_IRQHandler
    startup_stm32f407xx.o(RESET) refers to stm32f4xx_it.o(i.CAN2_RX1_IRQHandler) for CAN2_RX1_IRQHandler
    startup_stm32f407xx.o(RESET) refers to stm32f4xx_it.o(i.DMA2_Stream6_IRQHandler) for DMA2_Stream6_IRQHandler
    startup_stm32f407xx.o(RESET) refers to stm32f4xx_it.o(i.DMA2_Stream7_IRQHandler) for DMA2_Stream7_IRQHandler
    startup_stm32f407xx.o(RESET) refers to stm32f4xx_it.o(i.USART6_IRQHandler) for USART6_IRQHandler
    startup_stm32f407xx.o(.text) refers (Special) to heapauxi.o(.text) for __use_two_region_memory
    startup_stm32f407xx.o(.text) refers to system_stm32f4xx.o(i.SystemInit) for SystemInit
    startup_stm32f407xx.o(.text) refers to __main.o(!!!main) for __main
    startup_stm32f407xx.o(.text) refers to startup_stm32f407xx.o(HEAP) for Heap_Mem
    startup_stm32f407xx.o(.text) refers to startup_stm32f407xx.o(STACK) for Stack_Mem
    main_1.o(i.<Func19>) refers to rt_memcpy_w.o(.text) for __aeabi_memcpy4
    main_1.o(i.<Func19>) refers to main_1.o(i._ZN6RM_PIDC1Ev) for RM_PID::RM_PID()
    main_1.o(i.<Func19>) refers to main_1.o(.constdata) for <Data1>
    main_1.o(i.HAL_CAN_RxFifo0MsgPendingCallback) refers to stm32f4xx_hal_can.o(i.HAL_CAN_GetRxMessage) for HAL_CAN_GetRxMessage
    main_1.o(i.HAL_CAN_RxFifo0MsgPendingCallback) refers to main_1.o(i._ZN8RM_Motor5ParseE19CAN_RxHeaderTypeDefPh) for RM_Motor::Parse(CAN_RxHeaderTypeDef, unsigned char*)
    main_1.o(i.HAL_CAN_RxFifo0MsgPendingCallback) refers to main_1.o(i._ZN7RM_PM019PM01ParseE19CAN_RxHeaderTypeDefPh) for RM_PM01::PM01Parse(CAN_RxHeaderTypeDef, unsigned char*)
    main_1.o(i.HAL_CAN_RxFifo0MsgPendingCallback) refers to main_1.o(.data) for RxHeaderData
    main_1.o(i.HAL_CAN_RxFifo0MsgPendingCallback) refers to main_1.o(.bss) for RxHeader
    main_1.o(i.HAL_CAN_RxFifo0MsgPendingCallback) refers to can.o(.bss) for hcan1
    main_1.o(i.HAL_TIM_PeriodElapsedCallback) refers to dflt_clz.o(x$fpl$dflt) for __aeabi_i2d
    main_1.o(i.HAL_TIM_PeriodElapsedCallback) refers to dmul.o(x$fpl$dmul) for __aeabi_dmul
    main_1.o(i.HAL_TIM_PeriodElapsedCallback) refers to d2f.o(x$fpl$d2f) for __aeabi_d2f
    main_1.o(i.HAL_TIM_PeriodElapsedCallback) refers to f2d.o(x$fpl$f2d) for __aeabi_f2d
    main_1.o(i.HAL_TIM_PeriodElapsedCallback) refers to daddsub_clz.o(x$fpl$dadd) for __aeabi_dadd
    main_1.o(i.HAL_TIM_PeriodElapsedCallback) refers to cosf.o(i.__hardfp_cosf) for __hardfp_cosf
    main_1.o(i.HAL_TIM_PeriodElapsedCallback) refers to sinf.o(i.__hardfp_sinf) for __hardfp_sinf
[...]
    __aeabi_memcpy                           0x080004eb   Thumb Code     0  rt_memcpy_v6.o(.text)
    __rt_memcpy                              0x080004eb   Thumb Code   138  rt_memcpy_v6.o(.text)
    _memcpy_lastbytes                        0x08000551   Thumb Code     0  rt_memcpy_v6.o(.text)
    __aeabi_memcpy4                          0x08000575   Thumb Code     0  rt_memcpy_w.o(.text)
    __aeabi_memcpy8                          0x08000575   Thumb Code     0  rt_memcpy_w.o(.text)
    __rt_memcpy_w                            0x08000575   Thumb Code   100  rt_memcpy_w.o(.text)
    _memcpy_lastbytes_aligned                0x080005bd   Thumb Code     0  rt_memcpy_w.o(.text)
    __aeabi_memclr                           0x080005d9   Thumb Code     0  rt_memclr.o(.text)
    __rt_memclr                              0x080005d9   Thumb Code    68  rt_memclr.o(.text)
    _memset                                  0x080005dd   Thumb Code     0  rt_memclr.o(.text)
    __aeabi_memclr4                          0x0800061d   Thumb Code     0  rt_memclr_w.o(.text)
    __aeabi_memclr8                          0x0800061d   Thumb Code     0  rt_memclr_w.o(.text)
    __rt_memclr_w                            0x0800061d   Thumb Code    78  rt_memclr_w.o(.text)
    _memset_w                                0x08000621   Thumb Code     0  rt_memclr_w.o(.text)
    __use_two_region_memory                  0x0800066b   Thumb Code     2  heapauxi.o(.text)
    __rt_heap_escrow                         0x0800066d   Thumb Code     2  heapauxi.o(.text)
    __rt_heap_expand                         0x0800066f   Thumb Code     2  heapauxi.o(.text)
    __cpp_initialize__aeabi_                 0x08000671   Thumb Code    26  init_aeabi.o(.text)
    __read_errno                             0x08000695   Thumb Code    10  _rserrno.o(.text)
    __set_errno                              0x0800069f   Thumb Code    12  _rserrno.o(.text)
    _printf_int_common                       0x080006ab   Thumb Code   178  _printf_intcommon.o(.text)
    _printf_char_common                      0x08000767   Thumb Code    32  _printf_char_common.o(.text)
    _sputc                                   0x0800078d   Thumb Code    10  _sputc.o(.text)
    __aeabi_errno_addr                       0x08000799   Thumb Code     8  rt_errno_addr_intlibspace.o(.text)
    __errno$intlibspace                      0x08000799   Thumb Code     0  rt_errno_addr_intlibspace.o(.text)
    __rt_errno_addr$intlibspace              0x08000799   Thumb Code     0  rt_errno_addr_intlibspace.o(.text)
    __user_libspace                          0x080007a1   Thumb Code     8  libspace.o(.text)
    __user_perproc_libspace                  0x080007a1   Thumb Code     0  libspace.o(.text)
    __user_perthread_libspace                0x080007a1   Thumb Code     0  libspace.o(.text)
    __user_setup_stackheap                   0x080007a9   Thumb Code    74  sys_stackheap_outer.o(.text)
    exit                                     0x080007f3   Thumb Code    18  exit.o(.text)
    _sys_exit                                0x08000805   Thumb Code     8  sys_exit.o(.text)
    __I$use$semihosting                      0x08000811   Thumb Code     0  use_no_semi.o(.text)
    __use_no_semihosting_swi                 0x08000811   Thumb Code     2  use_no_semi.o(.text)
    __semihosting_library_function           0x08000813   Thumb Code     0  indicate_semi.o(.text)
    BusFault_Handler                         0x08000859   Thumb Code     4  stm32f4xx_it.o(i.BusFault_Handler)
    CAN1_RX0_IRQHandler                      0x0800085d   Thumb Code    10  stm32f4xx_it.o(i.CAN1_RX0_IRQHandler)
    CAN1_RX1_IRQHandler                      0x0800086d   Thumb Code    10  stm32f4xx_it.o(i.CAN1_RX1_IRQHandler)
    CAN2_RX0_IRQHandler                      0x0800087d   Thumb Code    10  stm32f4xx_it.o(i.CAN2_RX0_IRQHandler)
    CAN2_RX1_IRQHandler                      0x0800088d   Thumb Code    10  stm32f4xx_it.o(i.CAN2_RX1_IRQHandler)
    DMA2_Stream1_IRQHandler                  0x0800089d   Thumb Code    10  stm32f4xx_it.o(i.DMA2_Stream1_IRQHandler)
    DMA2_Stream2_IRQHandler                  0x080008ad   Thumb Code    10  stm32f4xx_it.o(i.DMA2_Stream2_IRQHandler)
    DMA2_Stream6_IRQHandler                  0x080008bd   Thumb Code    10  stm32f4xx_it.o(i.DMA2_Stream6_IRQHandler)
    DMA2_Stream7_IRQHandler                  0x080008cd   Thumb Code    10  stm32f4xx_it.o(i.DMA2_Stream7_IRQHandler)
    DebugMon_Handler                         0x080009e7   Thumb Code     2  stm32f4xx_it.o(i.DebugMon_Handler)
    Error_Handler                            0x080009e9   Thumb Code     6  main_1.o(i.Error_Handler)
    HAL_CAN_ActivateNotification             0x080009ef   Thumb Code    42  stm32f4xx_hal_can.o(i.HAL_CAN_ActivateNotification)
    HAL_CAN_AddTxMessage                     0x08000a19   Thumb Code   342  stm32f4xx_hal_can.o(i.HAL_CAN_AddTxMessage)
    HAL_CAN_ConfigFilter                     0x08000b71   Thumb Code   286  stm32f4xx_hal_can.o(i.HAL_CAN_ConfigFilter)
    HAL_CAN_ErrorCallback                    0x08000c95   Thumb Code     2  stm32f4xx_hal_can.o(i.HAL_CAN_ErrorCallback)
    HAL_CAN_GetRxMessage                     0x08000c97   Thumb Code   378  stm32f4xx_hal_can.o(i.HAL_CAN_GetRxMessage)
    HAL_CAN_IRQHandler                       0x08000e11   Thumb Code   590  stm32f4xx_hal_can.o(i.HAL_CAN_IRQHandler)
    HAL_CAN_Init                             0x0800105f   Thumb Code   372  stm32f4xx_hal_can.o(i.HAL_CAN_Init)
    HAL_CAN_MspInit                          0x080011d5   Thumb Code   360  can.o(i.HAL_CAN_MspInit)
    HAL_CAN_RxFifo0FullCallback              0x08001355   Thumb Code     2  stm32f4xx_hal_can.o(i.HAL_CAN_RxFifo0FullCallback)
    HAL_CAN_RxFifo0MsgPendingCallback        0x08001359   Thumb Code    98  main_1.o(i.HAL_CAN_RxFifo0MsgPendingCallback)
    HAL_CAN_RxFifo1FullCallback              0x080013d5   Thumb Code     2  stm32f4xx_hal_can.o(i.HAL_CAN_RxFifo1FullCallback)
    HAL_CAN_RxFifo1MsgPendingCallback        0x080013d7   Thumb Code     2  stm32f4xx_hal_can.o(i.HAL_CAN_RxFifo1MsgPendingCallback)
    HAL_CAN_SleepCallback                    0x080013d9   Thumb Code     2  stm32f4xx_hal_can.o(i.HAL_CAN_SleepCallback)
    HAL_CAN_Start                            0x080013db   Thumb Code    94  stm32f4xx_hal_can.o(i.HAL_CAN_Start)
    HAL_CAN_TxMailbox0AbortCallback          0x08001439   Thumb Code     2  stm32f4xx_hal_can.o(i.HAL_CAN_TxMailbox0AbortCallback)
    HAL_CAN_TxMailbox0CompleteCallback       0x0800143b   Thumb Code     2  stm32f4xx_hal_can.o(i.HAL_CAN_TxMailbox0CompleteCallback)
    HAL_CAN_TxMailbox1AbortCallback          0x0800143d   Thumb Code     2  stm32f4xx_hal_can.o(i.HAL_CAN_TxMailbox1AbortCallback)
    HAL_CAN_TxMailbox1CompleteCallback       0x0800143f   Thumb Code     2  stm32f4xx_hal_can.o(i.HAL_CAN_TxMailbox1CompleteCallback)
    HAL_CAN_TxMailbox2AbortCallback          0x08001441   Thumb Code     2  stm32f4xx_hal_can.o(i.HAL_CAN_TxMailbox2AbortCallback)
    HAL_CAN_TxMailbox2CompleteCallback       0x08001443   Thumb Code     2  stm32f4xx_hal_can.o(i.HAL_CAN_TxMailbox2CompleteCallback)
    HAL_CAN_WakeUpFromRxMsgCallback          0x08001445   Thumb Code     2  stm32f4xx_hal_can.o(i.HAL_CAN_WakeUpFromRxMsgCallback)
    HAL_DMA_Abort                            0x08001447   Thumb Code   172  stm32f4xx_hal_dma.o(i.HAL_DMA_Abort)
    HAL_DMA_Abort_IT                         0x080014f3   Thumb Code    40  stm32f4xx_hal_dma.o(i.HAL_DMA_Abort_IT)
    HAL_DMA_IRQHandler                       0x0800151d   Thumb Code   570  stm32f4xx_hal_dma.o(i.HAL_DMA_IRQHandler)
    HAL_DMA_Init                             0x0800175d   Thumb Code   232  stm32f4xx_hal_dma.o(i.HAL_DMA_Init)
    HAL_DMA_Start_IT                         0x08001849   Thumb Code   146  stm32f4xx_hal_dma.o(i.HAL_DMA_Start_IT)
    HAL_Delay                                0x080018dd   Thumb Code    36  stm32f4xx_hal.o(i.HAL_Delay)
    HAL_GPIO_Init                            0x08001905   Thumb Code   454  stm32f4xx_hal_gpio.o(i.HAL_GPIO_Init)
    HAL_GPIO_WritePin                        0x08001af9   Thumb Code    12  stm32f4xx_hal_gpio.o(i.HAL_GPIO_WritePin)
    HAL_GetTick                              0x08001b05   Thumb Code     6  stm32f4xx_hal.o(i.HAL_GetTick)
    HAL_IncTick                              0x08001b11   Thumb Code    16  stm32f4xx_hal.o(i.HAL_IncTick)
    HAL_Init                                 0x08001b29   Thumb Code    54  stm32f4xx_hal.o(i.HAL_Init)
    HAL_InitTick                             0x08001b65   Thumb Code    64  stm32f4xx_hal.o(i.HAL_InitTick)
    HAL_MspInit                              0x08001bb1   Thumb Code    68  stm32f4xx_hal_msp.o(i.HAL_MspInit)
    HAL_NVIC_EnableIRQ                       0x08001bf9   Thumb Code    32  stm32f4xx_hal_cortex.o(i.HAL_NVIC_EnableIRQ)
    HAL_NVIC_SetPriority                     0x08001c19   Thumb Code   124  stm32f4xx_hal_cortex.o(i.HAL_NVIC_SetPriority)
    HAL_NVIC_SetPriorityGrouping             0x08001c95   Thumb Code    32  stm32f4xx_hal_cortex.o(i.HAL_NVIC_SetPriorityGrouping)
    HAL_RCC_ClockConfig                      0x08001cbd   Thumb Code   368  stm32f4xx_hal_rcc.o(i.HAL_RCC_ClockConfig)
    HAL_RCC_GetHCLKFreq                      0x08001e41   Thumb Code     6  stm32f4xx_hal_rcc.o(i.HAL_RCC_GetHCLKFreq)
    HAL_RCC_GetPCLK1Freq                     0x08001e4d   Thumb Code    22  stm32f4xx_hal_rcc.o(i.HAL_RCC_GetPCLK1Freq)
    HAL_RCC_GetPCLK2Freq                     0x08001e6d   Thumb Code    22  stm32f4xx_hal_rcc.o(i.HAL_RCC_GetPCLK2Freq)
    HAL_RCC_GetSysClockFreq                  0x08001e8d   Thumb Code   162  stm32f4xx_hal_rcc.o(i.HAL_RCC_GetSysClockFreq)
    HAL_RCC_OscConfig                        0x08001f3d   Thumb Code  1172  stm32f4xx_hal_rcc.o(i.HAL_RCC_OscConfig)
    HAL_SYSTICK_Config                       0x080023d9   Thumb Code    52  stm32f4xx_hal_cortex.o(i.HAL_SYSTICK_Config)
    HAL_TIMEx_BreakCallback                  0x0800240d   Thumb Code     2  stm32f4xx_hal_tim_ex.o(i.HAL_TIMEx_BreakCallback)
    HAL_TIMEx_CommutCallback                 0x0800240f   Thumb Code     2  stm32f4xx_hal_tim_ex.o(i.HAL_TIMEx_CommutCallback)
    HAL_TIMEx_MasterConfigSynchronization    0x08002411   Thumb Code   150  stm32f4xx_hal_tim_ex.o(i.HAL_TIMEx_MasterConfigSynchronization)
    HAL_TIM_Base_Init                        0x080024c5   Thumb Code   102  stm32f4xx_hal_tim.o(i.HAL_TIM_Base_Init)
    HAL_TIM_Base_MspInit                     0x0800252d   Thumb Code   120  tim.o(i.HAL_TIM_Base_MspInit)
    HAL_TIM_Base_Start_IT                    0x080025b1   Thumb Code   138  stm32f4xx_hal_tim.o(i.HAL_TIM_Base_Start_IT)
    HAL_TIM_ConfigClockSource                0x08002659   Thumb Code   268  stm32f4xx_hal_tim.o(i.HAL_TIM_ConfigClockSource)
    HAL_TIM_IC_CaptureCallback               0x08002765   Thumb Code     2  stm32f4xx_hal_tim.o(i.HAL_TIM_IC_CaptureCallback)
    HAL_TIM_IRQHandler                       0x08002767   Thumb Code   406  stm32f4xx_hal_tim.o(i.HAL_TIM_IRQHandler)
    HAL_TIM_OC_DelayElapsedCallback          0x080028fd   Thumb Code     2  stm32f4xx_hal_tim.o(i.HAL_TIM_OC_DelayElapsedCallback)
    HAL_TIM_PWM_PulseFinishedCallback        0x080028ff   Thumb Code     2  stm32f4xx_hal_tim.o(i.HAL_TIM_PWM_PulseFinishedCallback)
    HAL_TIM_PeriodElapsedCallback            0x08002901   Thumb Code  1620  main_1.o(i.HAL_TIM_PeriodElapsedCallback)
    HAL_TIM_TriggerCallback                  0x08002f89   Thumb Code     2  stm32f4xx_hal_tim.o(i.HAL_TIM_TriggerCallback)
    HAL_UARTEx_ReceiveToIdle_IT              0x08002f8b   Thumb Code   130  stm32f4xx_hal_uart.o(i.HAL_UARTEx_ReceiveToIdle_IT)
    HAL_UARTEx_RxEventCallback               0x0800300d   Thumb Code    60  main_1.o(i.HAL_UARTEx_RxEventCallback)
    HAL_UART_ErrorCallback                   0x08003059   Thumb Code     2  stm32f4xx_hal_uart.o(i.HAL_UART_ErrorCallback)
    HAL_UART_IRQHandler                      0x0800305d   Thumb Code   732  stm32f4xx_hal_uart.o(i.HAL_UART_IRQHandler)
    HAL_UART_Init                            0x0800333d   Thumb Code   114  stm32f4xx_hal_uart.o(i.HAL_UART_Init)
    HAL_UART_MspInit                         0x080033b1   Thumb Code   694  usart.o(i.HAL_UART_MspInit)
    HAL_UART_Receive_DMA                     0x0800369d   Thumb Code    66  stm32f4xx_hal_uart.o(i.HAL_UART_Receive_DMA)
    HAL_UART_Receive_IT                      0x080036df   Thumb Code    66  stm32f4xx_hal_uart.o(i.HAL_UART_Receive_IT)
    HAL_UART_RxCpltCallback                  0x08003721   Thumb Code    18  main_1.o(i.HAL_UART_RxCpltCallback)
    HAL_UART_RxHalfCpltCallback              0x08003733   Thumb Code     2  stm32f4xx_hal_uart.o(i.HAL_UART_RxHalfCpltCallback)
    HAL_UART_Transmit_DMA                    0x08003735   Thumb Code   160  stm32f4xx_hal_uart.o(i.HAL_UART_Transmit_DMA)
    HAL_UART_Transmit_IT                     0x080037e1   Thumb Code    88  stm32f4xx_hal_uart.o(i.HAL_UART_Transmit_IT)
    HAL_UART_TxCpltCallback                  0x08003839   Thumb Code     2  stm32f4xx_hal_uart.o(i.HAL_UART_TxCpltCallback)
    HAL_UART_TxHalfCpltCallback              0x0800383b   Thumb Code     2  stm32f4xx_hal_uart.o(i.HAL_UART_TxHalfCpltCallback)
    HardFault_Handler                        0x0800383d   Thumb Code     4  stm32f4xx_it.o(i.HardFault_Handler)
    MX_CAN1_Init                             0x08003841   Thumb Code    58  can.o(i.MX_CAN1_Init)
    MX_CAN2_Init                             0x08003885   Thumb Code    58  can.o(i.MX_CAN2_Init)
    MX_DMA_Init                              0x080038c9   Thumb Code   100  dma.o(i.MX_DMA_Init)
    MX_GPIO_Init                             0x08003931   Thumb Code   232  gpio.o(i.MX_GPIO_Init)
    MX_TIM5_Init                             0x08003a21   Thumb Code   102  tim.o(i.MX_TIM5_Init)
    MX_TIM6_Init                             0x08003a91   Thumb Code    66  tim.o(i.MX_TIM6_Init)
    MX_USART1_UART_Init                      0x08003add   Thumb Code    46  usart.o(i.MX_USART1_UART_Init)
    MX_USART3_UART_Init                      0x08003b15   Thumb Code    52  usart.o(i.MX_USART3_UART_Init)
    MX_USART6_UART_Init                      0x08003b55   Thumb Code    46  usart.o(i.MX_USART6_UART_Init)
    MemManage_Handler                        0x08003b8d   Thumb Code     4  stm32f4xx_it.o(i.MemManage_Handler)
    NMI_Handler                              0x08003b91   Thumb Code     4  stm32f4xx_it.o(i.NMI_Handler)
    PendSV_Handler                           0x08003b95   Thumb Code     2  stm32f4xx_it.o(i.PendSV_Handler)
    SVC_Handler                              0x08003b97   Thumb Code     2  stm32f4xx_it.o(i.SVC_Handler)
    SysTick_Handler                          0x08003b99   Thumb Code     8  stm32f4xx_it.o(i.SysTick_Handler)
    SystemInit                               0x08003ba1   Thumb Code    14  system_stm32f4xx.o(i.SystemInit)
    TIM5_IRQHandler                          0x08003bb5   Thumb Code    10  stm32f4xx_it.o(i.TIM5_IRQHandler)
    TIM6_DAC_IRQHandler                      0x08003bc5   Thumb Code    10  stm32f4xx_it.o(i.TIM6_DAC_IRQHandler)
    TIM_Base_SetConfig                       0x08003bd5   Thumb Code   170  stm32f4xx_hal_tim.o(i.TIM_Base_SetConfig)
    TIM_ETR_SetConfig                        0x08003cad   Thumb Code    22  stm32f4xx_hal_tim.o(i.TIM_ETR_SetConfig)
    UART_Start_Receive_DMA                   0x08004295   Thumb Code   196  stm32f4xx_hal_uart.o(i.UART_Start_Receive_DMA)
    UART_Start_Receive_IT                    0x08004365   Thumb Code    74  stm32f4xx_hal_uart.o(i.UART_Start_Receive_IT)
    USART1_IRQHandler                        0x08004411   Thumb Code    10  stm32f4xx_it.o(i.USART1_IRQHandler)
    USART3_IRQHandler                        0x08004421   Thumb Code    10  stm32f4xx_it.o(i.USART3_IRQHandler)
    USART6_IRQHandler                        0x08004431   Thumb Code    10  stm32f4xx_it.o(i.USART6_IRQHandler)
    UsageFault_Handler                       0x08004441   Thumb Code     4  stm32f4xx_it.o(i.UsageFault_Handler)
    set_mcl_of(int, bool)                    0x08004445   Thumb Code   130  main_1.o(i._Z10set_mcl_ofib)
    RM_Can_Init()                            0x080044e1   Thumb Code    36  main_1.o(i._Z11RM_Can_Initv)
    RM_Can_Send(__CAN_HandleTypeDef*, unsigned, unsigned char*, unsigned) 0x0800450d   Thumb Code    44  main_1.o(i._Z11RM_Can_SendP19__CAN_HandleTypeDefjPhj)
    Send_3508_CAN()                          0x08004539   Thumb Code    16  main_1.o(i._Z13Send_3508_CANv)
    darw_graphic_ui()                        0x08004551   Thumb Code   892  main_1.o(i._Z15darw_graphic_uiv)
    Total_tasks_Init()                       0x08004959   Thumb Code    70  main_1.o(i._Z16Total_tasks_Initv)
    RM_CAN_Filter_Init()                     0x080049a1   Thumb Code    60  main_1.o(i._Z18RM_CAN_Filter_Initv)
    SystemClock_Config()                     0x080049e5   Thumb Code   166  main_1.o(i._Z18SystemClock_Configv)
    Get_Gimbal_to_Chassis(__UART_HandleTypeDef*) 0x08004a95   Thumb Code   776  main_1.o(i._Z21Get_Gimbal_to_ChassisP20__UART_HandleTypeDef)
    GET_Motor_ID_ADDRESS_BIND_(RM_Motor*, int) 0x08004ddd   Thumb Code    54  main_1.o(i._Z26GET_Motor_ID_ADDRESS_BIND_P8RM_Motori)
    Get_Gimbal_to_Chassis_Init()             0x08004e15   Thumb Code    14  main_1.o(i._Z26Get_Gimbal_to_Chassis_Initv)
    darw_graphic_static_ui_init()            0x08004e2d   Thumb Code  1188  main_1.o(i._Z27darw_graphic_static_ui_initv)
    set_send_graphic_queue_is_Delete_all()   0x080052d9   Thumb Code    10  main_1.o(i._Z36set_send_graphic_queue_is_Delete_allv)
    setMSD(Motor_send_data_t*, short, int)   0x080052e9   Thumb Code    22  main_1.o(i._Z6setMSDP17Motor_send_data_tsi)
    set_gy_v(int, float)                     0x08005301   Thumb Code   124  main_1.o(i._Z8set_gy_vif)
    set_yd_v(int, float)                     0x08005391   Thumb Code   124  main_1.o(i._Z8set_yd_vif)
    set_cm_of(int, bool)                     0x08005421   Thumb Code   130  main_1.o(i._Z9set_cm_ofib)
    set_fp_of(int, unsigned char)            0x080054bd   Thumb Code   130  main_1.o(i._Z9set_fp_ofih)
    RM_Clicker::Init()                       0x08005559   Thumb Code    14  main_1.o(i._ZN10RM_Clicker4InitEv)
    RM_Clicker::ParseData()                  0x08005571   Thumb Code   228  main_1.o(i._ZN10RM_Clicker9ParseDataEv)
    TD_quadratic::td_quadratic(float, bool)  0x08005659   Thumb Code   626  main_1.o(i._ZN12TD_quadratic12td_quadraticEfb)
    TD_quadratic::TD_quadratic(float, float, float, unsigned char) 0x080058e9   Thumb Code    16  main_1.o(i._ZN12TD_quadraticC1Efffh)
    TD_quadratic::TD_quadratic__sub_object(float, float, float, unsigned char) 0x080058e9   Thumb Code     0  main_1.o(i._ZN12TD_quadraticC1Efffh)
    WheatWheel_t::UpData(float, float, float, float) 0x080058f9   Thumb Code   792  main_1.o(i._ZN12WheatWheel_t6UpDataEffff)
    NonLinear_Fun::Fsg_Fun(float, float)     0x08005c1d   Thumb Code    82  main_1.o(i._ZN13NonLinear_Fun7Fsg_FunEff)
    NonLinear_Fun::Fhan_Fun(float, float, float, float) 0x08005c79   Thumb Code   586  main_1.o(i._ZN13NonLinear_Fun8Fhan_FunEffff)
    NonLinear_Fun::Fign_Fun(float)           0x08005ef5   Thumb Code    34  main_1.o(i._ZN13NonLinear_Fun8Fign_FunEf)
    RM_StaticTime::UpLastTime()              0x08005f17   Thumb Code    12  main_1.o(i._ZN13RM_StaticTime10UpLastTimeEv)
    RM_StaticTime::ISDir(unsigned)           0x08005f23   Thumb Code    26  main_1.o(i._ZN13RM_StaticTime5ISDirEj)
    RM_StaticTime::ISOne(unsigned)           0x08005f3d   Thumb Code    50  main_1.o(i._ZN13RM_StaticTime5ISOneEj)
    combines_x_x_t::combines_x_x(float, float, float, float) 0x08005f71   Thumb Code   134  main_1.o(i._ZN14combines_x_x_t12combines_x_xEffff)
    LADRC_quadratic::eso_quadratic(float, unsigned char) 0x08006001   Thumb Code   450  main_1.o(i._ZN15LADRC_quadratic13eso_quadraticEfh)
    LADRC_quadratic::sef_controller(unsigned char) 0x080061d5   Thumb Code   424  main_1.o(i._ZN15LADRC_quadratic14sef_controllerEh)
    LADRC_quadratic::up_data(float, float, unsigned char, bool) 0x08006389   Thumb Code    62  main_1.o(i._ZN15LADRC_quadratic7up_dataEffhb)
    LADRC_quadratic::LADRC_quadratic(TD_quadratic, float, float, float, float, float, float) 0x080063c7   Thumb Code    98  main_1.o(i._ZN15LADRC_quadraticC1E12TD_quadraticffffff)
    LADRC_quadratic::LADRC_quadratic__sub_object(TD_quadratic, float, float, float, float, float, float) 0x080063c7   Thumb Code     0  main_1.o(i._ZN15LADRC_quadraticC1E12TD_quadraticffffff)
    RM_RefereeSystem::RM_RefereeSystemDir()  0x08006429   Thumb Code    46  rm_refereesystem.o(i._ZN16RM_RefereeSystem19RM_RefereeSystemDirEv)
    RM_RefereeSystem::RM_RefereeSystemInit() 0x08006461   Thumb Code    14  rm_refereesystem.o(i._ZN16RM_RefereeSystem20RM_RefereeSystemInitEv)
    RM_RefereeSystem::RM_RefereeSystemParse(__UART_HandleTypeDef*) 0x08006479   Thumb Code    42  rm_refereesystem.o(i._ZN16RM_RefereeSystem21RM_RefereeSystemParseEP20__UART_HandleTypeDef)
    RM_RefereeSystem::RM_RefereeSystemDelete(char, char) 0x080064b1   Thumb Code   156  rm_refereesystem.o(i._ZN16RM_RefereeSystem22RM_RefereeSystemDeleteEcc)
    RM_RefereeSystem::RM_RefereeSystemSetStr(char*, unsigned, char*, unsigned, unsigned) 0x08006559   Thumb Code   202  rm_refereesystem.o(i._ZN16RM_RefereeSystem22RM_RefereeSystemSetStrEPcjS0_jj)
    RM_RefereeSystem::RM_RefereeSystemClsToop() 0x08006629   Thumb Code    14  rm_refereesystem.o(i._ZN16RM_RefereeSystem23RM_RefereeSystemClsToopEv)
    RM_RefereeSystem::RM_RefereeSystemGetData(unsigned char) 0x0800663d   Thumb Code    74  rm_refereesystem.o(i._ZN16RM_RefereeSystem23RM_RefereeSystemGetDataEh)
    RM_RefereeSystem::RM_RefereeSystemSendStr(RM_RefereeSystem::ext_client_custom_character_t) 0x08006695   Thumb Code   178  rm_refereesystem.o(i._ZN16RM_RefereeSystem23RM_RefereeSystemSendStrENS_29ext_client_custom_character_tE)
    RM_RefereeSystem::RM_RefereeSystemSetLine(char*, unsigned, unsigned, unsigned, unsigned, unsigned) 0x08006755   Thumb Code   174  rm_refereesystem.o(i._ZN16RM_RefereeSystem23RM_RefereeSystemSetLineEPcjjjjj)
    RM_RefereeSystem::RM_RefereeSystemSetColor(int) 0x08006809   Thumb Code     6  rm_refereesystem.o(i._ZN16RM_RefereeSystem24RM_RefereeSystemSetColorEi)
    RM_RefereeSystem::RM_RefereeSystemSetWidth(int) 0x08006815   Thumb Code     6  rm_refereesystem.o(i._ZN16RM_RefereeSystem24RM_RefereeSystemSetWidthEi)
    RM_RefereeSystem::RM_RefereeSystemParseData(unsigned char*, int) 0x08006821   Thumb Code   208  rm_refereesystem.o(i._ZN16RM_RefereeSystem25RM_RefereeSystemParseDataEPhi)
    RM_RefereeSystem::RM_RefereeSystemSendDataN(const RM_RefereeSystem::graphic_data_struct_t*, int) 0x08006901   Thumb Code   270  rm_refereesystem.o(i._ZN16RM_RefereeSystem25RM_RefereeSystemSendDataNEPKNS_21graphic_data_struct_tEi)
    RM_RefereeSystem::RM_RefereeSystemSetCircle(char*, unsigned, unsigned, unsigned, unsigned) 0x08006a1d   Thumb Code   162  rm_refereesystem.o(i._ZN16RM_RefereeSystem25RM_RefereeSystemSetCircleEPcjjjj)
    RM_RefereeSystem::RM_RefereeSystemGetRobotId() 0x08006ac5   Thumb Code   136  rm_refereesystem.o(i._ZN16RM_RefereeSystem26RM_RefereeSystemGetRobotIdEv)
    RM_RefereeSystem::RM_RefereeSystemSetRectangle(char*, unsigned, unsigned, unsigned, unsigned, unsigned) 0x08006b51   Thumb Code   176  rm_refereesystem.o(i._ZN16RM_RefereeSystem28RM_RefereeSystemSetRectangleEPcjjjjj)
    RM_RefereeSystem::RM_RefereeSystemSetStringSize(int) 0x08006c05   Thumb Code     6  rm_refereesystem.o(i._ZN16RM_RefereeSystem29RM_RefereeSystemSetStringSizeEi)
    RM_RefereeSystem::RM_RefereeSystemSetOperateTpye(int) 0x08006c11   Thumb Code     6  rm_refereesystem.o(i._ZN16RM_RefereeSystem30RM_RefereeSystemSetOperateTpyeEi)
    SEND_GRAPHIC_QUEUE::add(RM_RefereeSystem::graphic_data_struct_t) 0x08006c1d   Thumb Code    54  main_1.o(i._ZN18SEND_GRAPHIC_QUEUE3addEN16RM_RefereeSystem21graphic_data_struct_tE)
    SEND_GRAPHIC_QUEUE::send()               0x08006c55   Thumb Code   212  main_1.o(i._ZN18SEND_GRAPHIC_QUEUE4sendEv)
    SEND_GRAPHIC_QUEUE::add_wz(RM_RefereeSystem::ext_client_custom_character_t) 0x08006d2d   Thumb Code    62  main_1.o(i._ZN18SEND_GRAPHIC_QUEUE6add_wzEN16RM_RefereeSystem29ext_client_custom_character_tE)
    SEND_GRAPHIC_QUEUE::send_wz()            0x08006d6d   Thumb Code   148  main_1.o(i._ZN18SEND_GRAPHIC_QUEUE7send_wzEv)
    RM_RefereeSystemCRC::Get_CRC8_Check_Sum(unsigned char*, unsigned, unsigned char) 0x08006e05   Thumb Code    30  rm_refereesystemcrc.o(i._ZN19RM_RefereeSystemCRC18Get_CRC8_Check_SumEPhjh)
    RM_RefereeSystemCRC::Get_CRC16_Check_Sum(unsigned char*, unsigned, unsigned short) 0x08006e29   Thumb Code    46  rm_refereesystemcrc.o(i._ZN19RM_RefereeSystemCRC19Get_CRC16_Check_SumEPhjt)
    RM_RefereeSystemCRC::Append_CRC8_Check_Sum(unsigned char*, unsigned) 0x08006e5d   Thumb Code    36  rm_refereesystemcrc.o(i._ZN19RM_RefereeSystemCRC21Append_CRC8_Check_SumEPhj)
    RM_RefereeSystemCRC::Verify_CRC8_Check_Sum(unsigned char*, unsigned) 0x08006e81   Thumb Code    46  rm_refereesystemcrc.o(i._ZN19RM_RefereeSystemCRC21Verify_CRC8_Check_SumEPhj)
    RM_RefereeSystemCRC::Append_CRC16_Check_Sum(unsigned char*, unsigned) 0x08006eb1   Thumb Code    44  rm_refereesystemcrc.o(i._ZN19RM_RefereeSystemCRC22Append_CRC16_Check_SumEPhj)
    RM_RefereeSystemCRC::Verify_CRC16_Check_Sum(unsigned char*, unsigned) 0x08006ee1   Thumb Code    60  rm_refereesystemcrc.o(i._ZN19RM_RefereeSystemCRC22Verify_CRC16_Check_SumEPhj)
    RM_Key::UpKey(bool)                      0x08006f21   Thumb Code    38  main_1.o(i._ZN6RM_Key5UpKeyEb)
    RM_PID::RM_PID()                         0x08006f49   Thumb Code    44  main_1.o(i._ZN6RM_PIDC1Ev)
    RM_PID::RM_PID__sub_object()             0x08006f49   Thumb Code     0  main_1.o(i._ZN6RM_PIDC1Ev)
    RM_PM01::PM01SendFun()                   0x08006f81   Thumb Code   224  main_1.o(i._ZN7RM_PM0111PM01SendFunEv)
    RM_PM01::PM01SendData(unsigned, unsigned short) 0x08007075   Thumb Code    54  main_1.o(i._ZN7RM_PM0112PM01SendDataEjt)
    RM_PM01::PM01SendRemote(unsigned)        0x080070b1   Thumb Code    44  main_1.o(i._ZN7RM_PM0114PM01SendRemoteEj)
    RM_PM01::PM01Init()                      0x080070e1   Thumb Code    16  main_1.o(i._ZN7RM_PM018PM01InitEv)
    RM_PM01::PM01Parse(CAN_RxHeaderTypeDef, unsigned char*) 0x080070f5   Thumb Code   318  main_1.o(i._ZN7RM_PM019PM01ParseE19CAN_RxHeaderTypeDefPh)
    RM_Motor::GetMotorDataSpeed(short)       0x0800723d   Thumb Code    34  main_1.o(i._ZN8RM_Motor17GetMotorDataSpeedEs)
    RM_Motor::Parse(CAN_RxHeaderTypeDef, unsigned char*) 0x0800725f   Thumb Code   586  main_1.o(i._ZN8RM_Motor5ParseE19CAN_RxHeaderTypeDefPh)
    RM_Motor::RM_Motor(short, unsigned char, Motor_t*, unsigned char*) 0x080074a9   Thumb Code   132  main_1.o(i._ZN8RM_MotorC1EshP7Motor_tPh)
    RM_Motor::RM_Motor__sub_object(short, unsigned char, Motor_t*, unsigned char*) 0x080074a9   Thumb Code     0  main_1.o(i._ZN8RM_MotorC1EshP7Motor_tPh)
    std::fabs(float)                         0x0800752d   Thumb Code    10  main_1.o(i._ZSt4fabsf)
    __ARM_fpclassify                         0x08007537   Thumb Code    48  fpclassify.o(i.__ARM_fpclassify)
    __ARM_fpclassifyf                        0x08007567   Thumb Code    38  fpclassifyf.o(i.__ARM_fpclassifyf)
    __aeabi_vec_ctor_nocookie_nodtor         0x080075c5   Thumb Code    36  aeabi_vec_ctor_nocookie_nodtor.o(i.__aeabi_vec_ctor_nocookie_nodtor)
    __hardfp_asin                            0x080075e9   Thumb Code   770  asin.o(i.__hardfp_asin)
    __hardfp_cosf                            0x08007949   Thumb Code   280  cosf.o(i.__hardfp_cosf)
    __hardfp_sinf                            0x08007a99   Thumb Code   344  sinf.o(i.__hardfp_sinf)
    __hardfp_sqrtf                           0x08007c29   Thumb Code    58  sqrtf.o(i.__hardfp_sqrtf)
    __kernel_poly                            0x08007c63   Thumb Code   248  poly.o(i.__kernel_poly)
    __mathlib_dbl_infnan                     0x08007d5b   Thumb Code    20  dunder.o(i.__mathlib_dbl_infnan)
    __mathlib_dbl_invalid                    0x08007d71   Thumb Code    24  dunder.o(i.__mathlib_dbl_invalid)
    __mathlib_dbl_underflow                  0x08007d91   Thumb Code    24  dunder.o(i.__mathlib_dbl_underflow)
    __mathlib_flt_infnan                     0x08007db1   Thumb Code     6  funder.o(i.__mathlib_flt_infnan)
    __mathlib_flt_invalid                    0x08007db9   Thumb Code    10  funder.o(i.__mathlib_flt_invalid)
    __mathlib_flt_underflow                  0x08007dc9   Thumb Code    10  funder.o(i.__mathlib_flt_underflow)
    __mathlib_rredf2                         0x08007dd9   Thumb Code   316  rredf.o(i.__mathlib_rredf2)
    fabs                                     0x0800822d   Thumb Code    24  fabs.o(i.fabs)
    main                                     0x08008245   Thumb Code   356  main_1.o(i.main)
    sqrt                                     0x080083f9   Thumb Code   110  sqrt.o(i.sqrt)
    __aeabi_dneg                             0x08008467   Thumb Code     0  basic.o(x$fpl$basic)
    _dneg                                    0x08008467   Thumb Code     6  basic.o(x$fpl$basic)
    __aeabi_fneg                             0x0800846d   Thumb Code     0  basic.o(x$fpl$basic)
    _fneg                                    0x0800846d   Thumb Code     6  basic.o(x$fpl$basic)
    _dabs                                    0x08008473   Thumb Code     6  basic.o(x$fpl$basic)
    _fabs                                    0x08008479   Thumb Code     6  basic.o(x$fpl$basic)
    __aeabi_d2f                              0x08008481   Thumb Code     0  d2f.o(x$fpl$d2f)
    _d2f                                     0x08008481   Thumb Code    98  d2f.o(x$fpl$d2f)
    __aeabi_dadd                             0x080084e5   Thumb Code     0  daddsub_clz.o(x$fpl$dadd)
    _dadd                                    0x080084e5   Thumb Code   332  daddsub_clz.o(x$fpl$dadd)
    __aeabi_ddiv                             0x08008635   Thumb Code     0  ddiv.o(x$fpl$ddiv)
    _ddiv                                    0x08008635   Thumb Code   552  ddiv.o(x$fpl$ddiv)
    __aeabi_d2iz                             0x080088e5   Thumb Code     0  dfix.o(x$fpl$dfix)
    _dfix                                    0x080088e5   Thumb Code    94  dfix.o(x$fpl$dfix)
    __aeabi_d2uiz                            0x08008945   Thumb Code     0  dfixu.o(x$fpl$dfixu)
    _dfixu                                   0x08008945   Thumb Code    90  dfixu.o(x$fpl$dfixu)
    __aeabi_i2d                              0x0800899f   Thumb Code     0  dflt_clz.o(x$fpl$dflt)
    _dflt                                    0x0800899f   Thumb Code    46  dflt_clz.o(x$fpl$dflt)
    __aeabi_ui2d                             0x080089cd   Thumb Code     0  dflt_clz.o(x$fpl$dfltu)
    _dfltu                                   0x080089cd   Thumb Code    38  dflt_clz.o(x$fpl$dfltu)
    __aeabi_dmul                             0x080089f5   Thumb Code     0  dmul.o(x$fpl$dmul)
    _dmul                                    0x080089f5   Thumb Code   332  dmul.o(x$fpl$dmul)
    __fpl_dnaninf                            0x08008b49   Thumb Code   156  dnaninf.o(x$fpl$dnaninf)
    __fpl_dretinf                            0x08008be5   Thumb Code    12  dretinf.o(x$fpl$dretinf)
    __aeabi_drsub                            0x08008bf1   Thumb Code     0  daddsub_clz.o(x$fpl$drsb)
    _drsb                                    0x08008bf1   Thumb Code    22  daddsub_clz.o(x$fpl$drsb)
    _dsqrt                                   0x08008c09   Thumb Code   404  dsqrt_umaal.o(x$fpl$dsqrt)
    __aeabi_dsub                             0x08008da1   Thumb Code     0  daddsub_clz.o(x$fpl$dsub)
    _dsub                                    0x08008da1   Thumb Code   464  daddsub_clz.o(x$fpl$dsub)
    __aeabi_f2d                              0x08008f75   Thumb Code     0  f2d.o(x$fpl$f2d)
    _f2d                                     0x08008f75   Thumb Code    86  f2d.o(x$fpl$f2d)
    __fpl_fnaninf                            0x08008fcb   Thumb Code   140  fnaninf.o(x$fpl$fnaninf)
    _fp_init                                 0x08009057   Thumb Code    10  fpinit.o(x$fpl$fpinit)
    __fplib_config_fpu_vfp                   0x0800905f   Thumb Code     0  fpinit.o(x$fpl$fpinit)
    __fplib_config_pureend_doubles           0x0800905f   Thumb Code     0  fpinit.o(x$fpl$fpinit)
    __fpl_fretinf                            0x08009061   Thumb Code    10  fretinf.o(x$fpl$fretinf)
    __I$use$fp                               0x0800906a   Number         0  usenofp.o(x$fpl$usenofp)
    AHBPrescTable                            0x08009320   Data          16  system_stm32f4xx.o(.constdata)
    APBPrescTable                            0x08009330   Data           8  system_stm32f4xx.o(.constdata)
    Region$$Table$$Base                      0x080096a8   Number         0  anon$$obj.o(Region$$Table)
    Region$$Table$$Limit                     0x080096c8   Number         0  anon$$obj.o(Region$$Table)
    SHT$$INIT_ARRAY$$Base                    0x080096c8   Number         0  main_1.o(.init_array)
    SHT$$INIT_ARRAY$$Limit                   0x080096cc   Number         0  init_aeabi.o(.init_array)
    msd_6020                                 0x20000001   Data           8  main_1.o(.data)
    msd_3508_2006                            0x20000009   Data           8  main_1.o(.data)
    _Motor2006_ID_                           0x20000011   Data           1  main_1.o(.data)
    _Motor3508_ID_                           0x20000012   Data           4  main_1.o(.data)
    _Motor6020_ID_                           0x20000016   Data           1  main_1.o(.data)
    pm01_chao                                0x20000018   Data           4  main_1.o(.data)
    wwww                                     0x2000001c   Data           1  main_1.o(.data)
    cos_xita                                 0x20000020   Data           4  main_1.o(.data)
    sin_xita                                 0x20000024   Data           4  main_1.o(.data)
    vw                                       0x20000028   Data           4  main_1.o(.data)
    kvw                                      0x2000002c   Data           4  main_1.o(.data)
    vx                                       0x20000030   Data           4  main_1.o(.data)
    vy                                       0x20000034   Data           4  main_1.o(.data)
    vxy_kvw                                  0x20000038   Data           4  main_1.o(.data)
    yaw_e_xita                               0x2000003c   Data           4  main_1.o(.data)
    yaw_e_radian                             0x20000040   Data           4  main_1.o(.data)
    Total_tasks_staticTime                   0x20000044   Data           8  main_1.o(.data)
    diagonally_factor                        0x2000004c   Data           4  main_1.o(.data)
    shift_vxy_zoom                           0x20000050   Data           4  main_1.o(.data)
    dir                                      0x20000054   Data           1  main_1.o(.data)
    dianlu                                   0x20000056   Data           2  main_1.o(.data)
    dianlupid                                0x20000058   Data           2  main_1.o(.data)
    Ctrl_Key                                 0x2000005a   Data           4  main_1.o(.data)
    MCL_Key                                  0x2000005e   Data           4  main_1.o(.data)
    CM_Key                                   0x20000062   Data           4  main_1.o(.data)
    FP_Key                                   0x20000066   Data           4  main_1.o(.data)
    ZM_Key                                   0x2000006a   Data           4  main_1.o(.data)
    BP_Key                                   0x2000006e   Data           4  main_1.o(.data)
    now_er_v                                 0x20000072   Data           1  main_1.o(.data)
    last_er_v                                0x20000073   Data           1  main_1.o(.data)
    now_zx_v                                 0x20000074   Data           1  main_1.o(.data)
    last_zx_v                                0x20000075   Data           1  main_1.o(.data)
    is_up_ui                                 0x20000076   Data           1  main_1.o(.data)
    num_vx                                   0x20000078   Data           4  main_1.o(.data)
    num_vy                                   0x2000007c   Data           4  main_1.o(.data)
    now_angle                                0x20000080   Data           4  main_1.o(.data)
    e_vx                                     0x20000084   Data           4  main_1.o(.data)
    e_vy                                     0x20000088   Data           4  main_1.o(.data)
    k_e_vxy                                  0x2000008c   Data           4  main_1.o(.data)
    expectations_vx                          0x20000090   Data           4  main_1.o(.data)
    expectations_vy                          0x20000094   Data           4  main_1.o(.data)
    vxy_zero_s                               0x20000098   Data           4  main_1.o(.data)
    RxHeaderData                             0x2000009c   Data           8  main_1.o(.data)
    wshu                                     0x200000a4   Data           1  main_1.o(.data)
    FP_num                                   0x200000a5   Data           1  main_1.o(.data)
    t                                        0x200000a8   Data           4  main_1.o(.data)
    xm                                       0x200000ac   Data           4  main_1.o(.data)
    lk                                       0x200000b0   Data           4  main_1.o(.data)
    darw_graphic_ui_time                     0x200000b4   Data           8  main_1.o(.data)
    angle_ly                                 0x200000bc   Data           4  main_1.o(.data)
    ly                                       0x200000c0   Data           4  main_1.o(.data)
    RM_Clicker::dirTime                      0x200000c4   Data           8  main_1.o(.data)
    NonLinear_Fun::fhan_d                    0x200000cc   Data           4  main_1.o(.data)
    NonLinear_Fun::fhan_a0                   0x200000d0   Data           4  main_1.o(.data)
    NonLinear_Fun::fhan_y                    0x200000d4   Data           4  main_1.o(.data)
    NonLinear_Fun::fhan_a1                   0x200000d8   Data           4  main_1.o(.data)
    NonLinear_Fun::fhan_a2                   0x200000dc   Data           4  main_1.o(.data)
    NonLinear_Fun::fhan_a                    0x200000e0   Data           4  main_1.o(.data)
    uwTick                                   0x200000ec   Data           4  stm32f4xx_hal.o(.data)
    uwTickPrio                               0x200000f0   Data           4  stm32f4xx_hal.o(.data)
    uwTickFreq                               0x200000f4   Data           1  stm32f4xx_hal.o(.data)
    SystemCoreClock                          0x200000f8   Data           4  system_stm32f4xx.o(.data)
    RM_RefereeSystemCRC::CRC_INIT            0x200000fc   Data           2  rm_refereesystemcrc.o(.data)
    dirTime                                  0x20000100   Data           8  rm_refereesystem.o(.data)
    RM_RefereeSystemDirFlag                  0x20000108   Data           1  rm_refereesystem.o(.data)
    RM_RefereeSystemp8Data                   0x20000109   Data           1  rm_refereesystem.o(.data)
    RM_RefereeSystemToop                     0x2000010c   Data          16  rm_refereesystem.o(.data)
    RM_RefereeSystem::rrrdata                0x2000011c   Data          20  rm_refereesystem.o(.data)
    kem_temp                                 0x20000138   Data         320  main_1.o(.bss)
    _Motor2006_                              0x20000278   Data         680  main_1.o(.bss)
    _Motor3508_                              0x20000520   Data        2720  main_1.o(.bss)
    _Motor6020_                              0x20000fc0   Data         680  main_1.o(.bss)
    Motor2006                                0x20001268   Data          16  main_1.o(.bss)
    Motor3508                                0x20001278   Data          16  main_1.o(.bss)
    Motor6020                                0x20001288   Data          16  main_1.o(.bss)
    isminmode                                0x20001298   Data          32  main_1.o(.bss)
    pm01                                     0x200012b8   Data          92  main_1.o(.bss)
    wheel                                    0x20001314   Data          28  main_1.o(.bss)
    wheel_e                                  0x20001330   Data          28  main_1.o(.bss)
    wheel_ladrc_left_1                       0x2000134c   Data         132  main_1.o(.bss)
    wheel_ladrc_left_2                       0x200013d0   Data         132  main_1.o(.bss)
    wheel_ladrc_right_1                      0x20001454   Data         132  main_1.o(.bss)
    wheel_ladrc_right_2                      0x200014d8   Data         132  main_1.o(.bss)
    wheel_td_left_1                          0x2000155c   Data          32  main_1.o(.bss)
    wheel_td_left_2                          0x2000157c   Data          32  main_1.o(.bss)
    wheel_td_right_1                         0x2000159c   Data          32  main_1.o(.bss)
    wheel_td_right_2                         0x200015bc   Data          32  main_1.o(.bss)
    td_vw                                    0x200015dc   Data          32  main_1.o(.bss)
    td_vx                                    0x200015fc   Data          32  main_1.o(.bss)
    td_vy                                    0x2000161c   Data          32  main_1.o(.bss)
    Gimbal_to_Chassis_Data                   0x2000163c   Data          92  main_1.o(.bss)
    dianlutd                                 0x20001698   Data          32  main_1.o(.bss)
    lsd                                      0x200016b8   Data         160  main_1.o(.bss)
    now_vxy                                  0x20001758   Data          16  main_1.o(.bss)
    RxHeader                                 0x20001768   Data          28  main_1.o(.bss)
    send_graphic_queue                       0x20001784   Data        1654  main_1.o(.bss)
    RM_Clicker::RC_Ctl                       0x20001dfa   Data          22  main_1.o(.bss)
    RM_Clicker::pData                        0x20001e10   Data          18  main_1.o(.bss)
    hcan1                                    0x20001e24   Data          40  can.o(.bss)
    hcan2                                    0x20001e4c   Data          40  can.o(.bss)
    htim5                                    0x20001e74   Data          72  tim.o(.bss)
    htim6                                    0x20001ebc   Data          72  tim.o(.bss)
    huart1                                   0x20001f04   Data          68  usart.o(.bss)
    huart3                                   0x20001f48   Data          68  usart.o(.bss)
    huart6                                   0x20001f8c   Data          68  usart.o(.bss)
    hdma_usart1_tx                           0x20001fd0   Data          96  usart.o(.bss)
    hdma_usart1_rx                           0x20002030   Data          96  usart.o(.bss)
    hdma_usart6_tx                           0x20002090   Data          96  usart.o(.bss)
    hdma_usart6_rx                           0x200020f0   Data          96  usart.o(.bss)
    RM_RefereeSystemData                     0x20002150   Data         120  rm_refereesystem.o(.bss)
    RM_RefereeSystemData01                   0x200021c8   Data         120  rm_refereesystem.o(.bss)
    ext_power_heat_data_0x0201               0x20002240   Data          13  rm_refereesystem.o(.bss)
    ext_power_heat_data_0x0202               0x2000224d   Data          16  rm_refereesystem.o(.bss)
    map_command_0x0303                       0x2000225d   Data          15  rm_refereesystem.o(.bss)
    tx_buf                                   0x2000226c   Data         128  rm_refereesystem.o(.bss)
    daohang_tx_buf                           0x200022ec   Data         128  rm_refereesystem.o(.bss)
    RM_RefereeSystem::map_robot_data         0x2000236c   Data          10  rm_refereesystem.o(.bss)
    __libspace_start                         0x200023a8   Data          96  libspace.o(.bss)
    __temporary_stack_top$libspace           0x20002408   Data           0  libspace.o(.bss)



==============================================================================

Memory Map of the image

  Image Entry point : 0x08000189

  Load Region LR_IROM1 (Base: 0x08000000, Size: 0x00009804, Max: 0x00100000, ABSOLUTE, COMPRESSED[0x00009708])

    Execution Region ER_IROM1 (Exec base: 0x08000000, Load base: 0x08000000, Size: 0x000096cc, Max: 0x00100000, ABSOLUTE)

    Exec Addr    Load Addr    Size         Type   Attr      Idx    E Section Name        Object

    0x08000000   0x08000000   0x00000188   Data   RO            3    RESET               startup_stm32f407xx.o
    0x08000188   0x08000188   0x00000008   Code   RO         4412  * !!!main             c_w.l(__main.o)
    0x08000190   0x08000190   0x00000034   Code   RO         4950    !!!scatter          c_w.l(__scatter.o)
    0x080001c4   0x080001c4   0x0000005a   Code   RO         4948    !!dczerorl2         c_w.l(__dczerorl2.o)
    0x0800021e   0x0800021e   0x00000002   PAD
    0x08000220   0x08000220   0x0000001c   Code   RO         4952    !!handler_zi        c_w.l(__scatter_zi.o)
    0x0800023c   0x0800023c   0x00000000   Code   RO         4399    .ARM.Collect$$_printf_percent$$00000000  c_w.l(_printf_percent.o)
    0x0800023c   0x0800023c   0x00000006   Code   RO         4397    .ARM.Collect$$_printf_percent$$00000009  c_w.l(_printf_d.o)
    0x08000242   0x08000242   0x00000004   Code   RO         4546    .ARM.Collect$$_printf_percent$$00000017  c_w.l(_printf_percent_end.o)
    0x08000246   0x08000246   0x00000002   Code   RO         4751    .ARM.Collect$$libinit$$00000000  c_w.l(libinit.o)
    0x08000248   0x08000248   0x00000004   Code   RO         4547    .ARM.Collect$$libinit$$00000001  c_w.l(libinit2.o)
    0x0800024c   0x0800024c   0x00000000   Code   RO         4550    .ARM.Collect$$libinit$$00000004  c_w.l(libinit2.o)
    0x0800024c   0x0800024c   0x00000000   Code   RO         4553    .ARM.Collect$$libinit$$0000000A  c_w.l(libinit2.o)
    0x0800024c   0x0800024c   0x00000000   Code   RO         4555    .ARM.Collect$$libinit$$0000000C  c_w.l(libinit2.o)
    0x0800024c   0x0800024c   0x00000000   Code   RO         4557    .ARM.Collect$$libinit$$0000000E  c_w.l(libinit2.o)
    0x0800024c   0x0800024c   0x00000000   Code   RO         4560    .ARM.Collect$$libinit$$00000011  c_w.l(libinit2.o)
    0x0800024c   0x0800024c   0x00000000   Code   RO         4562    .ARM.Collect$$libinit$$00000013  c_w.l(libinit2.o)
    0x0800024c   0x0800024c   0x00000000   Code   RO         4564    .ARM.Collect$$libinit$$00000015  c_w.l(libinit2.o)
    0x0800024c   0x0800024c   0x00000000   Code   RO         4566    .ARM.Collect$$libinit$$00000017  c_w.l(libinit2.o)
    0x0800024c   0x0800024c   0x00000000   Code   RO         4568    .ARM.Collect$$libinit$$00000019  c_w.l(libinit2.o)
    0x0800024c   0x0800024c   0x00000000   Code   RO         4570    .ARM.Collect$$libinit$$0000001B  c_w.l(libinit2.o)
    0x0800024c   0x0800024c   0x00000000   Code   RO         4572    .ARM.Collect$$libinit$$0000001D  c_w.l(libinit2.o)
    0x0800024c   0x0800024c   0x00000000   Code   RO         4574    .ARM.Collect$$libinit$$0000001F  c_w.l(libinit2.o)
    0x0800024c   0x0800024c   0x00000000   Code   RO         4576    .ARM.Collect$$libinit$$00000021  c_w.l(libinit2.o)
    0x0800024c   0x0800024c   0x00000000   Code   RO         4578    .ARM.Collect$$libinit$$00000023  c_w.l(libinit2.o)
    0x0800024c   0x0800024c   0x00000000   Code   RO         4580    .ARM.Collect$$libinit$$00000025  c_w.l(libinit2.o)
    0x0800024c   0x0800024c   0x00000000   Code   RO         4584    .ARM.Collect$$libinit$$0000002C  c_w.l(libinit2.o)
    0x0800024c   0x0800024c   0x00000000   Code   RO         4586    .ARM.Collect$$libinit$$0000002E  c_w.l(libinit2.o)
    0x0800024c   0x0800024c   0x00000000   Code   RO         4588    .ARM.Collect$$libinit$$00000030  c_w.l(libinit2.o)
    0x0800024c   0x0800024c   0x00000004   Code   RO         4589    .ARM.Collect$$libinit$$00000031  c_w.l(libinit2.o)
    0x08000250   0x08000250   0x00000000   Code   RO         4590    .ARM.Collect$$libinit$$00000032  c_w.l(libinit2.o)
    0x08000250   0x08000250   0x00000002   Code   RO         4591    .ARM.Collect$$libinit$$00000033  c_w.l(libinit2.o)
    0x08000252   0x08000252   0x00000002   Code   RO         4909    .ARM.Collect$$libshutdown$$00000000  c_w.l(libshutdown.o)
    0x08000254   0x08000254   0x00000000   Code   RO         4925    .ARM.Collect$$libshutdown$$00000002  c_w.l(libshutdown2.o)
    0x08000254   0x08000254   0x00000000   Code   RO         4927    .ARM.Collect$$libshutdown$$00000004  c_w.l(libshutdown2.o)
    0x08000254   0x08000254   0x00000000   Code   RO         4929    .ARM.Collect$$libshutdown$$00000006  c_w.l(libshutdown2.o)
    0x08000254   0x08000254   0x00000000   Code   RO         4932    .ARM.Collect$$libshutdown$$00000009  c_w.l(libshutdown2.o)
    0x08000254   0x08000254   0x00000000   Code   RO         4935    .ARM.Collect$$libshutdown$$0000000C  c_w.l(libshutdown2.o)
    0x08000254   0x08000254   0x00000000   Code   RO         4937    .ARM.Collect$$libshutdown$$0000000E  c_w.l(libshutdown2.o)
    0x08000254   0x08000254   0x00000000   Code   RO         4940    .ARM.Collect$$libshutdown$$00000011  c_w.l(libshutdown2.o)
    0x08000254   0x08000254   0x00000002   Code   RO         4941    .ARM.Collect$$libshutdown$$00000012  c_w.l(libshutdown2.o)
    0x08000256   0x08000256   0x00000000   Code   RO         4531    .ARM.Collect$$rtentry$$00000000  c_w.l(__rtentry.o)
    0x08000256   0x08000256   0x00000000   Code   RO         4658    .ARM.Collect$$rtentry$$00000002  c_w.l(__rtentry2.o)
    0x08000256   0x08000256   0x00000006   Code   RO         4670    .ARM.Collect$$rtentry$$00000004  c_w.l(__rtentry4.o)
    0x0800025c   0x0800025c   0x00000000   Code   RO         4660    .ARM.Collect$$rtentry$$00000009  c_w.l(__rtentry2.o)
    0x0800025c   0x0800025c   0x00000004   Code   RO         4661    .ARM.Collect$$rtentry$$0000000A  c_w.l(__rtentry2.o)
    0x08000260   0x08000260   0x00000000   Code   RO         4663    .ARM.Collect$$rtentry$$0000000C  c_w.l(__rtentry2.o)
    0x08000260   0x08000260   0x00000008   Code   RO         4664    .ARM.Collect$$rtentry$$0000000D  c_w.l(__rtentry2.o)
    0x08000268   0x08000268   0x00000002   Code   RO         4761    .ARM.Collect$$rtexit$$00000000  c_w.l(rtexit.o)
    0x0800026a   0x0800026a   0x00000000   Code   RO         4849    .ARM.Collect$$rtexit$$00000002  c_w.l(rtexit2.o)
    0x0800026a   0x0800026a   0x00000004   Code   RO         4850    .ARM.Collect$$rtexit$$00000003  c_w.l(rtexit2.o)
    0x0800026e   0x0800026e   0x00000006   Code   RO         4851    .ARM.Collect$$rtexit$$00000004  c_w.l(rtexit2.o)
    0x08000274   0x08000274   0x00000040   Code   RO            4    .text               startup_stm32f407xx.o
    0x080002b4   0x080002b4   0x000000ee   Code   RO         4367    .text               c_w.l(lludivv7m.o)
    0x080003a2   0x080003a2   0x00000002   PAD
    0x080003a4   0x080003a4   0x00000028   Code   RO         4371    .text               c_w.l(noretval__2sprintf.o)
    0x080003cc   0x080003cc   0x00000068   Code   RO         4373    .text               c_w.l(__printf.o)
    0x08000434   0x08000434   0x00000078   Code   RO         4375    .text               c_w.l(_printf_dec.o)
    0x080004ac   0x080004ac   0x0000003e   Code   RO         4400    .text               c_w.l(strlen.o)
    0x080004ea   0x080004ea   0x0000008a   Code   RO         4402    .text               c_w.l(rt_memcpy_v6.o)
    0x08000574   0x08000574   0x00000064   Code   RO         4404    .text               c_w.l(rt_memcpy_w.o)
    0x080005d8   0x080005d8   0x00000044   Code   RO         4406    .text               c_w.l(rt_memclr.o)
    0x0800061c   0x0800061c   0x0000004e   Code   RO         4408    .text               c_w.l(rt_memclr_w.o)
    0x0800066a   0x0800066a   0x00000006   Code   RO         4410    .text               c_w.l(heapauxi.o)
    0x08000670   0x08000670   0x00000024   Code   RO         4417    .text               c_w.l(init_aeabi.o)
    0x08000694   0x08000694   0x00000016   Code   RO         4536    .text               c_w.l(_rserrno.o)
    0x080006aa   0x080006aa   0x000000b2   Code   RO         4538    .text               c_w.l(_printf_intcommon.o)
    0x0800075c   0x0800075c   0x00000030   Code   RO         4542    .text               c_w.l(_printf_char_common.o)
    0x0800078c   0x0800078c   0x0000000a   Code   RO         4544    .text               c_w.l(_sputc.o)
    0x08000796   0x08000796   0x00000002   PAD
    0x08000798   0x08000798   0x00000008   Code   RO         4682    .text               c_w.l(rt_errno_addr_intlibspace.o)
    0x080007a0   0x080007a0   0x00000008   Code   RO         4729    .text               c_w.l(libspace.o)
    0x080007a8   0x080007a8   0x0000004a   Code   RO         4732    .text               c_w.l(sys_stackheap_outer.o)
    0x080007f2   0x080007f2   0x00000012   Code   RO         4734    .text               c_w.l(exit.o)
    0x08000804   0x08000804   0x0000000c   Code   RO         4841    .text               c_w.l(sys_exit.o)
    0x08000810   0x08000810   0x00000002   Code   RO         4843    .text               c_w.l(use_no_semi.o)
    0x08000812   0x08000812   0x00000000   Code   RO         4847    .text               c_w.l(indicate_semi.o)
    0x08000812   0x08000812   0x00000002   PAD
    0x08000814   0x08000814   0x00000044   Code   RO           13    i.<Func19>          main_1.o
    0x08000858   0x08000858   0x00000004   Code   RO         1061    i.BusFault_Handler  stm32f4xx_it.o
    0x0800085c   0x0800085c   0x00000010   Code   RO         1062    i.CAN1_RX0_IRQHandler  stm32f4xx_it.o
    0x0800086c   0x0800086c   0x00000010   Code   RO         1063    i.CAN1_RX1_IRQHandler  stm32f4xx_it.o
    0x0800087c   0x0800087c   0x00000010   Code   RO         1064    i.CAN2_RX0_IRQHandler  stm32f4xx_it.o
    0x0800088c   0x0800088c   0x00000010   Code   RO         1065    i.CAN2_RX1_IRQHandler  stm32f4xx_it.o
    0x0800089c   0x0800089c   0x00000010   Code   RO         1066    i.DMA2_Stream1_IRQHandler  stm32f4xx_it.o
    0x080008ac   0x080008ac   0x00000010   Code   RO         1067    i.DMA2_Stream2_IRQHandler  stm32f4xx_it.o
    0x080008bc   0x080008bc   0x00000010   Code   RO         1068    i.DMA2_Stream6_IRQHandler  stm32f4xx_it.o
    0x080008cc   0x080008cc   0x00000010   Code   RO         1069    i.DMA2_Stream7_IRQHandler  stm32f4xx_it.o
    0x080008dc   0x080008dc   0x00000034   Code   RO         1977    i.DMA_CalcBaseAndBitshift  stm32f4xx_hal_dma.o
    0x08000910   0x08000910   0x000000aa   Code   RO         1978    i.DMA_CheckFifoParam  stm32f4xx_hal_dma.o
    0x080009ba   0x080009ba   0x0000002c   Code   RO         1979    i.DMA_SetConfig     stm32f4xx_hal_dma.o
    0x080009e6   0x080009e6   0x00000002   Code   RO         1070    i.DebugMon_Handler  stm32f4xx_it.o
    0x080009e8   0x080009e8   0x00000006   Code   RO           14    i.Error_Handler     main_1.o
    0x080009ee   0x080009ee   0x0000002a   Code   RO         1240    i.HAL_CAN_ActivateNotification  stm32f4xx_hal_can.o
    0x08000a18   0x08000a18   0x00000156   Code   RO         1241    i.HAL_CAN_AddTxMessage  stm32f4xx_hal_can.o
    0x08000b6e   0x08000b6e   0x00000002   PAD
    0x08000b70   0x08000b70   0x00000124   Code   RO         1242    i.HAL_CAN_ConfigFilter  stm32f4xx_hal_can.o
    0x08000c94   0x08000c94   0x00000002   Code   RO         1245    i.HAL_CAN_ErrorCallback  stm32f4xx_hal_can.o
    0x08000c96   0x08000c96   0x0000017a   Code   RO         1248    i.HAL_CAN_GetRxMessage  stm32f4xx_hal_can.o
    0x08000e10   0x08000e10   0x0000024e   Code   RO         1252    i.HAL_CAN_IRQHandler  stm32f4xx_hal_can.o
    0x0800105e   0x0800105e   0x00000174   Code   RO         1253    i.HAL_CAN_Init      stm32f4xx_hal_can.o
    0x080011d2   0x080011d2   0x00000002   PAD
    0x080011d4   0x080011d4   0x00000180   Code   RO          884    i.HAL_CAN_MspInit   can.o
    0x08001354   0x08001354   0x00000002   Code   RO         1260    i.HAL_CAN_RxFifo0FullCallback  stm32f4xx_hal_can.o
    0x08001356   0x08001356   0x00000002   PAD
    0x08001358   0x08001358   0x0000007c   Code   RO           15    i.HAL_CAN_RxFifo0MsgPendingCallback  main_1.o
    0x080013d4   0x080013d4   0x00000002   Code   RO         1262    i.HAL_CAN_RxFifo1FullCallback  stm32f4xx_hal_can.o
    0x080013d6   0x080013d6   0x00000002   Code   RO         1263    i.HAL_CAN_RxFifo1MsgPendingCallback  stm32f4xx_hal_can.o
    0x080013d8   0x080013d8   0x00000002   Code   RO         1264    i.HAL_CAN_SleepCallback  stm32f4xx_hal_can.o
    0x080013da   0x080013da   0x0000005e   Code   RO         1265    i.HAL_CAN_Start     stm32f4xx_hal_can.o
    0x08001438   0x08001438   0x00000002   Code   RO         1267    i.HAL_CAN_TxMailbox0AbortCallback  stm32f4xx_hal_can.o
    0x0800143a   0x0800143a   0x00000002   Code   RO         1268    i.HAL_CAN_TxMailbox0CompleteCallback  stm32f4xx_hal_can.o
    0x0800143c   0x0800143c   0x00000002   Code   RO         1269    i.HAL_CAN_TxMailbox1AbortCallback  stm32f4xx_hal_can.o
    0x0800143e   0x0800143e   0x00000002   Code   RO         1270    i.HAL_CAN_TxMailbox1CompleteCallback  stm32f4xx_hal_can.o
    0x08001440   0x08001440   0x00000002   Code   RO         1271    i.HAL_CAN_TxMailbox2AbortCallback  stm32f4xx_hal_can.o
    0x08001442   0x08001442   0x00000002   Code   RO         1272    i.HAL_CAN_TxMailbox2CompleteCallback  stm32f4xx_hal_can.o
    0x08001444   0x08001444   0x00000002   Code   RO         1274    i.HAL_CAN_WakeUpFromRxMsgCallback  stm32f4xx_hal_can.o
    0x08001446   0x08001446   0x000000ac   Code   RO         1980    i.HAL_DMA_Abort     stm32f4xx_hal_dma.o
    0x080014f2   0x080014f2   0x00000028   Code   RO         1981    i.HAL_DMA_Abort_IT  stm32f4xx_hal_dma.o
    0x0800151a   0x0800151a   0x00000002   PAD
    0x0800151c   0x0800151c   0x00000240   Code   RO         1985    i.HAL_DMA_IRQHandler  stm32f4xx_hal_dma.o
    0x0800175c   0x0800175c   0x000000ec   Code   RO         1986    i.HAL_DMA_Init      stm32f4xx_hal_dma.o
    0x08001848   0x08001848   0x00000092   Code   RO         1990    i.HAL_DMA_Start_IT  stm32f4xx_hal_dma.o
    0x080018da   0x080018da   0x00000002   PAD
    0x080018dc   0x080018dc   0x00000028   Code   RO         2404    i.HAL_Delay         stm32f4xx_hal.o
    0x08001904   0x08001904   0x000001f4   Code   RO         1873    i.HAL_GPIO_Init     stm32f4xx_hal_gpio.o
    0x08001af8   0x08001af8   0x0000000c   Code   RO         1877    i.HAL_GPIO_WritePin  stm32f4xx_hal_gpio.o
    0x08001b04   0x08001b04   0x0000000c   Code   RO         2410    i.HAL_GetTick       stm32f4xx_hal.o
    0x08001b10   0x08001b10   0x00000018   Code   RO         2416    i.HAL_IncTick       stm32f4xx_hal.o
    0x08001b28   0x08001b28   0x0000003c   Code   RO         2417    i.HAL_Init          stm32f4xx_hal.o
    0x08001b64   0x08001b64   0x0000004c   Code   RO         2418    i.HAL_InitTick      stm32f4xx_hal.o
    0x08001bb0   0x08001bb0   0x00000048   Code   RO         1215    i.HAL_MspInit       stm32f4xx_hal_msp.o
    0x08001bf8   0x08001bf8   0x00000020   Code   RO         2262    i.HAL_NVIC_EnableIRQ  stm32f4xx_hal_cortex.o
    0x08001c18   0x08001c18   0x0000007c   Code   RO         2268    i.HAL_NVIC_SetPriority  stm32f4xx_hal_cortex.o
    0x08001c94   0x08001c94   0x00000028   Code   RO         2269    i.HAL_NVIC_SetPriorityGrouping  stm32f4xx_hal_cortex.o
    0x08001cbc   0x08001cbc   0x00000184   Code   RO         1474    i.HAL_RCC_ClockConfig  stm32f4xx_hal_rcc.o
    0x08001e40   0x08001e40   0x0000000c   Code   RO         1479    i.HAL_RCC_GetHCLKFreq  stm32f4xx_hal_rcc.o
    0x08001e4c   0x08001e4c   0x00000020   Code   RO         1481    i.HAL_RCC_GetPCLK1Freq  stm32f4xx_hal_rcc.o
    0x08001e6c   0x08001e6c   0x00000020   Code   RO         1482    i.HAL_RCC_GetPCLK2Freq  stm32f4xx_hal_rcc.o
    0x08001e8c   0x08001e8c   0x000000b0   Code   RO         1483    i.HAL_RCC_GetSysClockFreq  stm32f4xx_hal_rcc.o
    0x08001f3c   0x08001f3c   0x0000049c   Code   RO         1486    i.HAL_RCC_OscConfig  stm32f4xx_hal_rcc.o
    0x080023d8   0x080023d8   0x00000034   Code   RO         2273    i.HAL_SYSTICK_Config  stm32f4xx_hal_cortex.o
    0x0800240c   0x0800240c   0x00000002   Code   RO         3372    i.HAL_TIMEx_BreakCallback  stm32f4xx_hal_tim_ex.o
    0x0800240e   0x0800240e   0x00000002   Code   RO         3373    i.HAL_TIMEx_CommutCallback  stm32f4xx_hal_tim_ex.o
    0x08002410   0x08002410   0x000000b4   Code   RO         3391    i.HAL_TIMEx_MasterConfigSynchronization  stm32f4xx_hal_tim_ex.o
    0x080024c4   0x080024c4   0x00000066   Code   RO         2657    i.HAL_TIM_Base_Init  stm32f4xx_hal_tim.o
    0x0800252a   0x0800252a   0x00000002   PAD
    0x0800252c   0x0800252c   0x00000084   Code   RO          960    i.HAL_TIM_Base_MspInit  tim.o
    0x080025b0   0x080025b0   0x000000a8   Code   RO         2662    i.HAL_TIM_Base_Start_IT  stm32f4xx_hal_tim.o
    0x08002658   0x08002658   0x0000010c   Code   RO         2666    i.HAL_TIM_ConfigClockSource  stm32f4xx_hal_tim.o
    0x08002764   0x08002764   0x00000002   Code   RO         2691    i.HAL_TIM_IC_CaptureCallback  stm32f4xx_hal_tim.o
    0x08002766   0x08002766   0x00000196   Code   RO         2705    i.HAL_TIM_IRQHandler  stm32f4xx_hal_tim.o
    0x080028fc   0x080028fc   0x00000002   Code   RO         2708    i.HAL_TIM_OC_DelayElapsedCallback  stm32f4xx_hal_tim.o
    0x080028fe   0x080028fe   0x00000002   Code   RO         2735    i.HAL_TIM_PWM_PulseFinishedCallback  stm32f4xx_hal_tim.o
    0x08002900   0x08002900   0x00000688   Code   RO           16    i.HAL_TIM_PeriodElapsedCallback  main_1.o
    0x08002f88   0x08002f88   0x00000002   Code   RO         2748    i.HAL_TIM_TriggerCallback  stm32f4xx_hal_tim.o
    0x08002f8a   0x08002f8a   0x00000082   Code   RO         3649    i.HAL_UARTEx_ReceiveToIdle_IT  stm32f4xx_hal_uart.o
    0x0800300c   0x0800300c   0x0000004c   Code   RO           17    i.HAL_UARTEx_RxEventCallback  main_1.o
    0x08003058   0x08003058   0x00000002   Code   RO         3664    i.HAL_UART_ErrorCallback  stm32f4xx_hal_uart.o
    0x0800305a   0x0800305a   0x00000002   PAD
    0x0800305c   0x0800305c   0x000002e0   Code   RO         3667    i.HAL_UART_IRQHandler  stm32f4xx_hal_uart.o
    0x0800333c   0x0800333c   0x00000072   Code   RO         3668    i.HAL_UART_Init     stm32f4xx_hal_uart.o
    0x080033ae   0x080033ae   0x00000002   PAD
    0x080033b0   0x080033b0   0x000002ec   Code   RO         1008    i.HAL_UART_MspInit  usart.o
    0x0800369c   0x0800369c   0x00000042   Code   RO         3672    i.HAL_UART_Receive_DMA  stm32f4xx_hal_uart.o
    0x080036de   0x080036de   0x00000042   Code   RO         3673    i.HAL_UART_Receive_IT  stm32f4xx_hal_uart.o
    0x08003720   0x08003720   0x00000012   Code   RO           18    i.HAL_UART_RxCpltCallback  main_1.o
    0x08003732   0x08003732   0x00000002   Code   RO         3675    i.HAL_UART_RxHalfCpltCallback  stm32f4xx_hal_uart.o
    0x08003734   0x08003734   0x000000ac   Code   RO         3677    i.HAL_UART_Transmit_DMA  stm32f4xx_hal_uart.o
    0x080037e0   0x080037e0   0x00000058   Code   RO         3678    i.HAL_UART_Transmit_IT  stm32f4xx_hal_uart.o
    0x08003838   0x08003838   0x00000002   Code   RO         3679    i.HAL_UART_TxCpltCallback  stm32f4xx_hal_uart.o
    0x0800383a   0x0800383a   0x00000002   Code   RO         3680    i.HAL_UART_TxHalfCpltCallback  stm32f4xx_hal_uart.o
    0x0800383c   0x0800383c   0x00000004   Code   RO         1071    i.HardFault_Handler  stm32f4xx_it.o
    0x08003840   0x08003840   0x00000044   Code   RO          885    i.MX_CAN1_Init      can.o
    0x08003884   0x08003884   0x00000044   Code   RO          886    i.MX_CAN2_Init      can.o
    0x080038c8   0x080038c8   0x00000068   Code   RO          932    i.MX_DMA_Init       dma.o
    0x08003930   0x08003930   0x000000f0   Code   RO          756    i.MX_GPIO_Init      gpio.o
    0x08003a20   0x08003a20   0x00000070   Code   RO          961    i.MX_TIM5_Init      tim.o
    0x08003a90   0x08003a90   0x0000004c   Code   RO          962    i.MX_TIM6_Init      tim.o
    0x08003adc   0x08003adc   0x00000038   Code   RO         1009    i.MX_USART1_UART_Init  usart.o
    0x08003b14   0x08003b14   0x00000040   Code   RO         1010    i.MX_USART3_UART_Init  usart.o
    0x08003b54   0x08003b54   0x00000038   Code   RO         1011    i.MX_USART6_UART_Init  usart.o
    0x08003b8c   0x08003b8c   0x00000004   Code   RO         1072    i.MemManage_Handler  stm32f4xx_it.o
    0x08003b90   0x08003b90   0x00000004   Code   RO         1073    i.NMI_Handler       stm32f4xx_it.o
    0x08003b94   0x08003b94   0x00000002   Code   RO         1074    i.PendSV_Handler    stm32f4xx_it.o
    0x08003b96   0x08003b96   0x00000002   Code   RO         1075    i.SVC_Handler       stm32f4xx_it.o
    0x08003b98   0x08003b98   0x00000008   Code   RO         1076    i.SysTick_Handler   stm32f4xx_it.o
    0x08003ba0   0x08003ba0   0x00000014   Code   RO         4007    i.SystemInit        system_stm32f4xx.o
    0x08003bb4   0x08003bb4   0x00000010   Code   RO         1077    i.TIM5_IRQHandler   stm32f4xx_it.o
    0x08003bc4   0x08003bc4   0x00000010   Code   RO         1078    i.TIM6_DAC_IRQHandler  stm32f4xx_it.o
    0x08003bd4   0x08003bd4   0x000000d8   Code   RO         2750    i.TIM_Base_SetConfig  stm32f4xx_hal_tim.o
    0x08003cac   0x08003cac   0x00000016   Code   RO         2761    i.TIM_ETR_SetConfig  stm32f4xx_hal_tim.o
    0x08003cc2   0x08003cc2   0x00000012   Code   RO         2762    i.TIM_ITRx_SetConfig  stm32f4xx_hal_tim.o
    0x08003cd4   0x08003cd4   0x00000026   Code   RO         2768    i.TIM_TI1_ConfigInputStage  stm32f4xx_hal_tim.o
    0x08003cfa   0x08003cfa   0x00000028   Code   RO         2770    i.TIM_TI2_ConfigInputStage  stm32f4xx_hal_tim.o
    0x08003d22   0x08003d22   0x00000014   Code   RO         3681    i.UART_DMAAbortOnError  stm32f4xx_hal_uart.o
    0x08003d36   0x08003d36   0x00000050   Code   RO         3682    i.UART_DMAError     stm32f4xx_hal_uart.o
    0x08003d86   0x08003d86   0x000000b0   Code   RO         3683    i.UART_DMAReceiveCplt  stm32f4xx_hal_uart.o
    0x08003e36   0x08003e36   0x00000020   Code   RO         3685    i.UART_DMARxHalfCplt  stm32f4xx_hal_uart.o
    0x08003e56   0x08003e56   0x00000058   Code   RO         3687    i.UART_DMATransmitCplt  stm32f4xx_hal_uart.o
    0x08003eae   0x08003eae   0x0000000e   Code   RO         3689    i.UART_DMATxHalfCplt  stm32f4xx_hal_uart.o
    0x08003ebc   0x08003ebc   0x0000006c   Code   RO         3691    i.UART_EndRxTransfer  stm32f4xx_hal_uart.o
    0x08003f28   0x08003f28   0x00000020   Code   RO         3692    i.UART_EndTransmit_IT  stm32f4xx_hal_uart.o
    0x08003f48   0x08003f48   0x00000026   Code   RO         3693    i.UART_EndTxTransfer  stm32f4xx_hal_uart.o
    0x08003f6e   0x08003f6e   0x000000f8   Code   RO         3694    i.UART_Receive_IT   stm32f4xx_hal_uart.o
    0x08004066   0x08004066   0x00000002   PAD
    0x08004068   0x08004068   0x0000022c   Code   RO         3695    i.UART_SetConfig    stm32f4xx_hal_uart.o
    0x08004294   0x08004294   0x000000d0   Code   RO         3696    i.UART_Start_Receive_DMA  stm32f4xx_hal_uart.o
    0x08004364   0x08004364   0x0000004a   Code   RO         3697    i.UART_Start_Receive_IT  stm32f4xx_hal_uart.o
    0x080043ae   0x080043ae   0x00000060   Code   RO         3698    i.UART_Transmit_IT  stm32f4xx_hal_uart.o
    0x0800440e   0x0800440e   0x00000002   PAD
    0x08004410   0x08004410   0x00000010   Code   RO         1079    i.USART1_IRQHandler  stm32f4xx_it.o
    0x08004420   0x08004420   0x00000010   Code   RO         1080    i.USART3_IRQHandler  stm32f4xx_it.o
    0x08004430   0x08004430   0x00000010   Code   RO         1081    i.USART6_IRQHandler  stm32f4xx_it.o
    0x08004440   0x08004440   0x00000004   Code   RO         1082    i.UsageFault_Handler  stm32f4xx_it.o
    0x08004444   0x08004444   0x0000009c   Code   RO           22    i._Z10set_mcl_ofib  main_1.o
    0x080044e0   0x080044e0   0x0000002c   Code   RO           24    i._Z11RM_Can_Initv  main_1.o
    0x0800450c   0x0800450c   0x0000002c   Code   RO           25    i._Z11RM_Can_SendP19__CAN_HandleTypeDefjPhj  main_1.o
    0x08004538   0x08004538   0x00000018   Code   RO           29    i._Z13Send_3508_CANv  main_1.o
    0x08004550   0x08004550   0x00000408   Code   RO           32    i._Z15darw_graphic_uiv  main_1.o
    0x08004958   0x08004958   0x00000046   Code   RO           33    i._Z16Total_tasks_Initv  main_1.o
    0x0800499e   0x0800499e   0x00000002   PAD
    0x080049a0   0x080049a0   0x00000044   Code   RO           34    i._Z18RM_CAN_Filter_Initv  main_1.o
    0x080049e4   0x080049e4   0x000000b0   Code   RO           35    i._Z18SystemClock_Configv  main_1.o
    0x08004a94   0x08004a94   0x00000348   Code   RO           38    i._Z21Get_Gimbal_to_ChassisP20__UART_HandleTypeDef  main_1.o
    0x08004ddc   0x08004ddc   0x00000036   Code   RO           39    i._Z26GET_Motor_ID_ADDRESS_BIND_P8RM_Motori  main_1.o
    0x08004e12   0x08004e12   0x00000002   PAD
    0x08004e14   0x08004e14   0x00000018   Code   RO           40    i._Z26Get_Gimbal_to_Chassis_Initv  main_1.o
    0x08004e2c   0x08004e2c   0x000004ac   Code   RO           41    i._Z27darw_graphic_static_ui_initv  main_1.o
    0x080052d8   0x080052d8   0x00000010   Code   RO           42    i._Z36set_send_graphic_queue_is_Delete_allv  main_1.o
    0x080052e8   0x080052e8   0x00000016   Code   RO           43    i._Z6setMSDP17Motor_send_data_tsi  main_1.o
    0x080052fe   0x080052fe   0x00000002   PAD
    0x08005300   0x08005300   0x00000090   Code   RO           45    i._Z8set_gy_vif     main_1.o
    0x08005390   0x08005390   0x00000090   Code   RO           46    i._Z8set_yd_vif     main_1.o
    0x08005420   0x08005420   0x0000009c   Code   RO           51    i._Z9set_cm_ofib    main_1.o
    0x080054bc   0x080054bc   0x0000009c   Code   RO           52    i._Z9set_fp_ofih    main_1.o
    0x08005558   0x08005558   0x00000018   Code   RO          498    i._ZN10RM_Clicker4InitEv  main_1.o
    0x08005570   0x08005570   0x000000e8   Code   RO          462    i._ZN10RM_Clicker9ParseDataEv  main_1.o
    0x08005658   0x08005658   0x00000290   Code   RO          390    i._ZN12TD_quadratic12td_quadraticEfb  main_1.o
    0x080058e8   0x080058e8   0x00000010   Code   RO          474    i._ZN12TD_quadraticC1Efffh  main_1.o
    0x080058f8   0x080058f8   0x00000324   Code   RO          432    i._ZN12WheatWheel_t6UpDataEffff  main_1.o
    0x08005c1c   0x08005c1c   0x0000005c   Code   RO           55    i._ZN13NonLinear_Fun7Fsg_FunEff  main_1.o
    0x08005c78   0x08005c78   0x0000027c   Code   RO           56    i._ZN13NonLinear_Fun8Fhan_FunEffff  main_1.o
    0x08005ef4   0x08005ef4   0x00000022   Code   RO           57    i._ZN13NonLinear_Fun8Fign_FunEf  main_1.o
    0x08005f16   0x08005f16   0x0000000c   Code   RO          522    i._ZN13RM_StaticTime10UpLastTimeEv  main_1.o
    0x08005f22   0x08005f22   0x0000001a   Code   RO          516    i._ZN13RM_StaticTime5ISDirEj  main_1.o
    0x08005f3c   0x08005f3c   0x00000032   Code   RO          444    i._ZN13RM_StaticTime5ISOneEj  main_1.o
    0x08005f6e   0x08005f6e   0x00000002   PAD
    0x08005f70   0x08005f70   0x00000090   Code   RO          510    i._ZN14combines_x_x_t12combines_x_xEffff  main_1.o
    0x08006000   0x08006000   0x000001d4   Code   RO          420    i._ZN15LADRC_quadratic13eso_quadraticEfh  main_1.o
    0x080061d4   0x080061d4   0x000001b4   Code   RO          414    i._ZN15LADRC_quadratic14sef_controllerEh  main_1.o
    0x08006388   0x08006388   0x0000003e   Code   RO          426    i._ZN15LADRC_quadratic7up_dataEffhb  main_1.o
    0x080063c6   0x080063c6   0x00000062   Code   RO          480    i._ZN15LADRC_quadraticC1E12TD_quadraticffffff  main_1.o
    0x08006428   0x08006428   0x00000038   Code   RO         4109    i._ZN16RM_RefereeSystem19RM_RefereeSystemDirEv  rm_refereesystem.o
    0x08006460   0x08006460   0x00000018   Code   RO         4110    i._ZN16RM_RefereeSystem20RM_RefereeSystemInitEv  rm_refereesystem.o
    0x08006478   0x08006478   0x00000038   Code   RO         4111    i._ZN16RM_RefereeSystem21RM_RefereeSystemParseEP20__UART_HandleTypeDef  rm_refereesystem.o
    0x080064b0   0x080064b0   0x000000a8   Code   RO         4112    i._ZN16RM_RefereeSystem22RM_RefereeSystemDeleteEcc  rm_refereesystem.o
    0x08006558   0x08006558   0x000000d0   Code   RO         4114    i._ZN16RM_RefereeSystem22RM_RefereeSystemSetStrEPcjS0_jj  rm_refereesystem.o
    0x08006628   0x08006628   0x00000014   Code   RO         4115    i._ZN16RM_RefereeSystem23RM_RefereeSystemClsToopEv  rm_refereesystem.o
    0x0800663c   0x0800663c   0x00000058   Code   RO         4116    i._ZN16RM_RefereeSystem23RM_RefereeSystemGetDataEh  rm_refereesystem.o
    0x08006694   0x08006694   0x000000c0   Code   RO         4117    i._ZN16RM_RefereeSystem23RM_RefereeSystemSendStrENS_29ext_client_custom_character_tE  rm_refereesystem.o
    0x08006754   0x08006754   0x000000b4   Code   RO         4118    i._ZN16RM_RefereeSystem23RM_RefereeSystemSetLineEPcjjjjj  rm_refereesystem.o
    0x08006808   0x08006808   0x0000000c   Code   RO         4120    i._ZN16RM_RefereeSystem24RM_RefereeSystemSetColorEi  rm_refereesystem.o
    0x08006814   0x08006814   0x0000000c   Code   RO         4121    i._ZN16RM_RefereeSystem24RM_RefereeSystemSetWidthEi  rm_refereesystem.o
    0x08006820   0x08006820   0x000000e0   Code   RO         4122    i._ZN16RM_RefereeSystem25RM_RefereeSystemParseDataEPhi  rm_refereesystem.o
    0x08006900   0x08006900   0x0000011c   Code   RO         4124    i._ZN16RM_RefereeSystem25RM_RefereeSystemSendDataNEPKNS_21graphic_data_struct_tEi  rm_refereesystem.o
    0x08006a1c   0x08006a1c   0x000000a8   Code   RO         4125    i._ZN16RM_RefereeSystem25RM_RefereeSystemSetCircleEPcjjjj  rm_refereesystem.o
    0x08006ac4   0x08006ac4   0x0000008c   Code   RO         4127    i._ZN16RM_RefereeSystem26RM_RefereeSystemGetRobotIdEv  rm_refereesystem.o
    0x08006b50   0x08006b50   0x000000b4   Code   RO         4129    i._ZN16RM_RefereeSystem28RM_RefereeSystemSetRectangleEPcjjjjj  rm_refereesystem.o
    0x08006c04   0x08006c04   0x0000000c   Code   RO         4130    i._ZN16RM_RefereeSystem29RM_RefereeSystemSetStringSizeEi  rm_refereesystem.o
    0x08006c10   0x08006c10   0x0000000c   Code   RO         4131    i._ZN16RM_RefereeSystem30RM_RefereeSystemSetOperateTpyeEi  rm_refereesystem.o
    0x08006c1c   0x08006c1c   0x00000036   Code   RO          402    i._ZN18SEND_GRAPHIC_QUEUE3addEN16RM_RefereeSystem21graphic_data_struct_tE  main_1.o
    0x08006c52   0x08006c52   0x00000002   PAD
    0x08006c54   0x08006c54   0x000000d8   Code   RO          468    i._ZN18SEND_GRAPHIC_QUEUE4sendEv  main_1.o
    0x08006d2c   0x08006d2c   0x0000003e   Code   RO          408    i._ZN18SEND_GRAPHIC_QUEUE6add_wzEN16RM_RefereeSystem29ext_client_custom_character_tE  main_1.o
    0x08006d6a   0x08006d6a   0x00000002   PAD
    0x08006d6c   0x08006d6c   0x00000098   Code   RO          528    i._ZN18SEND_GRAPHIC_QUEUE7send_wzEv  main_1.o
    0x08006e04   0x08006e04   0x00000024   Code   RO         4040    i._ZN19RM_RefereeSystemCRC18Get_CRC8_Check_SumEPhjh  rm_refereesystemcrc.o
    0x08006e28   0x08006e28   0x00000034   Code   RO         4041    i._ZN19RM_RefereeSystemCRC19Get_CRC16_Check_SumEPhjt  rm_refereesystemcrc.o
    0x08006e5c   0x08006e5c   0x00000024   Code   RO         4042    i._ZN19RM_RefereeSystemCRC21Append_CRC8_Check_SumEPhj  rm_refereesystemcrc.o
    0x08006e80   0x08006e80   0x0000002e   Code   RO         4043    i._ZN19RM_RefereeSystemCRC21Verify_CRC8_Check_SumEPhj  rm_refereesystemcrc.o
    0x08006eae   0x08006eae   0x00000002   PAD
    0x08006eb0   0x08006eb0   0x00000030   Code   RO         4044    i._ZN19RM_RefereeSystemCRC22Append_CRC16_Check_SumEPhj  rm_refereesystemcrc.o
    0x08006ee0   0x08006ee0   0x00000040   Code   RO         4045    i._ZN19RM_RefereeSystemCRC22Verify_CRC16_Check_SumEPhj  rm_refereesystemcrc.o
    0x08006f20   0x08006f20   0x00000026   Code   RO          438    i._ZN6RM_Key5UpKeyEb  main_1.o
    0x08006f46   0x08006f46   0x00000002   PAD
    0x08006f48   0x08006f48   0x00000038   Code   RO          486    i._ZN6RM_PIDC1Ev    main_1.o
    0x08006f80   0x08006f80   0x000000f4   Code   RO           59    i._ZN7RM_PM0111PM01SendFunEv  main_1.o
    0x08007074   0x08007074   0x0000003c   Code   RO           60    i._ZN7RM_PM0112PM01SendDataEjt  main_1.o
    0x080070b0   0x080070b0   0x00000030   Code   RO           61    i._ZN7RM_PM0114PM01SendRemoteEj  main_1.o
    0x080070e0   0x080070e0   0x00000014   Code   RO           62    i._ZN7RM_PM018PM01InitEv  main_1.o
    0x080070f4   0x080070f4   0x00000148   Code   RO           63    i._ZN7RM_PM019PM01ParseE19CAN_RxHeaderTypeDefPh  main_1.o
    0x0800723c   0x0800723c   0x00000022   Code   RO          504    i._ZN8RM_Motor17GetMotorDataSpeedEs  main_1.o
    0x0800725e   0x0800725e   0x0000024a   Code   RO          456    i._ZN8RM_Motor5ParseE19CAN_RxHeaderTypeDefPh  main_1.o
    0x080074a8   0x080074a8   0x00000084   Code   RO           64    i._ZN8RM_MotorC1EshP7Motor_tPh  main_1.o
    0x0800752c   0x0800752c   0x0000000a   Code   RO          492    i._ZSt4fabsf        main_1.o
    0x08007536   0x08007536   0x00000030   Code   RO         4622    i.__ARM_fpclassify  m_wm.l(fpclassify.o)
    0x08007566   0x08007566   0x00000026   Code   RO         4624    i.__ARM_fpclassifyf  m_wm.l(fpclassifyf.o)
    0x0800758c   0x0800758c   0x00000010   Code   RO         2275    i.__NVIC_GetPriorityGrouping  stm32f4xx_hal_cortex.o
    0x0800759c   0x0800759c   0x00000028   Code   RO         2276    i.__NVIC_SetPriority  stm32f4xx_hal_cortex.o
    0x080075c4   0x080075c4   0x00000024   Code   RO         4420    i.__aeabi_vec_ctor_nocookie_nodtor  cpprt_w.l(aeabi_vec_ctor_nocookie_nodtor.o)
    0x080075e8   0x080075e8   0x00000360   Code   RO         4463    i.__hardfp_asin     m_wm.l(asin.o)
    0x08007948   0x08007948   0x00000150   Code   RO         4477    i.__hardfp_cosf     m_wm.l(cosf.o)
    0x08007a98   0x08007a98   0x00000190   Code   RO         4507    i.__hardfp_sinf     m_wm.l(sinf.o)
    0x08007c28   0x08007c28   0x0000003a   Code   RO         4519    i.__hardfp_sqrtf    m_wm.l(sqrtf.o)
    0x08007c62   0x08007c62   0x000000f8   Code   RO         4640    i.__kernel_poly     m_wm.l(poly.o)
    0x08007d5a   0x08007d5a   0x00000014   Code   RO         4609    i.__mathlib_dbl_infnan  m_wm.l(dunder.o)
    0x08007d6e   0x08007d6e   0x00000002   PAD
    0x08007d70   0x08007d70   0x00000020   Code   RO         4611    i.__mathlib_dbl_invalid  m_wm.l(dunder.o)
    0x08007d90   0x08007d90   0x00000020   Code   RO         4614    i.__mathlib_dbl_underflow  m_wm.l(dunder.o)
    0x08007db0   0x08007db0   0x00000006   Code   RO         4627    i.__mathlib_flt_infnan  m_wm.l(funder.o)
    0x08007db6   0x08007db6   0x00000002   PAD
    0x08007db8   0x08007db8   0x00000010   Code   RO         4629    i.__mathlib_flt_invalid  m_wm.l(funder.o)
    0x08007dc8   0x08007dc8   0x00000010   Code   RO         4632    i.__mathlib_flt_underflow  m_wm.l(funder.o)
    0x08007dd8   0x08007dd8   0x00000154   Code   RO         4642    i.__mathlib_rredf2  m_wm.l(rredf.o)
    0x08007f2c   0x08007f2c   0x00000300   Code   RO           65    i.__sti___8_main_cpp_58d84705  main_1.o
    0x0800822c   0x0800822c   0x00000018   Code   RO         4491    i.fabs              m_wm.l(fabs.o)
    0x08008244   0x08008244   0x000001b4   Code   RO           66    i.main              main_1.o
    0x080083f8   0x080083f8   0x0000006e   Code   RO         4647    i.sqrt              m_wm.l(sqrt.o)
    0x08008466   0x08008466   0x00000018   Code   RO         4423    x$fpl$basic         fz_wm.l(basic.o)
    0x0800847e   0x0800847e   0x00000002   PAD
    0x08008480   0x08008480   0x00000062   Code   RO         4425    x$fpl$d2f           fz_wm.l(d2f.o)
    0x080084e2   0x080084e2   0x00000002   PAD
    0x080084e4   0x080084e4   0x00000150   Code   RO         4427    x$fpl$dadd          fz_wm.l(daddsub_clz.o)
    0x08008634   0x08008634   0x000002b0   Code   RO         4434    x$fpl$ddiv          fz_wm.l(ddiv.o)
    0x080088e4   0x080088e4   0x0000005e   Code   RO         4439    x$fpl$dfix          fz_wm.l(dfix.o)
    0x08008942   0x08008942   0x00000002   PAD
    0x08008944   0x08008944   0x0000005a   Code   RO         4443    x$fpl$dfixu         fz_wm.l(dfixu.o)
    0x0800899e   0x0800899e   0x0000002e   Code   RO         4448    x$fpl$dflt          fz_wm.l(dflt_clz.o)
    0x080089cc   0x080089cc   0x00000026   Code   RO         4447    x$fpl$dfltu         fz_wm.l(dflt_clz.o)
    0x080089f2   0x080089f2   0x00000002   PAD
    0x080089f4   0x080089f4   0x00000154   Code   RO         4455    x$fpl$dmul          fz_wm.l(dmul.o)
    0x08008b48   0x08008b48   0x0000009c   Code   RO         4597    x$fpl$dnaninf       fz_wm.l(dnaninf.o)
    0x08008be4   0x08008be4   0x0000000c   Code   RO         4601    x$fpl$dretinf       fz_wm.l(dretinf.o)
    0x08008bf0   0x08008bf0   0x00000016   Code   RO         4428    x$fpl$drsb          fz_wm.l(daddsub_clz.o)
    0x08008c06   0x08008c06   0x00000002   PAD
    0x08008c08   0x08008c08   0x00000198   Code   RO         4723    x$fpl$dsqrt         fz_wm.l(dsqrt_umaal.o)
    0x08008da0   0x08008da0   0x000001d4   Code   RO         4429    x$fpl$dsub          fz_wm.l(daddsub_clz.o)
    0x08008f74   0x08008f74   0x00000056   Code   RO         4459    x$fpl$f2d           fz_wm.l(f2d.o)
    0x08008fca   0x08008fca   0x0000008c   Code   RO         4603    x$fpl$fnaninf       fz_wm.l(fnaninf.o)
    0x08009056   0x08009056   0x0000000a   Code   RO         4725    x$fpl$fpinit        fz_wm.l(fpinit.o)
    0x08009060   0x08009060   0x0000000a   Code   RO         4605    x$fpl$fretinf       fz_wm.l(fretinf.o)
    0x0800906a   0x0800906a   0x00000000   Code   RO         4607    x$fpl$usenofp       fz_wm.l(usenofp.o)
    0x0800906a   0x0800906a   0x00000006   PAD
    0x08009070   0x08009070   0x000002a8   Data   RO          122    .constdata          main_1.o
    0x08009318   0x08009318   0x00000008   Data   RO         1992    .constdata          stm32f4xx_hal_dma.o
    0x08009320   0x08009320   0x00000018   Data   RO         4008    .constdata          system_stm32f4xx.o
    0x08009338   0x08009338   0x00000300   Data   RO         4052    .constdata          rm_refereesystemcrc.o
    0x08009638   0x08009638   0x00000050   Data   RO         4466    .constdata          m_wm.l(asin.o)
    0x08009688   0x08009688   0x00000020   Data   RO         4643    .constdata          m_wm.l(rredf.o)
    0x080096a8   0x080096a8   0x00000020   Data   RO         4946    Region$$Table       anon$$obj.o
    0x080096c8   0x080096c8   0x00000004   Data   RO          124    .init_array         main_1.o
    0x080096cc   0x080096c8   0x00000000   Data   RO         4415    .init_array         c_w.l(init_aeabi.o)


    Execution Region RW_IRAM2 (Exec base: 0x10000000, Load base: 0x08009708, Size: 0x00000000, Max: 0x00010000, ABSOLUTE)

    **** No section assigned to this execution region ****


    Execution Region RW_IRAM1 (Exec base: 0x20000000, Load base: 0x080096cc, Size: 0x00002a08, Max: 0x00020000, ABSOLUTE, COMPRESSED[0x0000003c])

    Exec Addr    Load Addr    Size         Type   Attr      Idx    E Section Name        Object

    0x20000000   COMPRESSED   0x000000e5   Data   RW          123    .data               main_1.o
    0x200000e5   COMPRESSED   0x00000003   PAD
    0x200000e8   COMPRESSED   0x00000004   Data   RW          888    .data               can.o
    0x200000ec   COMPRESSED   0x00000009   Data   RW         2424    .data               stm32f4xx_hal.o
    0x200000f5   COMPRESSED   0x00000003   PAD
    0x200000f8   COMPRESSED   0x00000004   Data   RW         4009    .data               system_stm32f4xx.o
    0x200000fc   COMPRESSED   0x00000002   Data   RW         4053    .data               rm_refereesystemcrc.o
    0x200000fe   COMPRESSED   0x00000002   PAD
    0x20000100   COMPRESSED   0x00000038   Data   RW         4158    .data               rm_refereesystem.o
    0x20000138        -       0x00001cea   Zero   RW          121    .bss                main_1.o
    0x20001e22   COMPRESSED   0x00000002   PAD
    0x20001e24        -       0x00000050   Zero   RW          887    .bss                can.o
    0x20001e74        -       0x00000090   Zero   RW          963    .bss                tim.o
    0x20001f04        -       0x0000024c   Zero   RW         1012    .bss                usart.o
    0x20002150        -       0x00000258   Zero   RW         4157    .bss                rm_refereesystem.o
    0x200023a8        -       0x00000060   Zero   RW         4730    .bss                c_w.l(libspace.o)
    0x20002408        -       0x00000200   Zero   RW            2    HEAP                startup_stm32f407xx.o
    0x20002608        -       0x00000400   Zero   RW            1    STACK               startup_stm32f407xx.o


==============================================================================

Image component sizes


      Code (inc. data)   RO Data    RW Data    ZI Data      Debug   Object Name

       520         44          0          4         80       2754   can.o
       104          4          0          0          0        906   dma.o
       240          8          0          0          0     702427   gpio.o
     13364       1222        684        229       7402     765572   main_1.o
      2036        174          0         56        600     603402   rm_refereesystem.o
       282         20        768          2          0       6708   rm_refereesystemcrc.o
        64         26        392          0       1536        900   startup_stm32f407xx.o
       212         36          0          9          0       9873   stm32f4xx_hal.o
      2134          6          0          0          0      15499   stm32f4xx_hal_can.o
       304         22          0          0          0      34871   stm32f4xx_hal_cortex.o
      1436         16          8          0          0       7566   stm32f4xx_hal_dma.o
       512         46          0          0          0       2288   stm32f4xx_hal_gpio.o
        72          4          0          0          0        974   stm32f4xx_hal_msp.o
      1820         84          0          0          0       6040   stm32f4xx_hal_rcc.o
      1286         76          0          0          0      10507   stm32f4xx_hal_tim.o
       184         30          0          0          0       2733   stm32f4xx_hal_tim_ex.o
      3150         38          0          0          0      21064   stm32f4xx_hal_uart.o
       242         78          0          0          0      12026   stm32f4xx_it.o
        20          6         24          4          0       1307   system_stm32f4xx.o
       320         32          0          0        144       2615   tim.o
       924         86          0          0        588       3836   usart.o

    ----------------------------------------------------------------------
     29262       2058       1908        312      10352    2213868   Object Totals
         0          0         32          0          0          0   (incl. Generated)
        36          0          0          8          2          0   (incl. Padding)

    ----------------------------------------------------------------------

      Code (inc. data)   RO Data    RW Data    ZI Data      Debug   Library Member Name

        90          0          0          0          0          0   __dczerorl2.o
         8          0          0          0          0         68   __main.o
       104          0          0          0          0         84   __printf.o
         0          0          0          0          0          0   __rtentry.o
        12          0          0          0          0          0   __rtentry2.o
         6          0          0          0          0          0   __rtentry4.o
        52          8          0          0          0          0   __scatter.o
        28          0          0          0          0          0   __scatter_zi.o
        48          6          0          0          0         96   _printf_char_common.o
         6          0          0          0          0          0   _printf_d.o
       120         16          0          0          0         92   _printf_dec.o
       178          0          0          0          0         88   _printf_intcommon.o
         0          0          0          0          0          0   _printf_percent.o
         4          0          0          0          0          0   _printf_percent_end.o
        22          0          0          0          0        100   _rserrno.o
        10          0          0          0          0         68   _sputc.o
        18          0          0          0          0         80   exit.o
         6          0          0          0          0        152   heapauxi.o
         0          0          0          0          0          0   indicate_semi.o
        36         10          0          0          0         80   init_aeabi.o
         2          0          0          0          0          0   libinit.o
        10          0          0          0          0          0   libinit2.o
         2          0          0          0          0          0   libshutdown.o
         2          0          0          0          0          0   libshutdown2.o
         8          4          0          0         96         68   libspace.o
       238          0          0          0          0        100   lludivv7m.o
        40          6          0          0          0         84   noretval__2sprintf.o
         8          4          0          0          0         68   rt_errno_addr_intlibspace.o
        68          0          0          0          0         68   rt_memclr.o
        78          0          0          0          0         80   rt_memclr_w.o
       138          0          0          0          0         68   rt_memcpy_v6.o
       100          0          0          0          0         80   rt_memcpy_w.o
         2          0          0          0          0          0   rtexit.o
        10          0          0          0          0          0   rtexit2.o
        62          0          0          0          0         76   strlen.o
        12          4          0          0          0         68   sys_exit.o
        74          0          0          0          0         80   sys_stackheap_outer.o
         2          0          0          0          0         68   use_no_semi.o
        36          0          0          0          0         84   aeabi_vec_ctor_nocookie_nodtor.o
        24          0          0          0          0        164   basic.o
        98          4          0          0          0        140   d2f.o
       826         16          0          0          0        492   daddsub_clz.o
       688        140          0          0          0        256   ddiv.o
        94          4          0          0          0        140   dfix.o
        90          4          0          0          0        140   dfixu.o
        84          0          0          0          0        232   dflt_clz.o
       340         12          0          0          0        152   dmul.o
       156          4          0          0          0        140   dnaninf.o
        12          0          0          0          0        116   dretinf.o
       408         56          0          0          0        168   dsqrt_umaal.o
        86          4          0          0          0        132   f2d.o
       140          4          0          0          0        132   fnaninf.o
        10          0          0          0          0        116   fpinit.o
        10          0          0          0          0        116   fretinf.o
         0          0          0          0          0          0   usenofp.o
       864         94         80          0          0        280   asin.o
       336         56          0          0          0        136   cosf.o
        84         16          0          0          0        372   dunder.o
        24          0          0          0          0        124   fabs.o
        48          0          0          0          0        124   fpclassify.o
        38          0          0          0          0        116   fpclassifyf.o
        38         12          0          0          0        348   funder.o
       248          0          0          0          0        152   poly.o
       340         24         32          0          0        160   rredf.o
       400         56          0          0          0        212   sinf.o
       110          0          0          0          0        148   sqrt.o
        58          0          0          0          0        136   sqrtf.o

    ----------------------------------------------------------------------
      7322        564        112          0         96       6844   Library Totals
        28          0          0          0          0          0   (incl. Padding)

    ----------------------------------------------------------------------

      Code (inc. data)   RO Data    RW Data    ZI Data      Debug   Library Name

      1604         58          0          0         96       1816   c_w.l
        36          0          0          0          0         84   cpprt_w.l
      3066        248          0          0          0       2636   fz_wm.l
      2588        258        112          0          0       2308   m_wm.l

    ----------------------------------------------------------------------
      7322        564        112          0         96       6844   Library Totals

    ----------------------------------------------------------------------

==============================================================================


      Code (inc. data)   RO Data    RW Data    ZI Data      Debug   

     36584       2622       2020        312      10448    2196924   Grand Totals
     36584       2622       2020         60      10448    2196924   ELF Image Totals (compressed)
     36584       2622       2020         60          0          0   ROM Totals

==============================================================================

    Total RO  Size (Code + RO Data)                38604 (  37.70kB)
    Total RW  Size (RW Data + ZI Data)             10760 (  10.51kB)
    Total ROM Size (Code + RO Data + RW Data)      38664 (  37.76kB)

==============================================================================

