<html>
<body>
<pre>
<h1>µVision Build Log</h1>
<h2>Tool Versions:</h2>
IDE-Version: ¦ÌVision V5.32.0.0
Copyright (C) 2020 ARM Ltd and ARM Germany GmbH. All rights reserved.
License Information: zzzz Administrator, zzzzqwq, LIC=EXJT4-FIL6Q-PC7J8-3GZDJ-A8NHW-R5F29
 
Tool Versions:
Toolchain:       MDK-ARM Plus  Version: 5.32.0.0
Toolchain Path:  C:\Keil_v5\ARM\ARMCLANG\Bin
C Compiler:      ArmClang.exe V6.14.1
Assembler:       Armasm.exe V6.14.1
Linker/Locator:  ArmLink.exe V6.14.1
Library Manager: ArmAr.exe V6.14.1
Hex Converter:   FromElf.exe V6.14.1
CPU DLL:         SARMCM3.DLL V5.32.0.0
Dialog DLL:      DCM.DLL V1.17.3.0
Target DLL:      CMSIS_AGDI.dll V1.32.12.0
Dialog DLL:      TCM.DLL V1.46.0.0
 
<h2>Project:</h2>
d:\×ÀÃæ\zzzz_The_bad_thing\zzzz_The_bad_thing\Omnidirectional_Wheels\chassis\MDK-ARM\Omnidirectional_Wheels_gimbal_F407_240301.uvprojx
Project File Date:  07/29/2024

<h2>Output:</h2>
*** Using Compiler 'V6.14.1', folder: 'C:\Keil_v5\ARM\ARMCLANG\Bin'
Build target 'Omnidirectional_Wheels_gimbal_F407_240301'
../Core/Src/main.cpp(29): warning: In file included from...
../RM_File\Total_stack.h(3): warning: In file included from...
../RM_File/def_variable.h(4): warning: In file included from...
../RM_File/RM_Clicker.h(124): warning: bitwise negation of a boolean expression; did you mean logical negation? [-Wbool-operation]
        Dir |= ~(RC_Ctl.rc.ch0 >= 364) & (RC_Ctl.rc.ch0 <= 1684);
               ^~~~~~~~~~~~~~~~~~~~~~~
               !
../RM_File/RM_Clicker.h(125): warning: bitwise negation of a boolean expression; did you mean logical negation? [-Wbool-operation]
        Dir |= ~(RC_Ctl.rc.ch1 >= 364) & (RC_Ctl.rc.ch1 <= 1684);
               ^~~~~~~~~~~~~~~~~~~~~~~
               !
../RM_File/RM_Clicker.h(126): warning: bitwise negation of a boolean expression; did you mean logical negation? [-Wbool-operation]
        Dir |= ~(RC_Ctl.rc.ch2 >= 364) & (RC_Ctl.rc.ch2 <= 1684);
               ^~~~~~~~~~~~~~~~~~~~~~~
               !
../RM_File/RM_Clicker.h(127): warning: bitwise negation of a boolean expression; did you mean logical negation? [-Wbool-operation]
        Dir |= ~(RC_Ctl.rc.ch3 >= 364) & (RC_Ctl.rc.ch3 <= 1684);
               ^~~~~~~~~~~~~~~~~~~~~~~
               !
4 warnings generated.
compiling main.cpp...
linking...
Program Size: Code=27956 RO-data=520 RW-data=156 ZI-data=9988  
FromELF: creating hex file...
"Omnidirectional_Wheels_gimbal_F407_240301\Omnidirectional_Wheels_gimbal_F407_240301.axf" - 0 Error(s), 4 Warning(s).

<h2>Software Packages used:</h2>

Package Vendor: ARM
                http://www.keil.com/pack/ARM.CMSIS.5.7.0.pack
                ARM.CMSIS.5.7.0
                CMSIS (Cortex Microcontroller Software Interface Standard)
   * Component: CORE Version: 5.4.0

Package Vendor: Keil
                http://www.keil.com/pack/Keil.STM32F4xx_DFP.1.0.8.pack
                Keil.STM32F4xx_DFP.1.0.8
                STMicroelectronics STM32F4 Series Device Support, Drivers and Examples

<h2>Collection of Component include folders:</h2>
  .\RTE\_Omnidirectional_Wheels_gimbal_F407_240301
  C:\Users\Administrator\AppData\Local\Arm\Packs\ARM\CMSIS\5.7.0\CMSIS\Core\Include
  C:\Users\Administrator\AppData\Local\Arm\Packs\Keil\STM32F4xx_DFP\1.0.8\Device\Include

<h2>Collection of Component Files used:</h2>

   * Component: ARM::CMSIS:CORE:5.4.0
Build Time Elapsed:  00:00:11
</pre>
</body>
</html>
