Component: ARM Compiler 5.06 update 7 (build 960) Tool: armlink [4d3601]

==============================================================================

Section Cross References

    startup_stm32f407xx.o(STACK) refers (Special) to heapauxi.o(.text) for __use_two_region_memory
    startup_stm32f407xx.o(HEAP) refers (Special) to heapauxi.o(.text) for __use_two_region_memory
    startup_stm32f407xx.o(RESET) refers (Special) to heapauxi.o(.text) for __use_two_region_memory
    startup_stm32f407xx.o(RESET) refers to startup_stm32f407xx.o(STACK) for __initial_sp
    startup_stm32f407xx.o(RESET) refers to startup_stm32f407xx.o(.text) for Reset_Handler
    startup_stm32f407xx.o(RESET) refers to stm32f4xx_it.o(i.NMI_Handler) for NMI_Handler
    startup_stm32f407xx.o(RESET) refers to stm32f4xx_it.o(i.HardFault_Handler) for HardFault_Handler
    startup_stm32f407xx.o(RESET) refers to stm32f4xx_it.o(i.MemManage_Handler) for MemManage_Handler
    startup_stm32f407xx.o(RESET) refers to stm32f4xx_it.o(i.BusFault_Handler) for BusFault_Handler
    startup_stm32f407xx.o(RESET) refers to stm32f4xx_it.o(i.UsageFault_Handler) for UsageFault_Handler
    startup_stm32f407xx.o(RESET) refers to stm32f4xx_it.o(i.SVC_Handler) for SVC_Handler
    startup_stm32f407xx.o(RESET) refers to stm32f4xx_it.o(i.DebugMon_Handler) for DebugMon_Handler
    startup_stm32f407xx.o(RESET) refers to stm32f4xx_it.o(i.PendSV_Handler) for PendSV_Handler
    startup_stm32f407xx.o(RESET) refers to stm32f4xx_it.o(i.SysTick_Handler) for SysTick_Handler
    startup_stm32f407xx.o(RESET) refers to stm32f4xx_it.o(i.CAN1_RX0_IRQHandler) for CAN1_RX0_IRQHandler
    startup_stm32f407xx.o(RESET) refers to stm32f4xx_it.o(i.CAN1_RX1_IRQHandler) for CAN1_RX1_IRQHandler
    startup_stm32f407xx.o(RESET) refers to stm32f4xx_it.o(i.USART1_IRQHandler) for USART1_IRQHandler
    startup_stm32f407xx.o(RESET) refers to stm32f4xx_it.o(i.USART3_IRQHandler) for USART3_IRQHandler
    startup_stm32f407xx.o(RESET) refers to stm32f4xx_it.o(i.TIM5_IRQHandler) for TIM5_IRQHandler
    startup_stm32f407xx.o(RESET) refers to stm32f4xx_it.o(i.TIM6_DAC_IRQHandler) for TIM6_DAC_IRQHandler
    startup_stm32f407xx.o(RESET) refers to stm32f4xx_it.o(i.DMA2_Stream1_IRQHandler) for DMA2_Stream1_IRQHandler
    startup_stm32f407xx.o(RESET) refers to stm32f4xx_it.o(i.DMA2_Stream2_IRQHandler) for DMA2_Stream2_IRQHandler
    startup_stm32f407xx.o(RESET) refers to stm32f4xx_it.o(i.CAN2_RX0_IRQHandler) for CAN2_RX0_IRQHandler
    startup_stm32f407xx.o(RESET) refers to stm32f4xx_it.o(i.CAN2_RX1_IRQHandler) for CAN2_RX1_IRQHandler
    startup_stm32f407xx.o(RESET) refers to stm32f4xx_it.o(i.DMA2_Stream6_IRQHandler) for DMA2_Stream6_IRQHandler
    startup_stm32f407xx.o(RESET) refers to stm32f4xx_it.o(i.DMA2_Stream7_IRQHandler) for DMA2_Stream7_IRQHandler
    startup_stm32f407xx.o(RESET) refers to stm32f4xx_it.o(i.USART6_IRQHandler) for USART6_IRQHandler
    startup_stm32f407xx.o(.text) refers (Special) to heapauxi.o(.text) for __use_two_region_memory
    startup_stm32f407xx.o(.text) refers to system_stm32f4xx.o(i.SystemInit) for SystemInit
    startup_stm32f407xx.o(.text) refers to __main.o(!!!main) for __main
    startup_stm32f407xx.o(.text) refers to startup_stm32f407xx.o(HEAP) for Heap_Mem
    startup_stm32f407xx.o(.text) refers to startup_stm32f407xx.o(STACK) for Stack_Mem
    main_1.o(i.<Func19>) refers to rt_memcpy_w.o(.text) for __aeabi_memcpy4
    main_1.o(i.<Func19>) refers to main_1.o(i._ZN6RM_PIDC1Ev) for RM_PID::RM_PID()
    main_1.o(i.<Func19>) refers to main_1.o(.constdata) for <Data1>
    main_1.o(i.HAL_CAN_RxFifo0MsgPendingCallback) refers to stm32f4xx_hal_can.o(i.HAL_CAN_GetRxMessage) for HAL_CAN_GetRxMessage
    main_1.o(i.HAL_CAN_RxFifo0MsgPendingCallback) refers to main_1.o(i._ZN8RM_Motor5ParseE19CAN_RxHeaderTypeDefPh) for RM_Motor::Parse(CAN_RxHeaderTypeDef, unsigned char*)
    main_1.o(i.HAL_CAN_RxFifo0MsgPendingCallback) refers to main_1.o(i._ZN7RM_PM019PM01ParseE19CAN_RxHeaderTypeDefPh) for RM_PM01::PM01Parse(CAN_RxHeaderTypeDef, unsigned char*)
    main_1.o(i.HAL_CAN_RxFifo0MsgPendingCallback) refers to main_1.o(.data) for RxHeaderData
    main_1.o(i.HAL_CAN_RxFifo0MsgPendingCallback) refers to main_1.o(.bss) for RxHeader
    main_1.o(i.HAL_CAN_RxFifo0MsgPendingCallback) refers to can.o(.bss) for hcan1
    main_1.o(i.HAL_TIM_PeriodElapsedCallback) refers to dflt_clz.o(x$fpl$dflt) for __aeabi_i2d
    main_1.o(i.HAL_TIM_PeriodElapsedCallback) refers to dmul.o(x$fpl$dmul) for __aeabi_dmul
    main_1.o(i.HAL_TIM_PeriodElapsedCallback) refers to d2f.o(x$fpl$d2f) for __aeabi_d2f
    main_1.o(i.HAL_TIM_PeriodElapsedCallback) refers to f2d.o(x$fpl$f2d) for __aeabi_f2d
    main_1.o(i.HAL_TIM_PeriodElapsedCallback) refers to cosf.o(i.__hardfp_cosf) for __hardfp_cosf
    main_1.o(i.HAL_TIM_PeriodElapsedCallback) refers to sinf.o(i.__hardfp_sinf) for __hardfp_sinf
[...]
    SPI2_IRQHandler                          0x08000287   Thumb Code     0  startup_stm32f407xx.o(.text)
    SPI3_IRQHandler                          0x08000287   Thumb Code     0  startup_stm32f407xx.o(.text)
    TAMP_STAMP_IRQHandler                    0x08000287   Thumb Code     0  startup_stm32f407xx.o(.text)
    TIM1_BRK_TIM9_IRQHandler                 0x08000287   Thumb Code     0  startup_stm32f407xx.o(.text)
    TIM1_CC_IRQHandler                       0x08000287   Thumb Code     0  startup_stm32f407xx.o(.text)
    TIM1_TRG_COM_TIM11_IRQHandler            0x08000287   Thumb Code     0  startup_stm32f407xx.o(.text)
    TIM1_UP_TIM10_IRQHandler                 0x08000287   Thumb Code     0  startup_stm32f407xx.o(.text)
    TIM2_IRQHandler                          0x08000287   Thumb Code     0  startup_stm32f407xx.o(.text)
    TIM3_IRQHandler                          0x08000287   Thumb Code     0  startup_stm32f407xx.o(.text)
    TIM4_IRQHandler                          0x08000287   Thumb Code     0  startup_stm32f407xx.o(.text)
    TIM7_IRQHandler                          0x08000287   Thumb Code     0  startup_stm32f407xx.o(.text)
    TIM8_BRK_TIM12_IRQHandler                0x08000287   Thumb Code     0  startup_stm32f407xx.o(.text)
    TIM8_CC_IRQHandler                       0x08000287   Thumb Code     0  startup_stm32f407xx.o(.text)
    TIM8_TRG_COM_TIM14_IRQHandler            0x08000287   Thumb Code     0  startup_stm32f407xx.o(.text)
    TIM8_UP_TIM13_IRQHandler                 0x08000287   Thumb Code     0  startup_stm32f407xx.o(.text)
    UART4_IRQHandler                         0x08000287   Thumb Code     0  startup_stm32f407xx.o(.text)
    UART5_IRQHandler                         0x08000287   Thumb Code     0  startup_stm32f407xx.o(.text)
    USART2_IRQHandler                        0x08000287   Thumb Code     0  startup_stm32f407xx.o(.text)
    WWDG_IRQHandler                          0x08000287   Thumb Code     0  startup_stm32f407xx.o(.text)
    __user_initial_stackheap                 0x08000289   Thumb Code     0  startup_stm32f407xx.o(.text)
    __aeabi_uldivmod                         0x080002ad   Thumb Code     0  lludivv7m.o(.text)
    _ll_udiv                                 0x080002ad   Thumb Code   238  lludivv7m.o(.text)
    strlen                                   0x0800039b   Thumb Code    62  strlen.o(.text)
    __aeabi_memcpy                           0x080003d9   Thumb Code     0  rt_memcpy_v6.o(.text)
    __rt_memcpy                              0x080003d9   Thumb Code   138  rt_memcpy_v6.o(.text)
    _memcpy_lastbytes                        0x0800043f   Thumb Code     0  rt_memcpy_v6.o(.text)
    __aeabi_memcpy4                          0x08000463   Thumb Code     0  rt_memcpy_w.o(.text)
    __aeabi_memcpy8                          0x08000463   Thumb Code     0  rt_memcpy_w.o(.text)
    __rt_memcpy_w                            0x08000463   Thumb Code   100  rt_memcpy_w.o(.text)
    _memcpy_lastbytes_aligned                0x080004ab   Thumb Code     0  rt_memcpy_w.o(.text)
    __aeabi_memclr                           0x080004c7   Thumb Code     0  rt_memclr.o(.text)
    __rt_memclr                              0x080004c7   Thumb Code    68  rt_memclr.o(.text)
    _memset                                  0x080004cb   Thumb Code     0  rt_memclr.o(.text)
    __aeabi_memclr4                          0x0800050b   Thumb Code     0  rt_memclr_w.o(.text)
    __aeabi_memclr8                          0x0800050b   Thumb Code     0  rt_memclr_w.o(.text)
    __rt_memclr_w                            0x0800050b   Thumb Code    78  rt_memclr_w.o(.text)
    _memset_w                                0x0800050f   Thumb Code     0  rt_memclr_w.o(.text)
    __use_two_region_memory                  0x08000559   Thumb Code     2  heapauxi.o(.text)
    __rt_heap_escrow                         0x0800055b   Thumb Code     2  heapauxi.o(.text)
    __rt_heap_expand                         0x0800055d   Thumb Code     2  heapauxi.o(.text)
    __cpp_initialize__aeabi_                 0x08000561   Thumb Code    26  init_aeabi.o(.text)
    __read_errno                             0x08000585   Thumb Code    10  _rserrno.o(.text)
    __set_errno                              0x0800058f   Thumb Code    12  _rserrno.o(.text)
    __aeabi_errno_addr                       0x0800059d   Thumb Code     8  rt_errno_addr_intlibspace.o(.text)
    __errno$intlibspace                      0x0800059d   Thumb Code     0  rt_errno_addr_intlibspace.o(.text)
    __rt_errno_addr$intlibspace              0x0800059d   Thumb Code     0  rt_errno_addr_intlibspace.o(.text)
    __user_libspace                          0x080005a5   Thumb Code     8  libspace.o(.text)
    __user_perproc_libspace                  0x080005a5   Thumb Code     0  libspace.o(.text)
    __user_perthread_libspace                0x080005a5   Thumb Code     0  libspace.o(.text)
    __user_setup_stackheap                   0x080005ad   Thumb Code    74  sys_stackheap_outer.o(.text)
    exit                                     0x080005f7   Thumb Code    18  exit.o(.text)
    _sys_exit                                0x08000609   Thumb Code     8  sys_exit.o(.text)
    __I$use$semihosting                      0x08000615   Thumb Code     0  use_no_semi.o(.text)
    __use_no_semihosting_swi                 0x08000615   Thumb Code     2  use_no_semi.o(.text)
    __semihosting_library_function           0x08000617   Thumb Code     0  indicate_semi.o(.text)
    BusFault_Handler                         0x0800065d   Thumb Code     4  stm32f4xx_it.o(i.BusFault_Handler)
    CAN1_RX0_IRQHandler                      0x08000661   Thumb Code    10  stm32f4xx_it.o(i.CAN1_RX0_IRQHandler)
    CAN1_RX1_IRQHandler                      0x08000671   Thumb Code    10  stm32f4xx_it.o(i.CAN1_RX1_IRQHandler)
    CAN2_RX0_IRQHandler                      0x08000681   Thumb Code    10  stm32f4xx_it.o(i.CAN2_RX0_IRQHandler)
    CAN2_RX1_IRQHandler                      0x08000691   Thumb Code    10  stm32f4xx_it.o(i.CAN2_RX1_IRQHandler)
    DMA2_Stream1_IRQHandler                  0x080006a1   Thumb Code    10  stm32f4xx_it.o(i.DMA2_Stream1_IRQHandler)
    DMA2_Stream2_IRQHandler                  0x080006b1   Thumb Code    10  stm32f4xx_it.o(i.DMA2_Stream2_IRQHandler)
    DMA2_Stream6_IRQHandler                  0x080006c1   Thumb Code    10  stm32f4xx_it.o(i.DMA2_Stream6_IRQHandler)
    DMA2_Stream7_IRQHandler                  0x080006d1   Thumb Code    10  stm32f4xx_it.o(i.DMA2_Stream7_IRQHandler)
    DebugMon_Handler                         0x080007eb   Thumb Code     2  stm32f4xx_it.o(i.DebugMon_Handler)
    Error_Handler                            0x080007ed   Thumb Code     6  main_1.o(i.Error_Handler)
    HAL_CAN_ActivateNotification             0x080007f3   Thumb Code    42  stm32f4xx_hal_can.o(i.HAL_CAN_ActivateNotification)
    HAL_CAN_AddTxMessage                     0x0800081d   Thumb Code   342  stm32f4xx_hal_can.o(i.HAL_CAN_AddTxMessage)
    HAL_CAN_ConfigFilter                     0x08000975   Thumb Code   286  stm32f4xx_hal_can.o(i.HAL_CAN_ConfigFilter)
    HAL_CAN_ErrorCallback                    0x08000a99   Thumb Code     2  stm32f4xx_hal_can.o(i.HAL_CAN_ErrorCallback)
    HAL_CAN_GetRxMessage                     0x08000a9b   Thumb Code   378  stm32f4xx_hal_can.o(i.HAL_CAN_GetRxMessage)
    HAL_CAN_IRQHandler                       0x08000c15   Thumb Code   590  stm32f4xx_hal_can.o(i.HAL_CAN_IRQHandler)
    HAL_CAN_Init                             0x08000e63   Thumb Code   372  stm32f4xx_hal_can.o(i.HAL_CAN_Init)
    HAL_CAN_MspInit                          0x08000fd9   Thumb Code   360  can.o(i.HAL_CAN_MspInit)
    HAL_CAN_RxFifo0FullCallback              0x08001159   Thumb Code     2  stm32f4xx_hal_can.o(i.HAL_CAN_RxFifo0FullCallback)
    HAL_CAN_RxFifo0MsgPendingCallback        0x0800115d   Thumb Code    98  main_1.o(i.HAL_CAN_RxFifo0MsgPendingCallback)
    HAL_CAN_RxFifo1FullCallback              0x080011d9   Thumb Code     2  stm32f4xx_hal_can.o(i.HAL_CAN_RxFifo1FullCallback)
    HAL_CAN_RxFifo1MsgPendingCallback        0x080011db   Thumb Code     2  stm32f4xx_hal_can.o(i.HAL_CAN_RxFifo1MsgPendingCallback)
    HAL_CAN_SleepCallback                    0x080011dd   Thumb Code     2  stm32f4xx_hal_can.o(i.HAL_CAN_SleepCallback)
    HAL_CAN_Start                            0x080011df   Thumb Code    94  stm32f4xx_hal_can.o(i.HAL_CAN_Start)
    HAL_CAN_TxMailbox0AbortCallback          0x0800123d   Thumb Code     2  stm32f4xx_hal_can.o(i.HAL_CAN_TxMailbox0AbortCallback)
    HAL_CAN_TxMailbox0CompleteCallback       0x0800123f   Thumb Code     2  stm32f4xx_hal_can.o(i.HAL_CAN_TxMailbox0CompleteCallback)
    HAL_CAN_TxMailbox1AbortCallback          0x08001241   Thumb Code     2  stm32f4xx_hal_can.o(i.HAL_CAN_TxMailbox1AbortCallback)
    HAL_CAN_TxMailbox1CompleteCallback       0x08001243   Thumb Code     2  stm32f4xx_hal_can.o(i.HAL_CAN_TxMailbox1CompleteCallback)
    HAL_CAN_TxMailbox2AbortCallback          0x08001245   Thumb Code     2  stm32f4xx_hal_can.o(i.HAL_CAN_TxMailbox2AbortCallback)
    HAL_CAN_TxMailbox2CompleteCallback       0x08001247   Thumb Code     2  stm32f4xx_hal_can.o(i.HAL_CAN_TxMailbox2CompleteCallback)
    HAL_CAN_WakeUpFromRxMsgCallback          0x08001249   Thumb Code     2  stm32f4xx_hal_can.o(i.HAL_CAN_WakeUpFromRxMsgCallback)
    HAL_DMA_Abort                            0x0800124b   Thumb Code   172  stm32f4xx_hal_dma.o(i.HAL_DMA_Abort)
    HAL_DMA_Abort_IT                         0x080012f7   Thumb Code    40  stm32f4xx_hal_dma.o(i.HAL_DMA_Abort_IT)
    HAL_DMA_IRQHandler                       0x08001321   Thumb Code   570  stm32f4xx_hal_dma.o(i.HAL_DMA_IRQHandler)
    HAL_DMA_Init                             0x08001561   Thumb Code   232  stm32f4xx_hal_dma.o(i.HAL_DMA_Init)
    HAL_DMA_Start_IT                         0x0800164d   Thumb Code   146  stm32f4xx_hal_dma.o(i.HAL_DMA_Start_IT)
    HAL_Delay                                0x080016e1   Thumb Code    36  stm32f4xx_hal.o(i.HAL_Delay)
    HAL_GPIO_Init                            0x08001709   Thumb Code   454  stm32f4xx_hal_gpio.o(i.HAL_GPIO_Init)
    HAL_GPIO_WritePin                        0x080018fd   Thumb Code    12  stm32f4xx_hal_gpio.o(i.HAL_GPIO_WritePin)
    HAL_GetTick                              0x08001909   Thumb Code     6  stm32f4xx_hal.o(i.HAL_GetTick)
    HAL_IncTick                              0x08001915   Thumb Code    16  stm32f4xx_hal.o(i.HAL_IncTick)
    HAL_Init                                 0x0800192d   Thumb Code    54  stm32f4xx_hal.o(i.HAL_Init)
    HAL_InitTick                             0x08001969   Thumb Code    64  stm32f4xx_hal.o(i.HAL_InitTick)
    HAL_MspInit                              0x080019b5   Thumb Code    68  stm32f4xx_hal_msp.o(i.HAL_MspInit)
    HAL_NVIC_EnableIRQ                       0x080019fd   Thumb Code    32  stm32f4xx_hal_cortex.o(i.HAL_NVIC_EnableIRQ)
    HAL_NVIC_SetPriority                     0x08001a1d   Thumb Code   124  stm32f4xx_hal_cortex.o(i.HAL_NVIC_SetPriority)
    HAL_NVIC_SetPriorityGrouping             0x08001a99   Thumb Code    32  stm32f4xx_hal_cortex.o(i.HAL_NVIC_SetPriorityGrouping)
    HAL_RCC_ClockConfig                      0x08001ac1   Thumb Code   368  stm32f4xx_hal_rcc.o(i.HAL_RCC_ClockConfig)
    HAL_RCC_GetHCLKFreq                      0x08001c45   Thumb Code     6  stm32f4xx_hal_rcc.o(i.HAL_RCC_GetHCLKFreq)
    HAL_RCC_GetPCLK1Freq                     0x08001c51   Thumb Code    22  stm32f4xx_hal_rcc.o(i.HAL_RCC_GetPCLK1Freq)
    HAL_RCC_GetPCLK2Freq                     0x08001c71   Thumb Code    22  stm32f4xx_hal_rcc.o(i.HAL_RCC_GetPCLK2Freq)
    HAL_RCC_GetSysClockFreq                  0x08001c91   Thumb Code   162  stm32f4xx_hal_rcc.o(i.HAL_RCC_GetSysClockFreq)
    HAL_RCC_OscConfig                        0x08001d41   Thumb Code  1172  stm32f4xx_hal_rcc.o(i.HAL_RCC_OscConfig)
    HAL_SYSTICK_Config                       0x080021dd   Thumb Code    52  stm32f4xx_hal_cortex.o(i.HAL_SYSTICK_Config)
    HAL_TIMEx_BreakCallback                  0x08002211   Thumb Code     2  stm32f4xx_hal_tim_ex.o(i.HAL_TIMEx_BreakCallback)
    HAL_TIMEx_CommutCallback                 0x08002213   Thumb Code     2  stm32f4xx_hal_tim_ex.o(i.HAL_TIMEx_CommutCallback)
    HAL_TIMEx_MasterConfigSynchronization    0x08002215   Thumb Code   150  stm32f4xx_hal_tim_ex.o(i.HAL_TIMEx_MasterConfigSynchronization)
    HAL_TIM_Base_Init                        0x080022c9   Thumb Code   102  stm32f4xx_hal_tim.o(i.HAL_TIM_Base_Init)
    HAL_TIM_Base_MspInit                     0x08002331   Thumb Code   120  tim.o(i.HAL_TIM_Base_MspInit)
    HAL_TIM_Base_Start_IT                    0x080023b5   Thumb Code   138  stm32f4xx_hal_tim.o(i.HAL_TIM_Base_Start_IT)
    HAL_TIM_ConfigClockSource                0x0800245d   Thumb Code   268  stm32f4xx_hal_tim.o(i.HAL_TIM_ConfigClockSource)
    HAL_TIM_IC_CaptureCallback               0x08002569   Thumb Code     2  stm32f4xx_hal_tim.o(i.HAL_TIM_IC_CaptureCallback)
    HAL_TIM_IRQHandler                       0x0800256b   Thumb Code   406  stm32f4xx_hal_tim.o(i.HAL_TIM_IRQHandler)
    HAL_TIM_OC_DelayElapsedCallback          0x08002701   Thumb Code     2  stm32f4xx_hal_tim.o(i.HAL_TIM_OC_DelayElapsedCallback)
    HAL_TIM_PWM_PulseFinishedCallback        0x08002703   Thumb Code     2  stm32f4xx_hal_tim.o(i.HAL_TIM_PWM_PulseFinishedCallback)
    HAL_TIM_PeriodElapsedCallback            0x08002705   Thumb Code  1830  main_1.o(i.HAL_TIM_PeriodElapsedCallback)
    HAL_TIM_TriggerCallback                  0x08002e7d   Thumb Code     2  stm32f4xx_hal_tim.o(i.HAL_TIM_TriggerCallback)
    HAL_UARTEx_ReceiveToIdle_IT              0x08002e7f   Thumb Code   130  stm32f4xx_hal_uart.o(i.HAL_UARTEx_ReceiveToIdle_IT)
    HAL_UARTEx_RxEventCallback               0x08002f01   Thumb Code    60  main_1.o(i.HAL_UARTEx_RxEventCallback)
    HAL_UART_ErrorCallback                   0x08002f4d   Thumb Code     2  stm32f4xx_hal_uart.o(i.HAL_UART_ErrorCallback)
    HAL_UART_IRQHandler                      0x08002f51   Thumb Code   732  stm32f4xx_hal_uart.o(i.HAL_UART_IRQHandler)
    HAL_UART_Init                            0x08003231   Thumb Code   114  stm32f4xx_hal_uart.o(i.HAL_UART_Init)
    HAL_UART_MspInit                         0x080032a5   Thumb Code   694  usart.o(i.HAL_UART_MspInit)
    HAL_UART_Receive_DMA                     0x08003591   Thumb Code    66  stm32f4xx_hal_uart.o(i.HAL_UART_Receive_DMA)
    HAL_UART_Receive_IT                      0x080035d3   Thumb Code    66  stm32f4xx_hal_uart.o(i.HAL_UART_Receive_IT)
    HAL_UART_RxCpltCallback                  0x08003615   Thumb Code    18  main_1.o(i.HAL_UART_RxCpltCallback)
    HAL_UART_RxHalfCpltCallback              0x08003627   Thumb Code     2  stm32f4xx_hal_uart.o(i.HAL_UART_RxHalfCpltCallback)
    HAL_UART_Transmit_DMA                    0x08003629   Thumb Code   160  stm32f4xx_hal_uart.o(i.HAL_UART_Transmit_DMA)
    HAL_UART_Transmit_IT                     0x080036d5   Thumb Code    88  stm32f4xx_hal_uart.o(i.HAL_UART_Transmit_IT)
    HAL_UART_TxCpltCallback                  0x0800372d   Thumb Code     2  stm32f4xx_hal_uart.o(i.HAL_UART_TxCpltCallback)
    HAL_UART_TxHalfCpltCallback              0x0800372f   Thumb Code     2  stm32f4xx_hal_uart.o(i.HAL_UART_TxHalfCpltCallback)
    HardFault_Handler                        0x08003731   Thumb Code     4  stm32f4xx_it.o(i.HardFault_Handler)
    MX_CAN1_Init                             0x08003735   Thumb Code    58  can.o(i.MX_CAN1_Init)
    MX_CAN2_Init                             0x08003779   Thumb Code    58  can.o(i.MX_CAN2_Init)
    MX_DMA_Init                              0x080037bd   Thumb Code   100  dma.o(i.MX_DMA_Init)
    MX_GPIO_Init                             0x08003825   Thumb Code   232  gpio.o(i.MX_GPIO_Init)
    MX_TIM5_Init                             0x08003915   Thumb Code   102  tim.o(i.MX_TIM5_Init)
    MX_TIM6_Init                             0x08003985   Thumb Code    66  tim.o(i.MX_TIM6_Init)
    MX_USART1_UART_Init                      0x080039d1   Thumb Code    46  usart.o(i.MX_USART1_UART_Init)
    MX_USART3_UART_Init                      0x08003a09   Thumb Code    52  usart.o(i.MX_USART3_UART_Init)
    MX_USART6_UART_Init                      0x08003a49   Thumb Code    46  usart.o(i.MX_USART6_UART_Init)
    MemManage_Handler                        0x08003a81   Thumb Code     4  stm32f4xx_it.o(i.MemManage_Handler)
    NMI_Handler                              0x08003a85   Thumb Code     4  stm32f4xx_it.o(i.NMI_Handler)
    PendSV_Handler                           0x08003a89   Thumb Code     2  stm32f4xx_it.o(i.PendSV_Handler)
    SVC_Handler                              0x08003a8b   Thumb Code     2  stm32f4xx_it.o(i.SVC_Handler)
    SysTick_Handler                          0x08003a8d   Thumb Code     8  stm32f4xx_it.o(i.SysTick_Handler)
    SystemInit                               0x08003a95   Thumb Code    14  system_stm32f4xx.o(i.SystemInit)
    TIM5_IRQHandler                          0x08003aa9   Thumb Code    10  stm32f4xx_it.o(i.TIM5_IRQHandler)
    TIM6_DAC_IRQHandler                      0x08003ab9   Thumb Code    10  stm32f4xx_it.o(i.TIM6_DAC_IRQHandler)
    TIM_Base_SetConfig                       0x08003ac9   Thumb Code   170  stm32f4xx_hal_tim.o(i.TIM_Base_SetConfig)
    TIM_ETR_SetConfig                        0x08003ba1   Thumb Code    22  stm32f4xx_hal_tim.o(i.TIM_ETR_SetConfig)
    UART_Start_Receive_DMA                   0x08004189   Thumb Code   196  stm32f4xx_hal_uart.o(i.UART_Start_Receive_DMA)
    UART_Start_Receive_IT                    0x08004259   Thumb Code    74  stm32f4xx_hal_uart.o(i.UART_Start_Receive_IT)
    USART1_IRQHandler                        0x08004305   Thumb Code    10  stm32f4xx_it.o(i.USART1_IRQHandler)
    USART3_IRQHandler                        0x08004315   Thumb Code    10  stm32f4xx_it.o(i.USART3_IRQHandler)
    USART6_IRQHandler                        0x08004325   Thumb Code    10  stm32f4xx_it.o(i.USART6_IRQHandler)
    UsageFault_Handler                       0x08004335   Thumb Code     4  stm32f4xx_it.o(i.UsageFault_Handler)
    set_mcl_of(int, bool)                    0x08004339   Thumb Code   130  main_1.o(i._Z10set_mcl_ofib)
    set_xtl_of(int, bool)                    0x080043d5   Thumb Code    84  main_1.o(i._Z10set_xtl_ofib)
    RM_Can_Init()                            0x08004435   Thumb Code    36  main_1.o(i._Z11RM_Can_Initv)
    RM_Can_Send(__CAN_HandleTypeDef*, unsigned, unsigned char*, unsigned) 0x08004461   Thumb Code    44  main_1.o(i._Z11RM_Can_SendP19__CAN_HandleTypeDefjPhj)
    Send_3508_CAN()                          0x0800448d   Thumb Code    16  main_1.o(i._Z13Send_3508_CANv)
    darw_graphic_ui()                        0x080044a5   Thumb Code   586  main_1.o(i._Z15darw_graphic_uiv)
    Total_tasks_Init()                       0x08004731   Thumb Code    70  main_1.o(i._Z16Total_tasks_Initv)
    RM_CAN_Filter_Init()                     0x08004779   Thumb Code    60  main_1.o(i._Z18RM_CAN_Filter_Initv)
    SystemClock_Config()                     0x080047bd   Thumb Code   166  main_1.o(i._Z18SystemClock_Configv)
    Get_Gimbal_to_Chassis(__UART_HandleTypeDef*) 0x0800486d   Thumb Code   584  main_1.o(i._Z21Get_Gimbal_to_ChassisP20__UART_HandleTypeDef)
    GET_Motor_ID_ADDRESS_BIND_(RM_Motor*, int) 0x08004ad9   Thumb Code    54  main_1.o(i._Z26GET_Motor_ID_ADDRESS_BIND_P8RM_Motori)
    Get_Gimbal_to_Chassis_Init()             0x08004b11   Thumb Code    14  main_1.o(i._Z26Get_Gimbal_to_Chassis_Initv)
    darw_graphic_static_ui_init()            0x08004b29   Thumb Code  1806  main_1.o(i._Z27darw_graphic_static_ui_initv)
    set_send_graphic_queue_is_Delete_all()   0x08005271   Thumb Code    10  main_1.o(i._Z36set_send_graphic_queue_is_Delete_allv)
    setMSD(Motor_send_data_t*, short, int)   0x08005281   Thumb Code    22  main_1.o(i._Z6setMSDP17Motor_send_data_tsi)
    set_cm_of(int, bool)                     0x08005299   Thumb Code   130  main_1.o(i._Z9set_cm_ofib)
    set_cs_of(int, unsigned char)            0x08005335   Thumb Code    84  main_1.o(i._Z9set_cs_ofih)
    RM_Clicker::Init()                       0x08005395   Thumb Code    14  main_1.o(i._ZN10RM_Clicker4InitEv)
    RM_Clicker::ParseData()                  0x080053ad   Thumb Code   228  main_1.o(i._ZN10RM_Clicker9ParseDataEv)
    TD_quadratic::td_quadratic(float, bool)  0x08005495   Thumb Code   626  main_1.o(i._ZN12TD_quadratic12td_quadraticEfb)
    TD_quadratic::TD_quadratic(float, float, float, unsigned char) 0x08005725   Thumb Code    16  main_1.o(i._ZN12TD_quadraticC1Efffh)
    TD_quadratic::TD_quadratic__sub_object(float, float, float, unsigned char) 0x08005725   Thumb Code     0  main_1.o(i._ZN12TD_quadraticC1Efffh)
    WheatWheel_t::UpData(float, float, float, float) 0x08005735   Thumb Code   792  main_1.o(i._ZN12WheatWheel_t6UpDataEffff)
    NonLinear_Fun::Fsg_Fun(float, float)     0x08005a59   Thumb Code    82  main_1.o(i._ZN13NonLinear_Fun7Fsg_FunEff)
    NonLinear_Fun::Fhan_Fun(float, float, float, float) 0x08005ab5   Thumb Code   586  main_1.o(i._ZN13NonLinear_Fun8Fhan_FunEffff)
    NonLinear_Fun::Fign_Fun(float)           0x08005d31   Thumb Code    34  main_1.o(i._ZN13NonLinear_Fun8Fign_FunEf)
    RM_StaticTime::UpLastTime()              0x08005d53   Thumb Code    12  main_1.o(i._ZN13RM_StaticTime10UpLastTimeEv)
    RM_StaticTime::ISDir(unsigned)           0x08005d5f   Thumb Code    26  main_1.o(i._ZN13RM_StaticTime5ISDirEj)
    RM_StaticTime::ISOne(unsigned)           0x08005d79   Thumb Code    50  main_1.o(i._ZN13RM_StaticTime5ISOneEj)
    combines_x_x_t::combines_x_x(float, float, float, float) 0x08005dad   Thumb Code   134  main_1.o(i._ZN14combines_x_x_t12combines_x_xEffff)
    LADRC_quadratic::eso_quadratic(float, unsigned char) 0x08005e3d   Thumb Code   450  main_1.o(i._ZN15LADRC_quadratic13eso_quadraticEfh)
    LADRC_quadratic::sef_controller(unsigned char) 0x08006011   Thumb Code   424  main_1.o(i._ZN15LADRC_quadratic14sef_controllerEh)
    LADRC_quadratic::up_data(float, float, unsigned char, bool) 0x080061c5   Thumb Code    62  main_1.o(i._ZN15LADRC_quadratic7up_dataEffhb)
    LADRC_quadratic::LADRC_quadratic(TD_quadratic, float, float, float, float, float, float) 0x08006203   Thumb Code    98  main_1.o(i._ZN15LADRC_quadraticC1E12TD_quadraticffffff)
    LADRC_quadratic::LADRC_quadratic__sub_object(TD_quadratic, float, float, float, float, float, float) 0x08006203   Thumb Code     0  main_1.o(i._ZN15LADRC_quadraticC1E12TD_quadraticffffff)
    RM_RefereeSystem::RM_RefereeSystemDir()  0x08006265   Thumb Code    46  rm_refereesystem.o(i._ZN16RM_RefereeSystem19RM_RefereeSystemDirEv)
    RM_RefereeSystem::RM_RefereeSystemInit() 0x0800629d   Thumb Code    14  rm_refereesystem.o(i._ZN16RM_RefereeSystem20RM_RefereeSystemInitEv)
    RM_RefereeSystem::RM_RefereeSystemParse(__UART_HandleTypeDef*) 0x080062b5   Thumb Code    42  rm_refereesystem.o(i._ZN16RM_RefereeSystem21RM_RefereeSystemParseEP20__UART_HandleTypeDef)
    RM_RefereeSystem::RM_RefereeSystemDelete(char, char) 0x080062ed   Thumb Code   156  rm_refereesystem.o(i._ZN16RM_RefereeSystem22RM_RefereeSystemDeleteEcc)
    RM_RefereeSystem::RM_RefereeSystemSetStr(char*, unsigned, char*, unsigned, unsigned) 0x08006395   Thumb Code   202  rm_refereesystem.o(i._ZN16RM_RefereeSystem22RM_RefereeSystemSetStrEPcjS0_jj)
    RM_RefereeSystem::RM_RefereeSystemClsToop() 0x08006465   Thumb Code    14  rm_refereesystem.o(i._ZN16RM_RefereeSystem23RM_RefereeSystemClsToopEv)
    RM_RefereeSystem::RM_RefereeSystemGetData(unsigned char) 0x08006479   Thumb Code    74  rm_refereesystem.o(i._ZN16RM_RefereeSystem23RM_RefereeSystemGetDataEh)
    RM_RefereeSystem::RM_RefereeSystemSendStr(RM_RefereeSystem::ext_client_custom_character_t) 0x080064d1   Thumb Code   178  rm_refereesystem.o(i._ZN16RM_RefereeSystem23RM_RefereeSystemSendStrENS_29ext_client_custom_character_tE)
    RM_RefereeSystem::RM_RefereeSystemSetLine(char*, unsigned, unsigned, unsigned, unsigned, unsigned) 0x08006591   Thumb Code   174  rm_refereesystem.o(i._ZN16RM_RefereeSystem23RM_RefereeSystemSetLineEPcjjjjj)
    RM_RefereeSystem::RM_RefereeSystemSetColor(int) 0x08006645   Thumb Code     6  rm_refereesystem.o(i._ZN16RM_RefereeSystem24RM_RefereeSystemSetColorEi)
    RM_RefereeSystem::RM_RefereeSystemSetWidth(int) 0x08006651   Thumb Code     6  rm_refereesystem.o(i._ZN16RM_RefereeSystem24RM_RefereeSystemSetWidthEi)
    RM_RefereeSystem::RM_RefereeSystemParseData(unsigned char*, int) 0x0800665d   Thumb Code   208  rm_refereesystem.o(i._ZN16RM_RefereeSystem25RM_RefereeSystemParseDataEPhi)
    RM_RefereeSystem::RM_RefereeSystemSendDataN(const RM_RefereeSystem::graphic_data_struct_t*, int) 0x0800673d   Thumb Code   270  rm_refereesystem.o(i._ZN16RM_RefereeSystem25RM_RefereeSystemSendDataNEPKNS_21graphic_data_struct_tEi)
    RM_RefereeSystem::RM_RefereeSystemSetCircle(char*, unsigned, unsigned, unsigned, unsigned) 0x08006859   Thumb Code   162  rm_refereesystem.o(i._ZN16RM_RefereeSystem25RM_RefereeSystemSetCircleEPcjjjj)
    RM_RefereeSystem::RM_RefereeSystemGetRobotId() 0x08006901   Thumb Code   136  rm_refereesystem.o(i._ZN16RM_RefereeSystem26RM_RefereeSystemGetRobotIdEv)
    RM_RefereeSystem::RM_RefereeSystemSetRectangle(char*, unsigned, unsigned, unsigned, unsigned, unsigned) 0x0800698d   Thumb Code   176  rm_refereesystem.o(i._ZN16RM_RefereeSystem28RM_RefereeSystemSetRectangleEPcjjjjj)
    RM_RefereeSystem::RM_RefereeSystemSetStringSize(int) 0x08006a41   Thumb Code     6  rm_refereesystem.o(i._ZN16RM_RefereeSystem29RM_RefereeSystemSetStringSizeEi)
    RM_RefereeSystem::RM_RefereeSystemSetOperateTpye(int) 0x08006a4d   Thumb Code     6  rm_refereesystem.o(i._ZN16RM_RefereeSystem30RM_RefereeSystemSetOperateTpyeEi)
    SEND_GRAPHIC_QUEUE::add(RM_RefereeSystem::graphic_data_struct_t) 0x08006a59   Thumb Code    54  main_1.o(i._ZN18SEND_GRAPHIC_QUEUE3addEN16RM_RefereeSystem21graphic_data_struct_tE)
    SEND_GRAPHIC_QUEUE::send()               0x08006a91   Thumb Code   212  main_1.o(i._ZN18SEND_GRAPHIC_QUEUE4sendEv)
    SEND_GRAPHIC_QUEUE::add_wz(RM_RefereeSystem::ext_client_custom_character_t) 0x08006b69   Thumb Code    62  main_1.o(i._ZN18SEND_GRAPHIC_QUEUE6add_wzEN16RM_RefereeSystem29ext_client_custom_character_tE)
    SEND_GRAPHIC_QUEUE::send_wz()            0x08006ba9   Thumb Code   148  main_1.o(i._ZN18SEND_GRAPHIC_QUEUE7send_wzEv)
    RM_RefereeSystemCRC::Get_CRC8_Check_Sum(unsigned char*, unsigned, unsigned char) 0x08006c41   Thumb Code    30  rm_refereesystemcrc.o(i._ZN19RM_RefereeSystemCRC18Get_CRC8_Check_SumEPhjh)
    RM_RefereeSystemCRC::Get_CRC16_Check_Sum(unsigned char*, unsigned, unsigned short) 0x08006c65   Thumb Code    46  rm_refereesystemcrc.o(i._ZN19RM_RefereeSystemCRC19Get_CRC16_Check_SumEPhjt)
    RM_RefereeSystemCRC::Append_CRC8_Check_Sum(unsigned char*, unsigned) 0x08006c99   Thumb Code    36  rm_refereesystemcrc.o(i._ZN19RM_RefereeSystemCRC21Append_CRC8_Check_SumEPhj)
    RM_RefereeSystemCRC::Verify_CRC8_Check_Sum(unsigned char*, unsigned) 0x08006cbd   Thumb Code    46  rm_refereesystemcrc.o(i._ZN19RM_RefereeSystemCRC21Verify_CRC8_Check_SumEPhj)
    RM_RefereeSystemCRC::Append_CRC16_Check_Sum(unsigned char*, unsigned) 0x08006ced   Thumb Code    44  rm_refereesystemcrc.o(i._ZN19RM_RefereeSystemCRC22Append_CRC16_Check_SumEPhj)
    RM_RefereeSystemCRC::Verify_CRC16_Check_Sum(unsigned char*, unsigned) 0x08006d1d   Thumb Code    60  rm_refereesystemcrc.o(i._ZN19RM_RefereeSystemCRC22Verify_CRC16_Check_SumEPhj)
    RM_Key::UpKey(bool)                      0x08006d5d   Thumb Code    38  main_1.o(i._ZN6RM_Key5UpKeyEb)
    RM_PID::RM_PID()                         0x08006d85   Thumb Code    44  main_1.o(i._ZN6RM_PIDC1Ev)
    RM_PID::RM_PID__sub_object()             0x08006d85   Thumb Code     0  main_1.o(i._ZN6RM_PIDC1Ev)
    RM_PM01::PM01SendFun()                   0x08006dbd   Thumb Code   224  main_1.o(i._ZN7RM_PM0111PM01SendFunEv)
    RM_PM01::PM01SendData(unsigned, unsigned short) 0x08006eb1   Thumb Code    54  main_1.o(i._ZN7RM_PM0112PM01SendDataEjt)
    RM_PM01::PM01SendRemote(unsigned)        0x08006eed   Thumb Code    44  main_1.o(i._ZN7RM_PM0114PM01SendRemoteEj)
    RM_PM01::PM01Init()                      0x08006f1d   Thumb Code    16  main_1.o(i._ZN7RM_PM018PM01InitEv)
    RM_PM01::PM01Parse(CAN_RxHeaderTypeDef, unsigned char*) 0x08006f31   Thumb Code   318  main_1.o(i._ZN7RM_PM019PM01ParseE19CAN_RxHeaderTypeDefPh)
    RM_Motor::GetMotorDataSpeed(short)       0x08007079   Thumb Code    34  main_1.o(i._ZN8RM_Motor17GetMotorDataSpeedEs)
    RM_Motor::Parse(CAN_RxHeaderTypeDef, unsigned char*) 0x0800709b   Thumb Code   586  main_1.o(i._ZN8RM_Motor5ParseE19CAN_RxHeaderTypeDefPh)
    RM_Motor::RM_Motor(short, unsigned char, Motor_t*, unsigned char*) 0x080072e5   Thumb Code   132  main_1.o(i._ZN8RM_MotorC1EshP7Motor_tPh)
    RM_Motor::RM_Motor__sub_object(short, unsigned char, Motor_t*, unsigned char*) 0x080072e5   Thumb Code     0  main_1.o(i._ZN8RM_MotorC1EshP7Motor_tPh)
    std::fabs(float)                         0x08007369   Thumb Code    10  main_1.o(i._ZSt4fabsf)
    __ARM_fpclassify                         0x08007373   Thumb Code    48  fpclassify.o(i.__ARM_fpclassify)
    __ARM_fpclassifyf                        0x080073a3   Thumb Code    38  fpclassifyf.o(i.__ARM_fpclassifyf)
    __aeabi_vec_ctor_nocookie_nodtor         0x08007401   Thumb Code    36  aeabi_vec_ctor_nocookie_nodtor.o(i.__aeabi_vec_ctor_nocookie_nodtor)
    __hardfp_asin                            0x08007429   Thumb Code   770  asin.o(i.__hardfp_asin)
    __hardfp_cosf                            0x08007789   Thumb Code   280  cosf.o(i.__hardfp_cosf)
    __hardfp_sinf                            0x080078d9   Thumb Code   344  sinf.o(i.__hardfp_sinf)
    __hardfp_sqrtf                           0x08007a69   Thumb Code    58  sqrtf.o(i.__hardfp_sqrtf)
    __kernel_poly                            0x08007aa3   Thumb Code   248  poly.o(i.__kernel_poly)
    __mathlib_dbl_infnan                     0x08007b9b   Thumb Code    20  dunder.o(i.__mathlib_dbl_infnan)
    __mathlib_dbl_invalid                    0x08007bb1   Thumb Code    24  dunder.o(i.__mathlib_dbl_invalid)
    __mathlib_dbl_underflow                  0x08007bd1   Thumb Code    24  dunder.o(i.__mathlib_dbl_underflow)
    __mathlib_flt_infnan                     0x08007bf1   Thumb Code     6  funder.o(i.__mathlib_flt_infnan)
    __mathlib_flt_invalid                    0x08007bf9   Thumb Code    10  funder.o(i.__mathlib_flt_invalid)
    __mathlib_flt_underflow                  0x08007c09   Thumb Code    10  funder.o(i.__mathlib_flt_underflow)
    __mathlib_rredf2                         0x08007c19   Thumb Code   316  rredf.o(i.__mathlib_rredf2)
    fabs                                     0x0800806d   Thumb Code    24  fabs.o(i.fabs)
    main                                     0x08008085   Thumb Code   356  main_1.o(i.main)
    sqrt                                     0x08008239   Thumb Code   110  sqrt.o(i.sqrt)
    __aeabi_dneg                             0x080082a7   Thumb Code     0  basic.o(x$fpl$basic)
    _dneg                                    0x080082a7   Thumb Code     6  basic.o(x$fpl$basic)
    __aeabi_fneg                             0x080082ad   Thumb Code     0  basic.o(x$fpl$basic)
    _fneg                                    0x080082ad   Thumb Code     6  basic.o(x$fpl$basic)
    _dabs                                    0x080082b3   Thumb Code     6  basic.o(x$fpl$basic)
    _fabs                                    0x080082b9   Thumb Code     6  basic.o(x$fpl$basic)
    __aeabi_d2f                              0x080082c1   Thumb Code     0  d2f.o(x$fpl$d2f)
    _d2f                                     0x080082c1   Thumb Code    98  d2f.o(x$fpl$d2f)
    __aeabi_dadd                             0x08008325   Thumb Code     0  daddsub_clz.o(x$fpl$dadd)
    _dadd                                    0x08008325   Thumb Code   332  daddsub_clz.o(x$fpl$dadd)
    __aeabi_ddiv                             0x08008475   Thumb Code     0  ddiv.o(x$fpl$ddiv)
    _ddiv                                    0x08008475   Thumb Code   552  ddiv.o(x$fpl$ddiv)
    __aeabi_d2iz                             0x08008725   Thumb Code     0  dfix.o(x$fpl$dfix)
    _dfix                                    0x08008725   Thumb Code    94  dfix.o(x$fpl$dfix)
    __aeabi_d2uiz                            0x08008785   Thumb Code     0  dfixu.o(x$fpl$dfixu)
    _dfixu                                   0x08008785   Thumb Code    90  dfixu.o(x$fpl$dfixu)
    __aeabi_i2d                              0x080087df   Thumb Code     0  dflt_clz.o(x$fpl$dflt)
    _dflt                                    0x080087df   Thumb Code    46  dflt_clz.o(x$fpl$dflt)
    __aeabi_ui2d                             0x0800880d   Thumb Code     0  dflt_clz.o(x$fpl$dfltu)
    _dfltu                                   0x0800880d   Thumb Code    38  dflt_clz.o(x$fpl$dfltu)
    __aeabi_dmul                             0x08008835   Thumb Code     0  dmul.o(x$fpl$dmul)
    _dmul                                    0x08008835   Thumb Code   332  dmul.o(x$fpl$dmul)
    __fpl_dnaninf                            0x08008989   Thumb Code   156  dnaninf.o(x$fpl$dnaninf)
    __fpl_dretinf                            0x08008a25   Thumb Code    12  dretinf.o(x$fpl$dretinf)
    __aeabi_drsub                            0x08008a31   Thumb Code     0  daddsub_clz.o(x$fpl$drsb)
    _drsb                                    0x08008a31   Thumb Code    22  daddsub_clz.o(x$fpl$drsb)
    _dsqrt                                   0x08008a49   Thumb Code   404  dsqrt_umaal.o(x$fpl$dsqrt)
    __aeabi_dsub                             0x08008be1   Thumb Code     0  daddsub_clz.o(x$fpl$dsub)
    _dsub                                    0x08008be1   Thumb Code   464  daddsub_clz.o(x$fpl$dsub)
    __aeabi_f2d                              0x08008db5   Thumb Code     0  f2d.o(x$fpl$f2d)
    _f2d                                     0x08008db5   Thumb Code    86  f2d.o(x$fpl$f2d)
    __fpl_fnaninf                            0x08008e0b   Thumb Code   140  fnaninf.o(x$fpl$fnaninf)
    _fp_init                                 0x08008e97   Thumb Code    10  fpinit.o(x$fpl$fpinit)
    __fplib_config_fpu_vfp                   0x08008e9f   Thumb Code     0  fpinit.o(x$fpl$fpinit)
    __fplib_config_pureend_doubles           0x08008e9f   Thumb Code     0  fpinit.o(x$fpl$fpinit)
    __fpl_fretinf                            0x08008ea1   Thumb Code    10  fretinf.o(x$fpl$fretinf)
    __I$use$fp                               0x08008eaa   Number         0  usenofp.o(x$fpl$usenofp)
    AHBPrescTable                            0x08009160   Data          16  system_stm32f4xx.o(.constdata)
    APBPrescTable                            0x08009170   Data           8  system_stm32f4xx.o(.constdata)
    Region$$Table$$Base                      0x080094e8   Number         0  anon$$obj.o(Region$$Table)
    Region$$Table$$Limit                     0x08009508   Number         0  anon$$obj.o(Region$$Table)
    SHT$$INIT_ARRAY$$Base                    0x08009508   Number         0  main_1.o(.init_array)
    SHT$$INIT_ARRAY$$Limit                   0x0800950c   Number         0  init_aeabi.o(.init_array)
    msd_6020                                 0x20000001   Data           8  main_1.o(.data)
    msd_3508_2006                            0x20000009   Data           8  main_1.o(.data)
    _Motor2006_ID_                           0x20000011   Data           1  main_1.o(.data)
    _Motor3508_ID_                           0x20000012   Data           4  main_1.o(.data)
    _Motor6020_ID_                           0x20000016   Data           1  main_1.o(.data)
    pm01_chao                                0x20000018   Data           4  main_1.o(.data)
    wwww                                     0x2000001c   Data           1  main_1.o(.data)
    cos_xita                                 0x20000020   Data           4  main_1.o(.data)
    sin_xita                                 0x20000024   Data           4  main_1.o(.data)
    vw                                       0x20000028   Data           4  main_1.o(.data)
    kvw                                      0x2000002c   Data           4  main_1.o(.data)
    vx                                       0x20000030   Data           4  main_1.o(.data)
    vy                                       0x20000034   Data           4  main_1.o(.data)
    vxy_kvw                                  0x20000038   Data           4  main_1.o(.data)
    yaw_e_xita                               0x2000003c   Data           4  main_1.o(.data)
    yaw_e_radian                             0x20000040   Data           4  main_1.o(.data)
    Total_tasks_staticTime                   0x20000044   Data           8  main_1.o(.data)
    diagonally_factor                        0x2000004c   Data           4  main_1.o(.data)
    shift_vxy_zoom                           0x20000050   Data           4  main_1.o(.data)
    dir                                      0x20000054   Data           1  main_1.o(.data)
    dianlu                                   0x20000056   Data           2  main_1.o(.data)
    dianlupid                                0x20000058   Data           2  main_1.o(.data)
    Ctrl_Key                                 0x2000005a   Data           4  main_1.o(.data)
    MCL_Key                                  0x2000005e   Data           4  main_1.o(.data)
    CM_Key                                   0x20000062   Data           4  main_1.o(.data)
    FP_Key                                   0x20000066   Data           4  main_1.o(.data)
    ZM_Key                                   0x2000006a   Data           4  main_1.o(.data)
    BP_Key                                   0x2000006e   Data           4  main_1.o(.data)
    now_zx_v                                 0x20000072   Data           1  main_1.o(.data)
    last_zx_v                                0x20000073   Data           1  main_1.o(.data)
    is_up_ui                                 0x20000074   Data           1  main_1.o(.data)
    num_vx                                   0x20000078   Data           4  main_1.o(.data)
    num_vy                                   0x2000007c   Data           4  main_1.o(.data)
    now_angle                                0x20000080   Data           4  main_1.o(.data)
    e_vx                                     0x20000084   Data           4  main_1.o(.data)
    e_vy                                     0x20000088   Data           4  main_1.o(.data)
    k_e_vxy                                  0x2000008c   Data           4  main_1.o(.data)
    expectations_vx                          0x20000090   Data           4  main_1.o(.data)
    expectations_vy                          0x20000094   Data           4  main_1.o(.data)
    vxy_zero_s                               0x20000098   Data           4  main_1.o(.data)
    RxHeaderData                             0x2000009c   Data           8  main_1.o(.data)
    wshu                                     0x200000a4   Data           1  main_1.o(.data)
    FP_num                                   0x200000a5   Data           1  main_1.o(.data)
    t                                        0x200000a8   Data           4  main_1.o(.data)
    xm                                       0x200000ac   Data           4  main_1.o(.data)
    lk                                       0x200000b0   Data           4  main_1.o(.data)
    darw_graphic_ui_time                     0x200000b4   Data           8  main_1.o(.data)
    angle_ly                                 0x200000bc   Data           4  main_1.o(.data)
    ly                                       0x200000c0   Data           4  main_1.o(.data)
    RM_Clicker::dirTime                      0x200000c4   Data           8  main_1.o(.data)
    NonLinear_Fun::fhan_d                    0x200000cc   Data           4  main_1.o(.data)
    NonLinear_Fun::fhan_a0                   0x200000d0   Data           4  main_1.o(.data)
    NonLinear_Fun::fhan_y                    0x200000d4   Data           4  main_1.o(.data)
    NonLinear_Fun::fhan_a1                   0x200000d8   Data           4  main_1.o(.data)
    NonLinear_Fun::fhan_a2                   0x200000dc   Data           4  main_1.o(.data)
    NonLinear_Fun::fhan_a                    0x200000e0   Data           4  main_1.o(.data)
    uwTick                                   0x200000ec   Data           4  stm32f4xx_hal.o(.data)
    uwTickPrio                               0x200000f0   Data           4  stm32f4xx_hal.o(.data)
    uwTickFreq                               0x200000f4   Data           1  stm32f4xx_hal.o(.data)
    SystemCoreClock                          0x200000f8   Data           4  system_stm32f4xx.o(.data)
    RM_RefereeSystemCRC::CRC_INIT            0x200000fc   Data           2  rm_refereesystemcrc.o(.data)
    dirTime                                  0x20000100   Data           8  rm_refereesystem.o(.data)
    RM_RefereeSystemDirFlag                  0x20000108   Data           1  rm_refereesystem.o(.data)
    RM_RefereeSystemp8Data                   0x20000109   Data           1  rm_refereesystem.o(.data)
    RM_RefereeSystemToop                     0x2000010c   Data          16  rm_refereesystem.o(.data)
    RM_RefereeSystem::rrrdata                0x2000011c   Data          20  rm_refereesystem.o(.data)
    kem_temp                                 0x20000138   Data         320  main_1.o(.bss)
    _Motor2006_                              0x20000278   Data         680  main_1.o(.bss)
    _Motor3508_                              0x20000520   Data        2720  main_1.o(.bss)
    _Motor6020_                              0x20000fc0   Data         680  main_1.o(.bss)
    Motor2006                                0x20001268   Data          16  main_1.o(.bss)
    Motor3508                                0x20001278   Data          16  main_1.o(.bss)
    Motor6020                                0x20001288   Data          16  main_1.o(.bss)
    isminmode                                0x20001298   Data          32  main_1.o(.bss)
    pm01                                     0x200012b8   Data          92  main_1.o(.bss)
    wheel                                    0x20001314   Data          28  main_1.o(.bss)
    wheel_e                                  0x20001330   Data          28  main_1.o(.bss)
    wheel_ladrc_left_1                       0x2000134c   Data         132  main_1.o(.bss)
    wheel_ladrc_left_2                       0x200013d0   Data         132  main_1.o(.bss)
    wheel_ladrc_right_1                      0x20001454   Data         132  main_1.o(.bss)
    wheel_ladrc_right_2                      0x200014d8   Data         132  main_1.o(.bss)
    wheel_td_left_1                          0x2000155c   Data          32  main_1.o(.bss)
    wheel_td_left_2                          0x2000157c   Data          32  main_1.o(.bss)
    wheel_td_right_1                         0x2000159c   Data          32  main_1.o(.bss)
    wheel_td_right_2                         0x200015bc   Data          32  main_1.o(.bss)
    td_vw                                    0x200015dc   Data          32  main_1.o(.bss)
    td_vx                                    0x200015fc   Data          32  main_1.o(.bss)
    td_vy                                    0x2000161c   Data          32  main_1.o(.bss)
    Gimbal_to_Chassis_Data                   0x2000163c   Data          92  main_1.o(.bss)
    dianlutd                                 0x20001698   Data          32  main_1.o(.bss)
    lsd                                      0x200016b8   Data         160  main_1.o(.bss)
    now_vxy                                  0x20001758   Data          16  main_1.o(.bss)
    RxHeader                                 0x20001768   Data          28  main_1.o(.bss)
    send_graphic_queue                       0x20001784   Data        1654  main_1.o(.bss)
    RM_Clicker::RC_Ctl                       0x20001dfa   Data          22  main_1.o(.bss)
    RM_Clicker::pData                        0x20001e10   Data          18  main_1.o(.bss)
    hcan1                                    0x20001e24   Data          40  can.o(.bss)
    hcan2                                    0x20001e4c   Data          40  can.o(.bss)
    htim5                                    0x20001e74   Data          72  tim.o(.bss)
    htim6                                    0x20001ebc   Data          72  tim.o(.bss)
    huart1                                   0x20001f04   Data          68  usart.o(.bss)
    huart3                                   0x20001f48   Data          68  usart.o(.bss)
    huart6                                   0x20001f8c   Data          68  usart.o(.bss)
    hdma_usart1_tx                           0x20001fd0   Data          96  usart.o(.bss)
    hdma_usart1_rx                           0x20002030   Data          96  usart.o(.bss)
    hdma_usart6_tx                           0x20002090   Data          96  usart.o(.bss)
    hdma_usart6_rx                           0x200020f0   Data          96  usart.o(.bss)
    RM_RefereeSystemData                     0x20002150   Data         120  rm_refereesystem.o(.bss)
    RM_RefereeSystemData01                   0x200021c8   Data         120  rm_refereesystem.o(.bss)
    ext_power_heat_data_0x0201               0x20002240   Data          13  rm_refereesystem.o(.bss)
    ext_power_heat_data_0x0202               0x2000224d   Data          16  rm_refereesystem.o(.bss)
    map_command_0x0303                       0x2000225d   Data          15  rm_refereesystem.o(.bss)
    tx_buf                                   0x2000226c   Data         128  rm_refereesystem.o(.bss)
    daohang_tx_buf                           0x200022ec   Data         128  rm_refereesystem.o(.bss)
    RM_RefereeSystem::map_robot_data         0x2000236c   Data          10  rm_refereesystem.o(.bss)
    __libspace_start                         0x200023a8   Data          96  libspace.o(.bss)
    __temporary_stack_top$libspace           0x20002408   Data           0  libspace.o(.bss)



==============================================================================

Memory Map of the image

  Image Entry point : 0x08000189

  Load Region LR_IROM1 (Base: 0x08000000, Size: 0x00009644, Max: 0x00100000, ABSOLUTE, COMPRESSED[0x00009548])

    Execution Region ER_IROM1 (Exec base: 0x08000000, Load base: 0x08000000, Size: 0x0000950c, Max: 0x00100000, ABSOLUTE)

    Exec Addr    Load Addr    Size         Type   Attr      Idx    E Section Name        Object

    0x08000000   0x08000000   0x00000188   Data   RO            3    RESET               startup_stm32f407xx.o
    0x08000188   0x08000188   0x00000008   Code   RO         4395  * !!!main             c_w.l(__main.o)
    0x08000190   0x08000190   0x00000034   Code   RO         4931    !!!scatter          c_w.l(__scatter.o)
    0x080001c4   0x080001c4   0x0000005a   Code   RO         4929    !!dczerorl2         c_w.l(__dczerorl2.o)
    0x0800021e   0x0800021e   0x00000002   PAD
    0x08000220   0x08000220   0x0000001c   Code   RO         4933    !!handler_zi        c_w.l(__scatter_zi.o)
    0x0800023c   0x0800023c   0x00000002   Code   RO         4732    .ARM.Collect$$libinit$$00000000  c_w.l(libinit.o)
    0x0800023e   0x0800023e   0x00000004   Code   RO         4528    .ARM.Collect$$libinit$$00000001  c_w.l(libinit2.o)
    0x08000242   0x08000242   0x00000000   Code   RO         4531    .ARM.Collect$$libinit$$00000004  c_w.l(libinit2.o)
    0x08000242   0x08000242   0x00000000   Code   RO         4534    .ARM.Collect$$libinit$$0000000A  c_w.l(libinit2.o)
    0x08000242   0x08000242   0x00000000   Code   RO         4536    .ARM.Collect$$libinit$$0000000C  c_w.l(libinit2.o)
    0x08000242   0x08000242   0x00000000   Code   RO         4538    .ARM.Collect$$libinit$$0000000E  c_w.l(libinit2.o)
    0x08000242   0x08000242   0x00000000   Code   RO         4541    .ARM.Collect$$libinit$$00000011  c_w.l(libinit2.o)
    0x08000242   0x08000242   0x00000000   Code   RO         4543    .ARM.Collect$$libinit$$00000013  c_w.l(libinit2.o)
    0x08000242   0x08000242   0x00000000   Code   RO         4545    .ARM.Collect$$libinit$$00000015  c_w.l(libinit2.o)
    0x08000242   0x08000242   0x00000000   Code   RO         4547    .ARM.Collect$$libinit$$00000017  c_w.l(libinit2.o)
    0x08000242   0x08000242   0x00000000   Code   RO         4549    .ARM.Collect$$libinit$$00000019  c_w.l(libinit2.o)
    0x08000242   0x08000242   0x00000000   Code   RO         4551    .ARM.Collect$$libinit$$0000001B  c_w.l(libinit2.o)
    0x08000242   0x08000242   0x00000000   Code   RO         4553    .ARM.Collect$$libinit$$0000001D  c_w.l(libinit2.o)
    0x08000242   0x08000242   0x00000000   Code   RO         4555    .ARM.Collect$$libinit$$0000001F  c_w.l(libinit2.o)
    0x08000242   0x08000242   0x00000000   Code   RO         4557    .ARM.Collect$$libinit$$00000021  c_w.l(libinit2.o)
    0x08000242   0x08000242   0x00000000   Code   RO         4559    .ARM.Collect$$libinit$$00000023  c_w.l(libinit2.o)
    0x08000242   0x08000242   0x00000000   Code   RO         4561    .ARM.Collect$$libinit$$00000025  c_w.l(libinit2.o)
    0x08000242   0x08000242   0x00000000   Code   RO         4565    .ARM.Collect$$libinit$$0000002C  c_w.l(libinit2.o)
    0x08000242   0x08000242   0x00000000   Code   RO         4567    .ARM.Collect$$libinit$$0000002E  c_w.l(libinit2.o)
    0x08000242   0x08000242   0x00000000   Code   RO         4569    .ARM.Collect$$libinit$$00000030  c_w.l(libinit2.o)
    0x08000242   0x08000242   0x00000004   Code   RO         4570    .ARM.Collect$$libinit$$00000031  c_w.l(libinit2.o)
    0x08000246   0x08000246   0x00000000   Code   RO         4571    .ARM.Collect$$libinit$$00000032  c_w.l(libinit2.o)
    0x08000246   0x08000246   0x00000002   Code   RO         4572    .ARM.Collect$$libinit$$00000033  c_w.l(libinit2.o)
    0x08000248   0x08000248   0x00000002   Code   RO         4890    .ARM.Collect$$libshutdown$$00000000  c_w.l(libshutdown.o)
    0x0800024a   0x0800024a   0x00000000   Code   RO         4906    .ARM.Collect$$libshutdown$$00000002  c_w.l(libshutdown2.o)
    0x0800024a   0x0800024a   0x00000000   Code   RO         4908    .ARM.Collect$$libshutdown$$00000004  c_w.l(libshutdown2.o)
    0x0800024a   0x0800024a   0x00000000   Code   RO         4910    .ARM.Collect$$libshutdown$$00000006  c_w.l(libshutdown2.o)
    0x0800024a   0x0800024a   0x00000000   Code   RO         4913    .ARM.Collect$$libshutdown$$00000009  c_w.l(libshutdown2.o)
    0x0800024a   0x0800024a   0x00000000   Code   RO         4916    .ARM.Collect$$libshutdown$$0000000C  c_w.l(libshutdown2.o)
    0x0800024a   0x0800024a   0x00000000   Code   RO         4918    .ARM.Collect$$libshutdown$$0000000E  c_w.l(libshutdown2.o)
    0x0800024a   0x0800024a   0x00000000   Code   RO         4921    .ARM.Collect$$libshutdown$$00000011  c_w.l(libshutdown2.o)
    0x0800024a   0x0800024a   0x00000002   Code   RO         4922    .ARM.Collect$$libshutdown$$00000012  c_w.l(libshutdown2.o)
    0x0800024c   0x0800024c   0x00000000   Code   RO         4514    .ARM.Collect$$rtentry$$00000000  c_w.l(__rtentry.o)
    0x0800024c   0x0800024c   0x00000000   Code   RO         4639    .ARM.Collect$$rtentry$$00000002  c_w.l(__rtentry2.o)
    0x0800024c   0x0800024c   0x00000006   Code   RO         4651    .ARM.Collect$$rtentry$$00000004  c_w.l(__rtentry4.o)
    0x08000252   0x08000252   0x00000000   Code   RO         4641    .ARM.Collect$$rtentry$$00000009  c_w.l(__rtentry2.o)
    0x08000252   0x08000252   0x00000004   Code   RO         4642    .ARM.Collect$$rtentry$$0000000A  c_w.l(__rtentry2.o)
    0x08000256   0x08000256   0x00000000   Code   RO         4644    .ARM.Collect$$rtentry$$0000000C  c_w.l(__rtentry2.o)
    0x08000256   0x08000256   0x00000008   Code   RO         4645    .ARM.Collect$$rtentry$$0000000D  c_w.l(__rtentry2.o)
    0x0800025e   0x0800025e   0x00000002   Code   RO         4742    .ARM.Collect$$rtexit$$00000000  c_w.l(rtexit.o)
    0x08000260   0x08000260   0x00000000   Code   RO         4830    .ARM.Collect$$rtexit$$00000002  c_w.l(rtexit2.o)
    0x08000260   0x08000260   0x00000004   Code   RO         4831    .ARM.Collect$$rtexit$$00000003  c_w.l(rtexit2.o)
    0x08000264   0x08000264   0x00000006   Code   RO         4832    .ARM.Collect$$rtexit$$00000004  c_w.l(rtexit2.o)
    0x0800026a   0x0800026a   0x00000002   PAD
    0x0800026c   0x0800026c   0x00000040   Code   RO            4    .text               startup_stm32f407xx.o
    0x080002ac   0x080002ac   0x000000ee   Code   RO         4353    .text               c_w.l(lludivv7m.o)
    0x0800039a   0x0800039a   0x0000003e   Code   RO         4383    .text               c_w.l(strlen.o)
    0x080003d8   0x080003d8   0x0000008a   Code   RO         4385    .text               c_w.l(rt_memcpy_v6.o)
    0x08000462   0x08000462   0x00000064   Code   RO         4387    .text               c_w.l(rt_memcpy_w.o)
    0x080004c6   0x080004c6   0x00000044   Code   RO         4389    .text               c_w.l(rt_memclr.o)
    0x0800050a   0x0800050a   0x0000004e   Code   RO         4391    .text               c_w.l(rt_memclr_w.o)
    0x08000558   0x08000558   0x00000006   Code   RO         4393    .text               c_w.l(heapauxi.o)
    0x0800055e   0x0800055e   0x00000002   PAD
    0x08000560   0x08000560   0x00000024   Code   RO         4400    .text               c_w.l(init_aeabi.o)
    0x08000584   0x08000584   0x00000016   Code   RO         4519    .text               c_w.l(_rserrno.o)
    0x0800059a   0x0800059a   0x00000002   PAD
    0x0800059c   0x0800059c   0x00000008   Code   RO         4663    .text               c_w.l(rt_errno_addr_intlibspace.o)
    0x080005a4   0x080005a4   0x00000008   Code   RO         4710    .text               c_w.l(libspace.o)
    0x080005ac   0x080005ac   0x0000004a   Code   RO         4713    .text               c_w.l(sys_stackheap_outer.o)
    0x080005f6   0x080005f6   0x00000012   Code   RO         4715    .text               c_w.l(exit.o)
    0x08000608   0x08000608   0x0000000c   Code   RO         4822    .text               c_w.l(sys_exit.o)
    0x08000614   0x08000614   0x00000002   Code   RO         4824    .text               c_w.l(use_no_semi.o)
    0x08000616   0x08000616   0x00000000   Code   RO         4828    .text               c_w.l(indicate_semi.o)
    0x08000616   0x08000616   0x00000002   PAD
    0x08000618   0x08000618   0x00000044   Code   RO           13    i.<Func19>          main_1.o
    0x0800065c   0x0800065c   0x00000004   Code   RO         1047    i.BusFault_Handler  stm32f4xx_it.o
    0x08000660   0x08000660   0x00000010   Code   RO         1048    i.CAN1_RX0_IRQHandler  stm32f4xx_it.o
    0x08000670   0x08000670   0x00000010   Code   RO         1049    i.CAN1_RX1_IRQHandler  stm32f4xx_it.o
    0x08000680   0x08000680   0x00000010   Code   RO         1050    i.CAN2_RX0_IRQHandler  stm32f4xx_it.o
    0x08000690   0x08000690   0x00000010   Code   RO         1051    i.CAN2_RX1_IRQHandler  stm32f4xx_it.o
    0x080006a0   0x080006a0   0x00000010   Code   RO         1052    i.DMA2_Stream1_IRQHandler  stm32f4xx_it.o
    0x080006b0   0x080006b0   0x00000010   Code   RO         1053    i.DMA2_Stream2_IRQHandler  stm32f4xx_it.o
    0x080006c0   0x080006c0   0x00000010   Code   RO         1054    i.DMA2_Stream6_IRQHandler  stm32f4xx_it.o
    0x080006d0   0x080006d0   0x00000010   Code   RO         1055    i.DMA2_Stream7_IRQHandler  stm32f4xx_it.o
    0x080006e0   0x080006e0   0x00000034   Code   RO         1963    i.DMA_CalcBaseAndBitshift  stm32f4xx_hal_dma.o
    0x08000714   0x08000714   0x000000aa   Code   RO         1964    i.DMA_CheckFifoParam  stm32f4xx_hal_dma.o
    0x080007be   0x080007be   0x0000002c   Code   RO         1965    i.DMA_SetConfig     stm32f4xx_hal_dma.o
    0x080007ea   0x080007ea   0x00000002   Code   RO         1056    i.DebugMon_Handler  stm32f4xx_it.o
    0x080007ec   0x080007ec   0x00000006   Code   RO           14    i.Error_Handler     main_1.o
    0x080007f2   0x080007f2   0x0000002a   Code   RO         1226    i.HAL_CAN_ActivateNotification  stm32f4xx_hal_can.o
    0x0800081c   0x0800081c   0x00000156   Code   RO         1227    i.HAL_CAN_AddTxMessage  stm32f4xx_hal_can.o
    0x08000972   0x08000972   0x00000002   PAD
    0x08000974   0x08000974   0x00000124   Code   RO         1228    i.HAL_CAN_ConfigFilter  stm32f4xx_hal_can.o
    0x08000a98   0x08000a98   0x00000002   Code   RO         1231    i.HAL_CAN_ErrorCallback  stm32f4xx_hal_can.o
    0x08000a9a   0x08000a9a   0x0000017a   Code   RO         1234    i.HAL_CAN_GetRxMessage  stm32f4xx_hal_can.o
    0x08000c14   0x08000c14   0x0000024e   Code   RO         1238    i.HAL_CAN_IRQHandler  stm32f4xx_hal_can.o
    0x08000e62   0x08000e62   0x00000174   Code   RO         1239    i.HAL_CAN_Init      stm32f4xx_hal_can.o
    0x08000fd6   0x08000fd6   0x00000002   PAD
    0x08000fd8   0x08000fd8   0x00000180   Code   RO          870    i.HAL_CAN_MspInit   can.o
    0x08001158   0x08001158   0x00000002   Code   RO         1246    i.HAL_CAN_RxFifo0FullCallback  stm32f4xx_hal_can.o
    0x0800115a   0x0800115a   0x00000002   PAD
    0x0800115c   0x0800115c   0x0000007c   Code   RO           15    i.HAL_CAN_RxFifo0MsgPendingCallback  main_1.o
    0x080011d8   0x080011d8   0x00000002   Code   RO         1248    i.HAL_CAN_RxFifo1FullCallback  stm32f4xx_hal_can.o
    0x080011da   0x080011da   0x00000002   Code   RO         1249    i.HAL_CAN_RxFifo1MsgPendingCallback  stm32f4xx_hal_can.o
    0x080011dc   0x080011dc   0x00000002   Code   RO         1250    i.HAL_CAN_SleepCallback  stm32f4xx_hal_can.o
    0x080011de   0x080011de   0x0000005e   Code   RO         1251    i.HAL_CAN_Start     stm32f4xx_hal_can.o
    0x0800123c   0x0800123c   0x00000002   Code   RO         1253    i.HAL_CAN_TxMailbox0AbortCallback  stm32f4xx_hal_can.o
    0x0800123e   0x0800123e   0x00000002   Code   RO         1254    i.HAL_CAN_TxMailbox0CompleteCallback  stm32f4xx_hal_can.o
    0x08001240   0x08001240   0x00000002   Code   RO         1255    i.HAL_CAN_TxMailbox1AbortCallback  stm32f4xx_hal_can.o
    0x08001242   0x08001242   0x00000002   Code   RO         1256    i.HAL_CAN_TxMailbox1CompleteCallback  stm32f4xx_hal_can.o
    0x08001244   0x08001244   0x00000002   Code   RO         1257    i.HAL_CAN_TxMailbox2AbortCallback  stm32f4xx_hal_can.o
    0x08001246   0x08001246   0x00000002   Code   RO         1258    i.HAL_CAN_TxMailbox2CompleteCallback  stm32f4xx_hal_can.o
    0x08001248   0x08001248   0x00000002   Code   RO         1260    i.HAL_CAN_WakeUpFromRxMsgCallback  stm32f4xx_hal_can.o
    0x0800124a   0x0800124a   0x000000ac   Code   RO         1966    i.HAL_DMA_Abort     stm32f4xx_hal_dma.o
    0x080012f6   0x080012f6   0x00000028   Code   RO         1967    i.HAL_DMA_Abort_IT  stm32f4xx_hal_dma.o
    0x0800131e   0x0800131e   0x00000002   PAD
    0x08001320   0x08001320   0x00000240   Code   RO         1971    i.HAL_DMA_IRQHandler  stm32f4xx_hal_dma.o
    0x08001560   0x08001560   0x000000ec   Code   RO         1972    i.HAL_DMA_Init      stm32f4xx_hal_dma.o
    0x0800164c   0x0800164c   0x00000092   Code   RO         1976    i.HAL_DMA_Start_IT  stm32f4xx_hal_dma.o
    0x080016de   0x080016de   0x00000002   PAD
    0x080016e0   0x080016e0   0x00000028   Code   RO         2390    i.HAL_Delay         stm32f4xx_hal.o
    0x08001708   0x08001708   0x000001f4   Code   RO         1859    i.HAL_GPIO_Init     stm32f4xx_hal_gpio.o
    0x080018fc   0x080018fc   0x0000000c   Code   RO         1863    i.HAL_GPIO_WritePin  stm32f4xx_hal_gpio.o
    0x08001908   0x08001908   0x0000000c   Code   RO         2396    i.HAL_GetTick       stm32f4xx_hal.o
    0x08001914   0x08001914   0x00000018   Code   RO         2402    i.HAL_IncTick       stm32f4xx_hal.o
    0x0800192c   0x0800192c   0x0000003c   Code   RO         2403    i.HAL_Init          stm32f4xx_hal.o
    0x08001968   0x08001968   0x0000004c   Code   RO         2404    i.HAL_InitTick      stm32f4xx_hal.o
    0x080019b4   0x080019b4   0x00000048   Code   RO         1201    i.HAL_MspInit       stm32f4xx_hal_msp.o
    0x080019fc   0x080019fc   0x00000020   Code   RO         2248    i.HAL_NVIC_EnableIRQ  stm32f4xx_hal_cortex.o
    0x08001a1c   0x08001a1c   0x0000007c   Code   RO         2254    i.HAL_NVIC_SetPriority  stm32f4xx_hal_cortex.o
    0x08001a98   0x08001a98   0x00000028   Code   RO         2255    i.HAL_NVIC_SetPriorityGrouping  stm32f4xx_hal_cortex.o
    0x08001ac0   0x08001ac0   0x00000184   Code   RO         1460    i.HAL_RCC_ClockConfig  stm32f4xx_hal_rcc.o
    0x08001c44   0x08001c44   0x0000000c   Code   RO         1465    i.HAL_RCC_GetHCLKFreq  stm32f4xx_hal_rcc.o
    0x08001c50   0x08001c50   0x00000020   Code   RO         1467    i.HAL_RCC_GetPCLK1Freq  stm32f4xx_hal_rcc.o
    0x08001c70   0x08001c70   0x00000020   Code   RO         1468    i.HAL_RCC_GetPCLK2Freq  stm32f4xx_hal_rcc.o
    0x08001c90   0x08001c90   0x000000b0   Code   RO         1469    i.HAL_RCC_GetSysClockFreq  stm32f4xx_hal_rcc.o
    0x08001d40   0x08001d40   0x0000049c   Code   RO         1472    i.HAL_RCC_OscConfig  stm32f4xx_hal_rcc.o
    0x080021dc   0x080021dc   0x00000034   Code   RO         2259    i.HAL_SYSTICK_Config  stm32f4xx_hal_cortex.o
    0x08002210   0x08002210   0x00000002   Code   RO         3358    i.HAL_TIMEx_BreakCallback  stm32f4xx_hal_tim_ex.o
    0x08002212   0x08002212   0x00000002   Code   RO         3359    i.HAL_TIMEx_CommutCallback  stm32f4xx_hal_tim_ex.o
    0x08002214   0x08002214   0x000000b4   Code   RO         3377    i.HAL_TIMEx_MasterConfigSynchronization  stm32f4xx_hal_tim_ex.o
    0x080022c8   0x080022c8   0x00000066   Code   RO         2643    i.HAL_TIM_Base_Init  stm32f4xx_hal_tim.o
    0x0800232e   0x0800232e   0x00000002   PAD
    0x08002330   0x08002330   0x00000084   Code   RO          946    i.HAL_TIM_Base_MspInit  tim.o
    0x080023b4   0x080023b4   0x000000a8   Code   RO         2648    i.HAL_TIM_Base_Start_IT  stm32f4xx_hal_tim.o
    0x0800245c   0x0800245c   0x0000010c   Code   RO         2652    i.HAL_TIM_ConfigClockSource  stm32f4xx_hal_tim.o
    0x08002568   0x08002568   0x00000002   Code   RO         2677    i.HAL_TIM_IC_CaptureCallback  stm32f4xx_hal_tim.o
    0x0800256a   0x0800256a   0x00000196   Code   RO         2691    i.HAL_TIM_IRQHandler  stm32f4xx_hal_tim.o
    0x08002700   0x08002700   0x00000002   Code   RO         2694    i.HAL_TIM_OC_DelayElapsedCallback  stm32f4xx_hal_tim.o
    0x08002702   0x08002702   0x00000002   Code   RO         2721    i.HAL_TIM_PWM_PulseFinishedCallback  stm32f4xx_hal_tim.o
    0x08002704   0x08002704   0x00000778   Code   RO           16    i.HAL_TIM_PeriodElapsedCallback  main_1.o
    0x08002e7c   0x08002e7c   0x00000002   Code   RO         2734    i.HAL_TIM_TriggerCallback  stm32f4xx_hal_tim.o
    0x08002e7e   0x08002e7e   0x00000082   Code   RO         3635    i.HAL_UARTEx_ReceiveToIdle_IT  stm32f4xx_hal_uart.o
    0x08002f00   0x08002f00   0x0000004c   Code   RO           17    i.HAL_UARTEx_RxEventCallback  main_1.o
    0x08002f4c   0x08002f4c   0x00000002   Code   RO         3650    i.HAL_UART_ErrorCallback  stm32f4xx_hal_uart.o
    0x08002f4e   0x08002f4e   0x00000002   PAD
    0x08002f50   0x08002f50   0x000002e0   Code   RO         3653    i.HAL_UART_IRQHandler  stm32f4xx_hal_uart.o
    0x08003230   0x08003230   0x00000072   Code   RO         3654    i.HAL_UART_Init     stm32f4xx_hal_uart.o
    0x080032a2   0x080032a2   0x00000002   PAD
    0x080032a4   0x080032a4   0x000002ec   Code   RO          994    i.HAL_UART_MspInit  usart.o
    0x08003590   0x08003590   0x00000042   Code   RO         3658    i.HAL_UART_Receive_DMA  stm32f4xx_hal_uart.o
    0x080035d2   0x080035d2   0x00000042   Code   RO         3659    i.HAL_UART_Receive_IT  stm32f4xx_hal_uart.o
    0x08003614   0x08003614   0x00000012   Code   RO           18    i.HAL_UART_RxCpltCallback  main_1.o
    0x08003626   0x08003626   0x00000002   Code   RO         3661    i.HAL_UART_RxHalfCpltCallback  stm32f4xx_hal_uart.o
    0x08003628   0x08003628   0x000000ac   Code   RO         3663    i.HAL_UART_Transmit_DMA  stm32f4xx_hal_uart.o
    0x080036d4   0x080036d4   0x00000058   Code   RO         3664    i.HAL_UART_Transmit_IT  stm32f4xx_hal_uart.o
    0x0800372c   0x0800372c   0x00000002   Code   RO         3665    i.HAL_UART_TxCpltCallback  stm32f4xx_hal_uart.o
    0x0800372e   0x0800372e   0x00000002   Code   RO         3666    i.HAL_UART_TxHalfCpltCallback  stm32f4xx_hal_uart.o
    0x08003730   0x08003730   0x00000004   Code   RO         1057    i.HardFault_Handler  stm32f4xx_it.o
    0x08003734   0x08003734   0x00000044   Code   RO          871    i.MX_CAN1_Init      can.o
    0x08003778   0x08003778   0x00000044   Code   RO          872    i.MX_CAN2_Init      can.o
    0x080037bc   0x080037bc   0x00000068   Code   RO          918    i.MX_DMA_Init       dma.o
    0x08003824   0x08003824   0x000000f0   Code   RO          742    i.MX_GPIO_Init      gpio.o
    0x08003914   0x08003914   0x00000070   Code   RO          947    i.MX_TIM5_Init      tim.o
    0x08003984   0x08003984   0x0000004c   Code   RO          948    i.MX_TIM6_Init      tim.o
    0x080039d0   0x080039d0   0x00000038   Code   RO          995    i.MX_USART1_UART_Init  usart.o
    0x08003a08   0x08003a08   0x00000040   Code   RO          996    i.MX_USART3_UART_Init  usart.o
    0x08003a48   0x08003a48   0x00000038   Code   RO          997    i.MX_USART6_UART_Init  usart.o
    0x08003a80   0x08003a80   0x00000004   Code   RO         1058    i.MemManage_Handler  stm32f4xx_it.o
    0x08003a84   0x08003a84   0x00000004   Code   RO         1059    i.NMI_Handler       stm32f4xx_it.o
    0x08003a88   0x08003a88   0x00000002   Code   RO         1060    i.PendSV_Handler    stm32f4xx_it.o
    0x08003a8a   0x08003a8a   0x00000002   Code   RO         1061    i.SVC_Handler       stm32f4xx_it.o
    0x08003a8c   0x08003a8c   0x00000008   Code   RO         1062    i.SysTick_Handler   stm32f4xx_it.o
    0x08003a94   0x08003a94   0x00000014   Code   RO         3993    i.SystemInit        system_stm32f4xx.o
    0x08003aa8   0x08003aa8   0x00000010   Code   RO         1063    i.TIM5_IRQHandler   stm32f4xx_it.o
    0x08003ab8   0x08003ab8   0x00000010   Code   RO         1064    i.TIM6_DAC_IRQHandler  stm32f4xx_it.o
    0x08003ac8   0x08003ac8   0x000000d8   Code   RO         2736    i.TIM_Base_SetConfig  stm32f4xx_hal_tim.o
    0x08003ba0   0x08003ba0   0x00000016   Code   RO         2747    i.TIM_ETR_SetConfig  stm32f4xx_hal_tim.o
    0x08003bb6   0x08003bb6   0x00000012   Code   RO         2748    i.TIM_ITRx_SetConfig  stm32f4xx_hal_tim.o
    0x08003bc8   0x08003bc8   0x00000026   Code   RO         2754    i.TIM_TI1_ConfigInputStage  stm32f4xx_hal_tim.o
    0x08003bee   0x08003bee   0x00000028   Code   RO         2756    i.TIM_TI2_ConfigInputStage  stm32f4xx_hal_tim.o
    0x08003c16   0x08003c16   0x00000014   Code   RO         3667    i.UART_DMAAbortOnError  stm32f4xx_hal_uart.o
    0x08003c2a   0x08003c2a   0x00000050   Code   RO         3668    i.UART_DMAError     stm32f4xx_hal_uart.o
    0x08003c7a   0x08003c7a   0x000000b0   Code   RO         3669    i.UART_DMAReceiveCplt  stm32f4xx_hal_uart.o
    0x08003d2a   0x08003d2a   0x00000020   Code   RO         3671    i.UART_DMARxHalfCplt  stm32f4xx_hal_uart.o
    0x08003d4a   0x08003d4a   0x00000058   Code   RO         3673    i.UART_DMATransmitCplt  stm32f4xx_hal_uart.o
    0x08003da2   0x08003da2   0x0000000e   Code   RO         3675    i.UART_DMATxHalfCplt  stm32f4xx_hal_uart.o
    0x08003db0   0x08003db0   0x0000006c   Code   RO         3677    i.UART_EndRxTransfer  stm32f4xx_hal_uart.o
    0x08003e1c   0x08003e1c   0x00000020   Code   RO         3678    i.UART_EndTransmit_IT  stm32f4xx_hal_uart.o
    0x08003e3c   0x08003e3c   0x00000026   Code   RO         3679    i.UART_EndTxTransfer  stm32f4xx_hal_uart.o
    0x08003e62   0x08003e62   0x000000f8   Code   RO         3680    i.UART_Receive_IT   stm32f4xx_hal_uart.o
    0x08003f5a   0x08003f5a   0x00000002   PAD
    0x08003f5c   0x08003f5c   0x0000022c   Code   RO         3681    i.UART_SetConfig    stm32f4xx_hal_uart.o
    0x08004188   0x08004188   0x000000d0   Code   RO         3682    i.UART_Start_Receive_DMA  stm32f4xx_hal_uart.o
    0x08004258   0x08004258   0x0000004a   Code   RO         3683    i.UART_Start_Receive_IT  stm32f4xx_hal_uart.o
    0x080042a2   0x080042a2   0x00000060   Code   RO         3684    i.UART_Transmit_IT  stm32f4xx_hal_uart.o
    0x08004302   0x08004302   0x00000002   PAD
    0x08004304   0x08004304   0x00000010   Code   RO         1065    i.USART1_IRQHandler  stm32f4xx_it.o
    0x08004314   0x08004314   0x00000010   Code   RO         1066    i.USART3_IRQHandler  stm32f4xx_it.o
    0x08004324   0x08004324   0x00000010   Code   RO         1067    i.USART6_IRQHandler  stm32f4xx_it.o
    0x08004334   0x08004334   0x00000004   Code   RO         1068    i.UsageFault_Handler  stm32f4xx_it.o
    0x08004338   0x08004338   0x0000009c   Code   RO           22    i._Z10set_mcl_ofib  main_1.o
    0x080043d4   0x080043d4   0x00000060   Code   RO           23    i._Z10set_xtl_ofib  main_1.o
    0x08004434   0x08004434   0x0000002c   Code   RO           25    i._Z11RM_Can_Initv  main_1.o
    0x08004460   0x08004460   0x0000002c   Code   RO           26    i._Z11RM_Can_SendP19__CAN_HandleTypeDefjPhj  main_1.o
    0x0800448c   0x0800448c   0x00000018   Code   RO           30    i._Z13Send_3508_CANv  main_1.o
    0x080044a4   0x080044a4   0x0000028c   Code   RO           33    i._Z15darw_graphic_uiv  main_1.o
    0x08004730   0x08004730   0x00000046   Code   RO           34    i._Z16Total_tasks_Initv  main_1.o
    0x08004776   0x08004776   0x00000002   PAD
    0x08004778   0x08004778   0x00000044   Code   RO           35    i._Z18RM_CAN_Filter_Initv  main_1.o
    0x080047bc   0x080047bc   0x000000b0   Code   RO           36    i._Z18SystemClock_Configv  main_1.o
    0x0800486c   0x0800486c   0x0000026c   Code   RO           39    i._Z21Get_Gimbal_to_ChassisP20__UART_HandleTypeDef  main_1.o
    0x08004ad8   0x08004ad8   0x00000036   Code   RO           40    i._Z26GET_Motor_ID_ADDRESS_BIND_P8RM_Motori  main_1.o
    0x08004b0e   0x08004b0e   0x00000002   PAD
    0x08004b10   0x08004b10   0x00000018   Code   RO           41    i._Z26Get_Gimbal_to_Chassis_Initv  main_1.o
    0x08004b28   0x08004b28   0x00000748   Code   RO           42    i._Z27darw_graphic_static_ui_initv  main_1.o
    0x08005270   0x08005270   0x00000010   Code   RO           43    i._Z36set_send_graphic_queue_is_Delete_allv  main_1.o
    0x08005280   0x08005280   0x00000016   Code   RO           44    i._Z6setMSDP17Motor_send_data_tsi  main_1.o
    0x08005296   0x08005296   0x00000002   PAD
    0x08005298   0x08005298   0x0000009c   Code   RO           49    i._Z9set_cm_ofib    main_1.o
    0x08005334   0x08005334   0x00000060   Code   RO           50    i._Z9set_cs_ofih    main_1.o
    0x08005394   0x08005394   0x00000018   Code   RO          484    i._ZN10RM_Clicker4InitEv  main_1.o
    0x080053ac   0x080053ac   0x000000e8   Code   RO          448    i._ZN10RM_Clicker9ParseDataEv  main_1.o
    0x08005494   0x08005494   0x00000290   Code   RO          376    i._ZN12TD_quadratic12td_quadraticEfb  main_1.o
    0x08005724   0x08005724   0x00000010   Code   RO          460    i._ZN12TD_quadraticC1Efffh  main_1.o
    0x08005734   0x08005734   0x00000324   Code   RO          418    i._ZN12WheatWheel_t6UpDataEffff  main_1.o
    0x08005a58   0x08005a58   0x0000005c   Code   RO           53    i._ZN13NonLinear_Fun7Fsg_FunEff  main_1.o
    0x08005ab4   0x08005ab4   0x0000027c   Code   RO           54    i._ZN13NonLinear_Fun8Fhan_FunEffff  main_1.o
    0x08005d30   0x08005d30   0x00000022   Code   RO           55    i._ZN13NonLinear_Fun8Fign_FunEf  main_1.o
    0x08005d52   0x08005d52   0x0000000c   Code   RO          508    i._ZN13RM_StaticTime10UpLastTimeEv  main_1.o
    0x08005d5e   0x08005d5e   0x0000001a   Code   RO          502    i._ZN13RM_StaticTime5ISDirEj  main_1.o
    0x08005d78   0x08005d78   0x00000032   Code   RO          430    i._ZN13RM_StaticTime5ISOneEj  main_1.o
    0x08005daa   0x08005daa   0x00000002   PAD
    0x08005dac   0x08005dac   0x00000090   Code   RO          496    i._ZN14combines_x_x_t12combines_x_xEffff  main_1.o
    0x08005e3c   0x08005e3c   0x000001d4   Code   RO          406    i._ZN15LADRC_quadratic13eso_quadraticEfh  main_1.o
    0x08006010   0x08006010   0x000001b4   Code   RO          400    i._ZN15LADRC_quadratic14sef_controllerEh  main_1.o
    0x080061c4   0x080061c4   0x0000003e   Code   RO          412    i._ZN15LADRC_quadratic7up_dataEffhb  main_1.o
    0x08006202   0x08006202   0x00000062   Code   RO          466    i._ZN15LADRC_quadraticC1E12TD_quadraticffffff  main_1.o
    0x08006264   0x08006264   0x00000038   Code   RO         4095    i._ZN16RM_RefereeSystem19RM_RefereeSystemDirEv  rm_refereesystem.o
    0x0800629c   0x0800629c   0x00000018   Code   RO         4096    i._ZN16RM_RefereeSystem20RM_RefereeSystemInitEv  rm_refereesystem.o
    0x080062b4   0x080062b4   0x00000038   Code   RO         4097    i._ZN16RM_RefereeSystem21RM_RefereeSystemParseEP20__UART_HandleTypeDef  rm_refereesystem.o
    0x080062ec   0x080062ec   0x000000a8   Code   RO         4098    i._ZN16RM_RefereeSystem22RM_RefereeSystemDeleteEcc  rm_refereesystem.o
    0x08006394   0x08006394   0x000000d0   Code   RO         4100    i._ZN16RM_RefereeSystem22RM_RefereeSystemSetStrEPcjS0_jj  rm_refereesystem.o
    0x08006464   0x08006464   0x00000014   Code   RO         4101    i._ZN16RM_RefereeSystem23RM_RefereeSystemClsToopEv  rm_refereesystem.o
    0x08006478   0x08006478   0x00000058   Code   RO         4102    i._ZN16RM_RefereeSystem23RM_RefereeSystemGetDataEh  rm_refereesystem.o
    0x080064d0   0x080064d0   0x000000c0   Code   RO         4103    i._ZN16RM_RefereeSystem23RM_RefereeSystemSendStrENS_29ext_client_custom_character_tE  rm_refereesystem.o
    0x08006590   0x08006590   0x000000b4   Code   RO         4104    i._ZN16RM_RefereeSystem23RM_RefereeSystemSetLineEPcjjjjj  rm_refereesystem.o
    0x08006644   0x08006644   0x0000000c   Code   RO         4106    i._ZN16RM_RefereeSystem24RM_RefereeSystemSetColorEi  rm_refereesystem.o
    0x08006650   0x08006650   0x0000000c   Code   RO         4107    i._ZN16RM_RefereeSystem24RM_RefereeSystemSetWidthEi  rm_refereesystem.o
    0x0800665c   0x0800665c   0x000000e0   Code   RO         4108    i._ZN16RM_RefereeSystem25RM_RefereeSystemParseDataEPhi  rm_refereesystem.o
    0x0800673c   0x0800673c   0x0000011c   Code   RO         4110    i._ZN16RM_RefereeSystem25RM_RefereeSystemSendDataNEPKNS_21graphic_data_struct_tEi  rm_refereesystem.o
    0x08006858   0x08006858   0x000000a8   Code   RO         4111    i._ZN16RM_RefereeSystem25RM_RefereeSystemSetCircleEPcjjjj  rm_refereesystem.o
    0x08006900   0x08006900   0x0000008c   Code   RO         4113    i._ZN16RM_RefereeSystem26RM_RefereeSystemGetRobotIdEv  rm_refereesystem.o
    0x0800698c   0x0800698c   0x000000b4   Code   RO         4115    i._ZN16RM_RefereeSystem28RM_RefereeSystemSetRectangleEPcjjjjj  rm_refereesystem.o
    0x08006a40   0x08006a40   0x0000000c   Code   RO         4116    i._ZN16RM_RefereeSystem29RM_RefereeSystemSetStringSizeEi  rm_refereesystem.o
    0x08006a4c   0x08006a4c   0x0000000c   Code   RO         4117    i._ZN16RM_RefereeSystem30RM_RefereeSystemSetOperateTpyeEi  rm_refereesystem.o
    0x08006a58   0x08006a58   0x00000036   Code   RO          388    i._ZN18SEND_GRAPHIC_QUEUE3addEN16RM_RefereeSystem21graphic_data_struct_tE  main_1.o
    0x08006a8e   0x08006a8e   0x00000002   PAD
    0x08006a90   0x08006a90   0x000000d8   Code   RO          454    i._ZN18SEND_GRAPHIC_QUEUE4sendEv  main_1.o
    0x08006b68   0x08006b68   0x0000003e   Code   RO          394    i._ZN18SEND_GRAPHIC_QUEUE6add_wzEN16RM_RefereeSystem29ext_client_custom_character_tE  main_1.o
    0x08006ba6   0x08006ba6   0x00000002   PAD
    0x08006ba8   0x08006ba8   0x00000098   Code   RO          514    i._ZN18SEND_GRAPHIC_QUEUE7send_wzEv  main_1.o
    0x08006c40   0x08006c40   0x00000024   Code   RO         4026    i._ZN19RM_RefereeSystemCRC18Get_CRC8_Check_SumEPhjh  rm_refereesystemcrc.o
    0x08006c64   0x08006c64   0x00000034   Code   RO         4027    i._ZN19RM_RefereeSystemCRC19Get_CRC16_Check_SumEPhjt  rm_refereesystemcrc.o
    0x08006c98   0x08006c98   0x00000024   Code   RO         4028    i._ZN19RM_RefereeSystemCRC21Append_CRC8_Check_SumEPhj  rm_refereesystemcrc.o
    0x08006cbc   0x08006cbc   0x0000002e   Code   RO         4029    i._ZN19RM_RefereeSystemCRC21Verify_CRC8_Check_SumEPhj  rm_refereesystemcrc.o
    0x08006cea   0x08006cea   0x00000002   PAD
    0x08006cec   0x08006cec   0x00000030   Code   RO         4030    i._ZN19RM_RefereeSystemCRC22Append_CRC16_Check_SumEPhj  rm_refereesystemcrc.o
    0x08006d1c   0x08006d1c   0x00000040   Code   RO         4031    i._ZN19RM_RefereeSystemCRC22Verify_CRC16_Check_SumEPhj  rm_refereesystemcrc.o
    0x08006d5c   0x08006d5c   0x00000026   Code   RO          424    i._ZN6RM_Key5UpKeyEb  main_1.o
    0x08006d82   0x08006d82   0x00000002   PAD
    0x08006d84   0x08006d84   0x00000038   Code   RO          472    i._ZN6RM_PIDC1Ev    main_1.o
    0x08006dbc   0x08006dbc   0x000000f4   Code   RO           57    i._ZN7RM_PM0111PM01SendFunEv  main_1.o
    0x08006eb0   0x08006eb0   0x0000003c   Code   RO           58    i._ZN7RM_PM0112PM01SendDataEjt  main_1.o
    0x08006eec   0x08006eec   0x00000030   Code   RO           59    i._ZN7RM_PM0114PM01SendRemoteEj  main_1.o
    0x08006f1c   0x08006f1c   0x00000014   Code   RO           60    i._ZN7RM_PM018PM01InitEv  main_1.o
    0x08006f30   0x08006f30   0x00000148   Code   RO           61    i._ZN7RM_PM019PM01ParseE19CAN_RxHeaderTypeDefPh  main_1.o
    0x08007078   0x08007078   0x00000022   Code   RO          490    i._ZN8RM_Motor17GetMotorDataSpeedEs  main_1.o
    0x0800709a   0x0800709a   0x0000024a   Code   RO          442    i._ZN8RM_Motor5ParseE19CAN_RxHeaderTypeDefPh  main_1.o
    0x080072e4   0x080072e4   0x00000084   Code   RO           62    i._ZN8RM_MotorC1EshP7Motor_tPh  main_1.o
    0x08007368   0x08007368   0x0000000a   Code   RO          478    i._ZSt4fabsf        main_1.o
    0x08007372   0x08007372   0x00000030   Code   RO         4603    i.__ARM_fpclassify  m_wm.l(fpclassify.o)
    0x080073a2   0x080073a2   0x00000026   Code   RO         4605    i.__ARM_fpclassifyf  m_wm.l(fpclassifyf.o)
    0x080073c8   0x080073c8   0x00000010   Code   RO         2261    i.__NVIC_GetPriorityGrouping  stm32f4xx_hal_cortex.o
    0x080073d8   0x080073d8   0x00000028   Code   RO         2262    i.__NVIC_SetPriority  stm32f4xx_hal_cortex.o
    0x08007400   0x08007400   0x00000024   Code   RO         4403    i.__aeabi_vec_ctor_nocookie_nodtor  cpprt_w.l(aeabi_vec_ctor_nocookie_nodtor.o)
    0x08007424   0x08007424   0x00000004   PAD
    0x08007428   0x08007428   0x00000360   Code   RO         4446    i.__hardfp_asin     m_wm.l(asin.o)
    0x08007788   0x08007788   0x00000150   Code   RO         4460    i.__hardfp_cosf     m_wm.l(cosf.o)
    0x080078d8   0x080078d8   0x00000190   Code   RO         4490    i.__hardfp_sinf     m_wm.l(sinf.o)
    0x08007a68   0x08007a68   0x0000003a   Code   RO         4502    i.__hardfp_sqrtf    m_wm.l(sqrtf.o)
    0x08007aa2   0x08007aa2   0x000000f8   Code   RO         4621    i.__kernel_poly     m_wm.l(poly.o)
    0x08007b9a   0x08007b9a   0x00000014   Code   RO         4590    i.__mathlib_dbl_infnan  m_wm.l(dunder.o)
    0x08007bae   0x08007bae   0x00000002   PAD
    0x08007bb0   0x08007bb0   0x00000020   Code   RO         4592    i.__mathlib_dbl_invalid  m_wm.l(dunder.o)
    0x08007bd0   0x08007bd0   0x00000020   Code   RO         4595    i.__mathlib_dbl_underflow  m_wm.l(dunder.o)
    0x08007bf0   0x08007bf0   0x00000006   Code   RO         4608    i.__mathlib_flt_infnan  m_wm.l(funder.o)
    0x08007bf6   0x08007bf6   0x00000002   PAD
    0x08007bf8   0x08007bf8   0x00000010   Code   RO         4610    i.__mathlib_flt_invalid  m_wm.l(funder.o)
    0x08007c08   0x08007c08   0x00000010   Code   RO         4613    i.__mathlib_flt_underflow  m_wm.l(funder.o)
    0x08007c18   0x08007c18   0x00000154   Code   RO         4623    i.__mathlib_rredf2  m_wm.l(rredf.o)
    0x08007d6c   0x08007d6c   0x00000300   Code   RO           63    i.__sti___8_main_cpp_58d84705  main_1.o
    0x0800806c   0x0800806c   0x00000018   Code   RO         4474    i.fabs              m_wm.l(fabs.o)
    0x08008084   0x08008084   0x000001b4   Code   RO           64    i.main              main_1.o
    0x08008238   0x08008238   0x0000006e   Code   RO         4628    i.sqrt              m_wm.l(sqrt.o)
    0x080082a6   0x080082a6   0x00000018   Code   RO         4406    x$fpl$basic         fz_wm.l(basic.o)
    0x080082be   0x080082be   0x00000002   PAD
    0x080082c0   0x080082c0   0x00000062   Code   RO         4408    x$fpl$d2f           fz_wm.l(d2f.o)
    0x08008322   0x08008322   0x00000002   PAD
    0x08008324   0x08008324   0x00000150   Code   RO         4410    x$fpl$dadd          fz_wm.l(daddsub_clz.o)
    0x08008474   0x08008474   0x000002b0   Code   RO         4417    x$fpl$ddiv          fz_wm.l(ddiv.o)
    0x08008724   0x08008724   0x0000005e   Code   RO         4422    x$fpl$dfix          fz_wm.l(dfix.o)
    0x08008782   0x08008782   0x00000002   PAD
    0x08008784   0x08008784   0x0000005a   Code   RO         4426    x$fpl$dfixu         fz_wm.l(dfixu.o)
    0x080087de   0x080087de   0x0000002e   Code   RO         4431    x$fpl$dflt          fz_wm.l(dflt_clz.o)
    0x0800880c   0x0800880c   0x00000026   Code   RO         4430    x$fpl$dfltu         fz_wm.l(dflt_clz.o)
    0x08008832   0x08008832   0x00000002   PAD
    0x08008834   0x08008834   0x00000154   Code   RO         4438    x$fpl$dmul          fz_wm.l(dmul.o)
    0x08008988   0x08008988   0x0000009c   Code   RO         4578    x$fpl$dnaninf       fz_wm.l(dnaninf.o)
    0x08008a24   0x08008a24   0x0000000c   Code   RO         4582    x$fpl$dretinf       fz_wm.l(dretinf.o)
    0x08008a30   0x08008a30   0x00000016   Code   RO         4411    x$fpl$drsb          fz_wm.l(daddsub_clz.o)
    0x08008a46   0x08008a46   0x00000002   PAD
    0x08008a48   0x08008a48   0x00000198   Code   RO         4704    x$fpl$dsqrt         fz_wm.l(dsqrt_umaal.o)
    0x08008be0   0x08008be0   0x000001d4   Code   RO         4412    x$fpl$dsub          fz_wm.l(daddsub_clz.o)
    0x08008db4   0x08008db4   0x00000056   Code   RO         4442    x$fpl$f2d           fz_wm.l(f2d.o)
    0x08008e0a   0x08008e0a   0x0000008c   Code   RO         4584    x$fpl$fnaninf       fz_wm.l(fnaninf.o)
    0x08008e96   0x08008e96   0x0000000a   Code   RO         4706    x$fpl$fpinit        fz_wm.l(fpinit.o)
    0x08008ea0   0x08008ea0   0x0000000a   Code   RO         4586    x$fpl$fretinf       fz_wm.l(fretinf.o)
    0x08008eaa   0x08008eaa   0x00000000   Code   RO         4588    x$fpl$usenofp       fz_wm.l(usenofp.o)
    0x08008eaa   0x08008eaa   0x00000006   PAD
    0x08008eb0   0x08008eb0   0x000002a8   Data   RO          118    .constdata          main_1.o
    0x08009158   0x08009158   0x00000008   Data   RO         1978    .constdata          stm32f4xx_hal_dma.o
    0x08009160   0x08009160   0x00000018   Data   RO         3994    .constdata          system_stm32f4xx.o
    0x08009178   0x08009178   0x00000300   Data   RO         4038    .constdata          rm_refereesystemcrc.o
    0x08009478   0x08009478   0x00000050   Data   RO         4449    .constdata          m_wm.l(asin.o)
    0x080094c8   0x080094c8   0x00000020   Data   RO         4624    .constdata          m_wm.l(rredf.o)
    0x080094e8   0x080094e8   0x00000020   Data   RO         4927    Region$$Table       anon$$obj.o
    0x08009508   0x08009508   0x00000004   Data   RO          120    .init_array         main_1.o
    0x0800950c   0x08009508   0x00000000   Data   RO         4398    .init_array         c_w.l(init_aeabi.o)


    Execution Region RW_IRAM2 (Exec base: 0x10000000, Load base: 0x08009548, Size: 0x00000000, Max: 0x00010000, ABSOLUTE)

    **** No section assigned to this execution region ****


    Execution Region RW_IRAM1 (Exec base: 0x20000000, Load base: 0x0800950c, Size: 0x00002a08, Max: 0x00020000, ABSOLUTE, COMPRESSED[0x0000003c])

    Exec Addr    Load Addr    Size         Type   Attr      Idx    E Section Name        Object

    0x20000000   COMPRESSED   0x000000e5   Data   RW          119    .data               main_1.o
    0x200000e5   COMPRESSED   0x00000003   PAD
    0x200000e8   COMPRESSED   0x00000004   Data   RW          874    .data               can.o
    0x200000ec   COMPRESSED   0x00000009   Data   RW         2410    .data               stm32f4xx_hal.o
    0x200000f5   COMPRESSED   0x00000003   PAD
    0x200000f8   COMPRESSED   0x00000004   Data   RW         3995    .data               system_stm32f4xx.o
    0x200000fc   COMPRESSED   0x00000002   Data   RW         4039    .data               rm_refereesystemcrc.o
    0x200000fe   COMPRESSED   0x00000002   PAD
    0x20000100   COMPRESSED   0x00000038   Data   RW         4144    .data               rm_refereesystem.o
    0x20000138        -       0x00001cea   Zero   RW          117    .bss                main_1.o
    0x20001e22   COMPRESSED   0x00000002   PAD
    0x20001e24        -       0x00000050   Zero   RW          873    .bss                can.o
    0x20001e74        -       0x00000090   Zero   RW          949    .bss                tim.o
    0x20001f04        -       0x0000024c   Zero   RW          998    .bss                usart.o
    0x20002150        -       0x00000258   Zero   RW         4143    .bss                rm_refereesystem.o
    0x200023a8        -       0x00000060   Zero   RW         4711    .bss                c_w.l(libspace.o)
    0x20002408        -       0x00000200   Zero   RW            2    HEAP                startup_stm32f407xx.o
    0x20002608        -       0x00000400   Zero   RW            1    STACK               startup_stm32f407xx.o


==============================================================================

Image component sizes


      Code (inc. data)   RO Data    RW Data    ZI Data      Debug   Object Name

       520         44          0          4         80       2754   can.o
       104          4          0          0          0        906   dma.o
       240          8          0          0          0     702427   gpio.o
     13420       1180        684        229       7402     764596   main_1.o
      2036        174          0         56        600     603402   rm_refereesystem.o
       282         20        768          2          0       6708   rm_refereesystemcrc.o
        64         26        392          0       1536        900   startup_stm32f407xx.o
       212         36          0          9          0       9873   stm32f4xx_hal.o
      2134          6          0          0          0      15499   stm32f4xx_hal_can.o
       304         22          0          0          0      34871   stm32f4xx_hal_cortex.o
      1436         16          8          0          0       7566   stm32f4xx_hal_dma.o
       512         46          0          0          0       2288   stm32f4xx_hal_gpio.o
        72          4          0          0          0        974   stm32f4xx_hal_msp.o
      1820         84          0          0          0       6040   stm32f4xx_hal_rcc.o
      1286         76          0          0          0      10507   stm32f4xx_hal_tim.o
       184         30          0          0          0       2733   stm32f4xx_hal_tim_ex.o
      3150         38          0          0          0      21064   stm32f4xx_hal_uart.o
       242         78          0          0          0      12026   stm32f4xx_it.o
        20          6         24          4          0       1307   system_stm32f4xx.o
       320         32          0          0        144       2615   tim.o
       924         86          0          0        588       3836   usart.o

    ----------------------------------------------------------------------
     29318       2016       1908        312      10352    2212892   Object Totals
         0          0         32          0          0          0   (incl. Generated)
        36          0          0          8          2          0   (incl. Padding)

    ----------------------------------------------------------------------

      Code (inc. data)   RO Data    RW Data    ZI Data      Debug   Library Member Name

        90          0          0          0          0          0   __dczerorl2.o
         8          0          0          0          0         68   __main.o
         0          0          0          0          0          0   __rtentry.o
        12          0          0          0          0          0   __rtentry2.o
         6          0          0          0          0          0   __rtentry4.o
        52          8          0          0          0          0   __scatter.o
        28          0          0          0          0          0   __scatter_zi.o
        22          0          0          0          0        100   _rserrno.o
        18          0          0          0          0         80   exit.o
         6          0          0          0          0        152   heapauxi.o
         0          0          0          0          0          0   indicate_semi.o
        36         10          0          0          0         80   init_aeabi.o
         2          0          0          0          0          0   libinit.o
        10          0          0          0          0          0   libinit2.o
         2          0          0          0          0          0   libshutdown.o
         2          0          0          0          0          0   libshutdown2.o
         8          4          0          0         96         68   libspace.o
       238          0          0          0          0        100   lludivv7m.o
         8          4          0          0          0         68   rt_errno_addr_intlibspace.o
        68          0          0          0          0         68   rt_memclr.o
        78          0          0          0          0         80   rt_memclr_w.o
       138          0          0          0          0         68   rt_memcpy_v6.o
       100          0          0          0          0         80   rt_memcpy_w.o
         2          0          0          0          0          0   rtexit.o
        10          0          0          0          0          0   rtexit2.o
        62          0          0          0          0         76   strlen.o
        12          4          0          0          0         68   sys_exit.o
        74          0          0          0          0         80   sys_stackheap_outer.o
         2          0          0          0          0         68   use_no_semi.o
        36          0          0          0          0         84   aeabi_vec_ctor_nocookie_nodtor.o
        24          0          0          0          0        164   basic.o
        98          4          0          0          0        140   d2f.o
       826         16          0          0          0        492   daddsub_clz.o
       688        140          0          0          0        256   ddiv.o
        94          4          0          0          0        140   dfix.o
        90          4          0          0          0        140   dfixu.o
        84          0          0          0          0        232   dflt_clz.o
       340         12          0          0          0        152   dmul.o
       156          4          0          0          0        140   dnaninf.o
        12          0          0          0          0        116   dretinf.o
       408         56          0          0          0        168   dsqrt_umaal.o
        86          4          0          0          0        132   f2d.o
       140          4          0          0          0        132   fnaninf.o
        10          0          0          0          0        116   fpinit.o
        10          0          0          0          0        116   fretinf.o
         0          0          0          0          0          0   usenofp.o
       864         94         80          0          0        280   asin.o
       336         56          0          0          0        136   cosf.o
        84         16          0          0          0        372   dunder.o
        24          0          0          0          0        124   fabs.o
        48          0          0          0          0        124   fpclassify.o
        38          0          0          0          0        116   fpclassifyf.o
        38         12          0          0          0        348   funder.o
       248          0          0          0          0        152   poly.o
       340         24         32          0          0        160   rredf.o
       400         56          0          0          0        212   sinf.o
       110          0          0          0          0        148   sqrt.o
        58          0          0          0          0        136   sqrtf.o

    ----------------------------------------------------------------------
      6818        536        112          0         96       6332   Library Totals
        34          0          0          0          0          0   (incl. Padding)

    ----------------------------------------------------------------------

      Code (inc. data)   RO Data    RW Data    ZI Data      Debug   Library Name

      1094         30          0          0         96       1304   c_w.l
        36          0          0          0          0         84   cpprt_w.l
      3066        248          0          0          0       2636   fz_wm.l
      2588        258        112          0          0       2308   m_wm.l

    ----------------------------------------------------------------------
      6818        536        112          0         96       6332   Library Totals

    ----------------------------------------------------------------------

==============================================================================


      Code (inc. data)   RO Data    RW Data    ZI Data      Debug   

     36136       2552       2020        312      10448    2195848   Grand Totals
     36136       2552       2020         60      10448    2195848   ELF Image Totals (compressed)
     36136       2552       2020         60          0          0   ROM Totals

==============================================================================

    Total RO  Size (Code + RO Data)                38156 (  37.26kB)
    Total RW  Size (RW Data + ZI Data)             10760 (  10.51kB)
    Total ROM Size (Code + RO Data + RW Data)      38216 (  37.32kB)

==============================================================================

